BL51 BANKED LINKER/LOCATER V6.22                                                        08/21/2015  08:50:29  PAGE 1


BL51 BANKED LINKER/LOCATER V6.22, INVOKED BY:
D:\PROGRAM FILES (X86)\KEIL\C51\BIN\BL51.EXE .\bulkloop.obj, .\fw.obj, .\dscr.obj, ..\lib\EZUSB.LIB, ..\lib\USBJmpTb.OBJ
>>  TO bulkloop RAMSIZE (256) CODE (0X80-0X0FFF) XDATA (0X1000)


MEMORY MODEL: SMALL


INPUT MODULES INCLUDED:
  .\bulkloop.obj (BULKLOOP)
  .\fw.obj (FW)
  .\dscr.obj (DSCR)
  ..\lib\EZUSB.LIB (RESUME)
  ..\lib\EZUSB.LIB (DISCON)
  ..\lib\EZUSB.LIB (EZREGS)
  ..\lib\EZUSB.LIB (I2C)
  ..\lib\EZUSB.LIB (GET_STRD)
  ..\lib\EZUSB.LIB (SUSP)
  ..\lib\EZUSB.LIB (DELAY)
  ..\lib\EZUSB.LIB (DELAY1MS)
  ..\lib\USBJmpTb.OBJ (USBJMPTBL)
  D:\PROGRAM FILES (X86)\KEIL\C51\LIB\C51S.LIB (?C_STARTUP)
  D:\PROGRAM FILES (X86)\KEIL\C51\LIB\C51S.LIB (?C?CLDOPTR)
  D:\PROGRAM FILES (X86)\KEIL\C51\LIB\C51S.LIB (?C?CSTOPTR)
  D:\PROGRAM FILES (X86)\KEIL\C51\LIB\C51S.LIB (?C?ULCMP)
  D:\PROGRAM FILES (X86)\KEIL\C51\LIB\C51S.LIB (?C_INIT)


LINK MAP OF MODULE:  bulkloop (BULKLOOP)


            TYPE    BASE      LENGTH    RELOCATION   SEGMENT NAME
            -----------------------------------------------------

            * * * * * * *   D A T A   M E M O R Y   * * * * * * *
            REG     0000H     0008H     ABSOLUTE     "REG BANK 0"
            DATA    0008H     0015H     UNIT         _DATA_GROUP_
                    001DH     0003H                  *** GAP ***
            BIT     0020H.0   0000H.4   UNIT         ?BI?FW
            BIT     0020H.4   0000H.1   UNIT         _BIT_GROUP_
                    0020H.5   0000H.3                *** GAP ***
            DATA    0021H     000EH     UNIT         ?DT?FW
            DATA    002FH     0008H     UNIT         ?DT?BULKLOOP
            DATA    0037H     0006H     UNIT         ?DT?I2C
            IDATA   003DH     0001H     UNIT         ?STACK

            * * * * * * *  X D A T A   M E M O R Y  * * * * * * *
                    0000H     1000H                  *** GAP ***
            XDATA   1000H     0010H     UNIT         ?XD?BULKLOOP
                    1010H     6FF0H                  *** GAP ***
            XDATA   8000H     0001H     ABSOLUTE     
                    8001H     07FFH                  *** GAP ***
            XDATA   8800H     0001H     ABSOLUTE     
                    8801H     07FFH                  *** GAP ***
            XDATA   9000H     0001H     ABSOLUTE     
                    9001H     07FFH                  *** GAP ***
            XDATA   9800H     0001H     ABSOLUTE     
                    9801H     07FFH                  *** GAP ***
BL51 BANKED LINKER/LOCATER V6.22                                                      08/21/2015  08:50:29  PAGE 2


            XDATA   A000H     0001H     ABSOLUTE     
                    A001H     07FFH                  *** GAP ***
            XDATA   A800H     0001H     ABSOLUTE     
                    A801H     07FFH                  *** GAP ***
            XDATA   B000H     0001H     ABSOLUTE     
                    B001H     07FFH                  *** GAP ***
            XDATA   B800H     0001H     ABSOLUTE     
                    B801H     2BFFH                  *** GAP ***
            XDATA   E400H     0001H     ABSOLUTE     
                    E401H     007FH                  *** GAP ***
            XDATA   E480H     0001H     ABSOLUTE     
                    E481H     008CH                  *** GAP ***
            XDATA   E50DH     0001H     ABSOLUTE     
                    E50EH     00F2H                  *** GAP ***
            XDATA   E600H     0001H     ABSOLUTE     
            XDATA   E601H     0001H     ABSOLUTE     
            XDATA   E602H     0001H     ABSOLUTE     
            XDATA   E603H     0001H     ABSOLUTE     
            XDATA   E604H     0001H     ABSOLUTE     
            XDATA   E605H     0001H     ABSOLUTE     
            XDATA   E606H     0001H     ABSOLUTE     
            XDATA   E607H     0001H     ABSOLUTE     
            XDATA   E608H     0001H     ABSOLUTE     
            XDATA   E609H     0001H     ABSOLUTE     
            XDATA   E60AH     0001H     ABSOLUTE     
            XDATA   E60BH     0001H     ABSOLUTE     
            XDATA   E60CH     0001H     ABSOLUTE     
                    E60DH     0003H                  *** GAP ***
            XDATA   E610H     0001H     ABSOLUTE     
            XDATA   E611H     0001H     ABSOLUTE     
            XDATA   E612H     0001H     ABSOLUTE     
            XDATA   E613H     0001H     ABSOLUTE     
            XDATA   E614H     0001H     ABSOLUTE     
            XDATA   E615H     0001H     ABSOLUTE     
                    E616H     0002H                  *** GAP ***
            XDATA   E618H     0001H     ABSOLUTE     
            XDATA   E619H     0001H     ABSOLUTE     
            XDATA   E61AH     0001H     ABSOLUTE     
            XDATA   E61BH     0001H     ABSOLUTE     
                    E61CH     0004H                  *** GAP ***
            XDATA   E620H     0001H     ABSOLUTE     
            XDATA   E621H     0001H     ABSOLUTE     
            XDATA   E622H     0001H     ABSOLUTE     
            XDATA   E623H     0001H     ABSOLUTE     
            XDATA   E624H     0001H     ABSOLUTE     
            XDATA   E625H     0001H     ABSOLUTE     
            XDATA   E626H     0001H     ABSOLUTE     
            XDATA   E627H     0001H     ABSOLUTE     
            XDATA   E628H     0001H     ABSOLUTE     
            XDATA   E629H     0001H     ABSOLUTE     
            XDATA   E62AH     0001H     ABSOLUTE     
            XDATA   E62BH     0001H     ABSOLUTE     
            XDATA   E62CH     0001H     ABSOLUTE     
            XDATA   E62DH     0001H     ABSOLUTE     
            XDATA   E62EH     0001H     ABSOLUTE     
            XDATA   E62FH     0001H     ABSOLUTE     
            XDATA   E630H     0001H     ABSOLUTE     
BL51 BANKED LINKER/LOCATER V6.22                                                      08/21/2015  08:50:29  PAGE 3


            XDATA   E631H     0001H     ABSOLUTE     
            XDATA   E632H     0001H     ABSOLUTE     
            XDATA   E633H     0001H     ABSOLUTE     
            XDATA   E634H     0001H     ABSOLUTE     
            XDATA   E635H     0001H     ABSOLUTE     
            XDATA   E636H     0001H     ABSOLUTE     
            XDATA   E637H     0001H     ABSOLUTE     
                    E638H     0008H                  *** GAP ***
            XDATA   E640H     0001H     ABSOLUTE     
            XDATA   E641H     0001H     ABSOLUTE     
            XDATA   E642H     0001H     ABSOLUTE     
            XDATA   E643H     0001H     ABSOLUTE     
                    E644H     0004H                  *** GAP ***
            XDATA   E648H     0001H     ABSOLUTE     
            XDATA   E649H     0001H     ABSOLUTE     
                    E64AH     0006H                  *** GAP ***
            XDATA   E650H     0001H     ABSOLUTE     
            XDATA   E651H     0001H     ABSOLUTE     
            XDATA   E652H     0001H     ABSOLUTE     
            XDATA   E653H     0001H     ABSOLUTE     
            XDATA   E654H     0001H     ABSOLUTE     
            XDATA   E655H     0001H     ABSOLUTE     
            XDATA   E656H     0001H     ABSOLUTE     
            XDATA   E657H     0001H     ABSOLUTE     
            XDATA   E658H     0001H     ABSOLUTE     
            XDATA   E659H     0001H     ABSOLUTE     
            XDATA   E65AH     0001H     ABSOLUTE     
            XDATA   E65BH     0001H     ABSOLUTE     
            XDATA   E65CH     0001H     ABSOLUTE     
            XDATA   E65DH     0001H     ABSOLUTE     
            XDATA   E65EH     0001H     ABSOLUTE     
            XDATA   E65FH     0001H     ABSOLUTE     
            XDATA   E660H     0001H     ABSOLUTE     
            XDATA   E661H     0001H     ABSOLUTE     
            XDATA   E662H     0001H     ABSOLUTE     
            XDATA   E663H     0001H     ABSOLUTE     
            XDATA   E664H     0001H     ABSOLUTE     
            XDATA   E665H     0001H     ABSOLUTE     
            XDATA   E666H     0001H     ABSOLUTE     
            XDATA   E667H     0001H     ABSOLUTE     
            XDATA   E668H     0001H     ABSOLUTE     
                    E669H     0007H                  *** GAP ***
            XDATA   E670H     0001H     ABSOLUTE     
            XDATA   E671H     0001H     ABSOLUTE     
            XDATA   E672H     0001H     ABSOLUTE     
                    E673H     0005H                  *** GAP ***
            XDATA   E678H     0001H     ABSOLUTE     
            XDATA   E679H     0001H     ABSOLUTE     
            XDATA   E67AH     0001H     ABSOLUTE     
            XDATA   E67BH     0001H     ABSOLUTE     
            XDATA   E67CH     0001H     ABSOLUTE     
            XDATA   E67DH     0001H     ABSOLUTE     
            XDATA   E67EH     0001H     ABSOLUTE     
            XDATA   E67FH     0001H     ABSOLUTE     
            XDATA   E680H     0001H     ABSOLUTE     
            XDATA   E681H     0001H     ABSOLUTE     
            XDATA   E682H     0001H     ABSOLUTE     
BL51 BANKED LINKER/LOCATER V6.22                                                      08/21/2015  08:50:29  PAGE 4


            XDATA   E683H     0001H     ABSOLUTE     
            XDATA   E684H     0001H     ABSOLUTE     
            XDATA   E685H     0001H     ABSOLUTE     
            XDATA   E686H     0001H     ABSOLUTE     
            XDATA   E687H     0001H     ABSOLUTE     
                    E688H     0002H                  *** GAP ***
            XDATA   E68AH     0001H     ABSOLUTE     
            XDATA   E68BH     0001H     ABSOLUTE     
                    E68CH     0001H                  *** GAP ***
            XDATA   E68DH     0001H     ABSOLUTE     
                    E68EH     0001H                  *** GAP ***
            XDATA   E68FH     0001H     ABSOLUTE     
            XDATA   E690H     0001H     ABSOLUTE     
            XDATA   E691H     0001H     ABSOLUTE     
                    E692H     0002H                  *** GAP ***
            XDATA   E694H     0001H     ABSOLUTE     
            XDATA   E695H     0001H     ABSOLUTE     
                    E696H     0002H                  *** GAP ***
            XDATA   E698H     0001H     ABSOLUTE     
            XDATA   E699H     0001H     ABSOLUTE     
                    E69AH     0002H                  *** GAP ***
            XDATA   E69CH     0001H     ABSOLUTE     
            XDATA   E69DH     0001H     ABSOLUTE     
                    E69EH     0002H                  *** GAP ***
            XDATA   E6A0H     0001H     ABSOLUTE     
            XDATA   E6A1H     0001H     ABSOLUTE     
            XDATA   E6A2H     0001H     ABSOLUTE     
            XDATA   E6A3H     0001H     ABSOLUTE     
            XDATA   E6A4H     0001H     ABSOLUTE     
            XDATA   E6A5H     0001H     ABSOLUTE     
            XDATA   E6A6H     0001H     ABSOLUTE     
            XDATA   E6A7H     0001H     ABSOLUTE     
            XDATA   E6A8H     0001H     ABSOLUTE     
            XDATA   E6A9H     0001H     ABSOLUTE     
            XDATA   E6AAH     0001H     ABSOLUTE     
            XDATA   E6ABH     0001H     ABSOLUTE     
            XDATA   E6ACH     0001H     ABSOLUTE     
            XDATA   E6ADH     0001H     ABSOLUTE     
            XDATA   E6AEH     0001H     ABSOLUTE     
            XDATA   E6AFH     0001H     ABSOLUTE     
            XDATA   E6B0H     0001H     ABSOLUTE     
            XDATA   E6B1H     0001H     ABSOLUTE     
            XDATA   E6B2H     0001H     ABSOLUTE     
            XDATA   E6B3H     0001H     ABSOLUTE     
            XDATA   E6B4H     0001H     ABSOLUTE     
            XDATA   E6B5H     0001H     ABSOLUTE     
                    E6B6H     0002H                  *** GAP ***
            XDATA   E6B8H     0008H     ABSOLUTE     
            XDATA   E6C0H     0001H     ABSOLUTE     
            XDATA   E6C1H     0001H     ABSOLUTE     
            XDATA   E6C2H     0001H     ABSOLUTE     
            XDATA   E6C3H     0001H     ABSOLUTE     
            XDATA   E6C4H     0001H     ABSOLUTE     
            XDATA   E6C5H     0001H     ABSOLUTE     
            XDATA   E6C6H     0001H     ABSOLUTE     
            XDATA   E6C7H     0001H     ABSOLUTE     
            XDATA   E6C8H     0001H     ABSOLUTE     
BL51 BANKED LINKER/LOCATER V6.22                                                      08/21/2015  08:50:29  PAGE 5


            XDATA   E6C9H     0001H     ABSOLUTE     
            XDATA   E6CAH     0001H     ABSOLUTE     
            XDATA   E6CBH     0001H     ABSOLUTE     
            XDATA   E6CCH     0001H     ABSOLUTE     
            XDATA   E6CDH     0001H     ABSOLUTE     
            XDATA   E6CEH     0001H     ABSOLUTE     
            XDATA   E6CFH     0001H     ABSOLUTE     
            XDATA   E6D0H     0001H     ABSOLUTE     
            XDATA   E6D1H     0001H     ABSOLUTE     
            XDATA   E6D2H     0001H     ABSOLUTE     
            XDATA   E6D3H     0001H     ABSOLUTE     
            XDATA   E6D4H     0001H     ABSOLUTE     
                    E6D5H     0005H                  *** GAP ***
            XDATA   E6DAH     0001H     ABSOLUTE     
            XDATA   E6DBH     0001H     ABSOLUTE     
            XDATA   E6DCH     0001H     ABSOLUTE     
                    E6DDH     0005H                  *** GAP ***
            XDATA   E6E2H     0001H     ABSOLUTE     
            XDATA   E6E3H     0001H     ABSOLUTE     
            XDATA   E6E4H     0001H     ABSOLUTE     
                    E6E5H     0005H                  *** GAP ***
            XDATA   E6EAH     0001H     ABSOLUTE     
            XDATA   E6EBH     0001H     ABSOLUTE     
            XDATA   E6ECH     0001H     ABSOLUTE     
                    E6EDH     0003H                  *** GAP ***
            XDATA   E6F0H     0001H     ABSOLUTE     
            XDATA   E6F1H     0001H     ABSOLUTE     
            XDATA   E6F2H     0001H     ABSOLUTE     
            XDATA   E6F3H     0001H     ABSOLUTE     
            XDATA   E6F4H     0001H     ABSOLUTE     
            XDATA   E6F5H     0001H     ABSOLUTE     
                    E6F6H     0002H                  *** GAP ***
            XDATA   E6F8H     0001H     ABSOLUTE     
            XDATA   E6F9H     0001H     ABSOLUTE     
            XDATA   E6FAH     0001H     ABSOLUTE     
            XDATA   E6FBH     0001H     ABSOLUTE     
            XDATA   E6FCH     0001H     ABSOLUTE     
            XDATA   E6FDH     0001H     ABSOLUTE     
            XDATA   E6FEH     0001H     ABSOLUTE     
                    E6FFH     0041H                  *** GAP ***
            XDATA   E740H     0040H     ABSOLUTE     
            XDATA   E780H     0040H     ABSOLUTE     
            XDATA   E7C0H     0040H     ABSOLUTE     
                    E800H     0800H                  *** GAP ***
            XDATA   F000H     0400H     ABSOLUTE     
            XDATA   F400H     0400H     ABSOLUTE     
            XDATA   F800H     0400H     ABSOLUTE     
            XDATA   FC00H     0400H     ABSOLUTE     

            * * * * * * *   C O D E   M E M O R Y   * * * * * * *
            CODE    0000H     0003H     ABSOLUTE     
                    0003H     0030H                  *** GAP ***
            CODE    0033H     0003H     ABSOLUTE     
                    0036H     000DH                  *** GAP ***
            CODE    0043H     0003H     ABSOLUTE     
                    0046H     0005H                  *** GAP ***
            CODE    004BH     0003H     ABSOLUTE     
BL51 BANKED LINKER/LOCATER V6.22                                                      08/21/2015  08:50:29  PAGE 6


                    004EH     0005H                  *** GAP ***
            CODE    0053H     0003H     ABSOLUTE     
                    0056H     002AH                  *** GAP ***
            CODE    0080H     0238H     UNIT         ?PR?SETUPCOMMAND?FW
            CODE    02B8H     0167H     UNIT         ?PR?MAIN?FW
            CODE    041FH     0108H     UNIT         ?PR?I2C_ISR?I2C
            CODE    0527H     008CH     UNIT         ?C_C51STARTUP
            CODE    05B3H     0046H     UNIT         ?PR?_EZUSB_DELAY?DELAY
            CODE    05F9H     0004H     UNIT         ?PR?RESUME_ISR?FW
            CODE    05FDH     0002H     UNIT         ?PR?TD_SUSPEND?BULKLOOP
            CODE    05FFH     0001H     UNIT         ?PR?ISR_EP0ACK?BULKLOOP
            CODE    0600H     00B8H     PAGE         ?PR?USB_JUMP_TABLE?USBJT
            CODE    06B8H     0043H     UNIT         ?PR?TD_INIT?BULKLOOP
            CODE    06FBH     0002H     UNIT         ?PR?TD_RESUME?BULKLOOP
            CODE    06FDH     0002H     UNIT         ?PR?DR_GETDESCRIPTOR?BULKLOOP
            CODE    06FFH     0001H     UNIT         ?PR?ISR_STUB?BULKLOOP
            CODE    0700H     0080H     PAGE         DSCR
            CODE    0780H     0063H     UNIT         ?PR?ISR_SOF?BULKLOOP
            CODE    07E3H     0060H     UNIT         ?PR?TD_POLL?BULKLOOP
            CODE    0843H     0060H     UNIT         ?C?LIB_CODE
            CODE    08A3H     003DH     UNIT         ?PR?ISR_HIGHSPEED?BULKLOOP
            CODE    08E0H     0038H     UNIT         ?PR?_EZUSB_WAITFOREEPROMWRITE?I2C
            CODE    0918H     0036H     UNIT         ?PR?ISR_URES?BULKLOOP
            CODE    094EH     0034H     UNIT         ?PR?_EZUSB_READI2C_?I2C
            CODE    0982H     0032H     UNIT         ?PR?_EZUSB_WRITEI2C_?I2C
            CODE    09B4H     002FH     UNIT         ?PR?EZUSB_DISCON?DISCON
            CODE    09E3H     002CH     UNIT         ?PR?EZUSB_RESUME?RESUME
            CODE    0A0FH     002BH     UNIT         ?PR?_EZUSB_GETSTRINGDSCR?GET_STRD
            CODE    0A3AH     0025H     UNIT         EZUSB
            CODE    0A5FH     0022H     UNIT         ?C_INITSEG
            CODE    0A81H     001FH     UNIT         ?PR?ISR_EP2INOUT?BULKLOOP
            CODE    0AA0H     001FH     UNIT         ?PR?ISR_EP6INOUT?BULKLOOP
            CODE    0ABFH     0018H     UNIT         ?PR?ISR_SUDAV?BULKLOOP
            CODE    0AD7H     0018H     UNIT         ?PR?ISR_SUSP?BULKLOOP
            CODE    0AEFH     0016H     UNIT         ?PR?ISR_SUTOK?BULKLOOP
            CODE    0B05H     0012H     UNIT         ?PR?DR_GETCONFIGURATION?BULKLOOP
            CODE    0B17H     0012H     UNIT         ?PR?DR_GETINTERFACE?BULKLOOP
            CODE    0B29H     0011H     UNIT         ?PR?DR_SETCONFIGURATION?BULKLOOP
            CODE    0B3AH     000BH     UNIT         ?PR?HIGHSPEEDCAPABLE?FW
            CODE    0B45H     000AH     UNIT         ?CO?FW
            CODE    0B4FH     0008H     UNIT         ?PR?DR_SETINTERFACE?BULKLOOP
            CODE    0B57H     0008H     UNIT         ?PR?EZUSB_INITI2C?I2C
            CODE    0B5FH     0002H     UNIT         ?PR?DR_GETSTATUS?BULKLOOP
            CODE    0B61H     0002H     UNIT         ?PR?DR_CLEARFEATURE?BULKLOOP
            CODE    0B63H     0002H     UNIT         ?PR?DR_SETFEATURE?BULKLOOP
            CODE    0B65H     0002H     UNIT         ?PR?DR_VENDORCMND?BULKLOOP
            CODE    0B67H     0001H     UNIT         ?PR?ISR_EP0IN?BULKLOOP
            CODE    0B68H     0001H     UNIT         ?PR?ISR_EP0OUT?BULKLOOP
            CODE    0B69H     0001H     UNIT         ?PR?ISR_EP1IN?BULKLOOP
            CODE    0B6AH     0001H     UNIT         ?PR?ISR_EP1OUT?BULKLOOP
            CODE    0B6BH     0001H     UNIT         ?PR?ISR_EP4INOUT?BULKLOOP
            CODE    0B6CH     0001H     UNIT         ?PR?ISR_EP8INOUT?BULKLOOP
            CODE    0B6DH     0001H     UNIT         ?PR?ISR_IBN?BULKLOOP
            CODE    0B6EH     0001H     UNIT         ?PR?ISR_EP0PINGNAK?BULKLOOP
            CODE    0B6FH     0001H     UNIT         ?PR?ISR_EP1PINGNAK?BULKLOOP
            CODE    0B70H     0001H     UNIT         ?PR?ISR_EP2PINGNAK?BULKLOOP
            CODE    0B71H     0001H     UNIT         ?PR?ISR_EP4PINGNAK?BULKLOOP
BL51 BANKED LINKER/LOCATER V6.22                                                      08/21/2015  08:50:29  PAGE 7


            CODE    0B72H     0001H     UNIT         ?PR?ISR_EP6PINGNAK?BULKLOOP
            CODE    0B73H     0001H     UNIT         ?PR?ISR_EP8PINGNAK?BULKLOOP
            CODE    0B74H     0001H     UNIT         ?PR?ISR_ERRORLIMIT?BULKLOOP
            CODE    0B75H     0001H     UNIT         ?PR?ISR_EP2PIDERROR?BULKLOOP
            CODE    0B76H     0001H     UNIT         ?PR?ISR_EP4PIDERROR?BULKLOOP
            CODE    0B77H     0001H     UNIT         ?PR?ISR_EP6PIDERROR?BULKLOOP
            CODE    0B78H     0001H     UNIT         ?PR?ISR_EP8PIDERROR?BULKLOOP
            CODE    0B79H     0001H     UNIT         ?PR?ISR_EP2PFLAG?BULKLOOP
            CODE    0B7AH     0001H     UNIT         ?PR?ISR_EP4PFLAG?BULKLOOP
            CODE    0B7BH     0001H     UNIT         ?PR?ISR_EP6PFLAG?BULKLOOP
            CODE    0B7CH     0001H     UNIT         ?PR?ISR_EP8PFLAG?BULKLOOP
            CODE    0B7DH     0001H     UNIT         ?PR?ISR_EP2EFLAG?BULKLOOP
            CODE    0B7EH     0001H     UNIT         ?PR?ISR_EP4EFLAG?BULKLOOP
            CODE    0B7FH     0001H     UNIT         ?PR?ISR_EP6EFLAG?BULKLOOP
            CODE    0B80H     0001H     UNIT         ?PR?ISR_EP8EFLAG?BULKLOOP
            CODE    0B81H     0001H     UNIT         ?PR?ISR_EP2FFLAG?BULKLOOP
            CODE    0B82H     0001H     UNIT         ?PR?ISR_EP4FFLAG?BULKLOOP
            CODE    0B83H     0001H     UNIT         ?PR?ISR_EP6FFLAG?BULKLOOP
            CODE    0B84H     0001H     UNIT         ?PR?ISR_EP8FFLAG?BULKLOOP
            CODE    0B85H     0001H     UNIT         ?PR?ISR_GPIFCOMPLETE?BULKLOOP
            CODE    0B86H     0001H     UNIT         ?PR?ISR_GPIFWAVEFORM?BULKLOOP



OVERLAY MAP OF MODULE:   bulkloop (BULKLOOP)


SEGMENT                                      BIT_GROUP          DATA_GROUP 
  +--> CALLED SEGMENT                     START    LENGTH     START    LENGTH
-----------------------------------------------------------------------------
?PR?ISR_SOF?BULKLOOP                      -----    -----      0008H    0001H

*** NEW ROOT ***************************************************

?PR?ISR_EP2INOUT?BULKLOOP                 -----    -----      0009H    0001H

*** NEW ROOT ***************************************************

?PR?ISR_EP6INOUT?BULKLOOP                 -----    -----      000AH    0001H

*** NEW ROOT ***************************************************

?C_C51STARTUP                             -----    -----      -----    -----
  +--> ?PR?MAIN?FW
  +--> ?C_INITSEG

?PR?MAIN?FW                               -----    -----      000BH    0010H
  +--> ?PR?TD_INIT?BULKLOOP
  +--> ?PR?EZUSB_DISCON?DISCON
  +--> ?PR?TD_POLL?BULKLOOP
  +--> ?PR?SETUPCOMMAND?FW
  +--> ?PR?TD_SUSPEND?BULKLOOP
  +--> ?PR?EZUSB_RESUME?RESUME
  +--> ?PR?TD_RESUME?BULKLOOP

?PR?TD_INIT?BULKLOOP                      -----    -----      001BH    0002H

BL51 BANKED LINKER/LOCATER V6.22                                                      08/21/2015  08:50:29  PAGE 8


?PR?EZUSB_DISCON?DISCON                   0020H.4  0000H.1    -----    -----
  +--> ?PR?_EZUSB_DELAY?DELAY

?PR?_EZUSB_DELAY?DELAY                    -----    -----      001BH    0002H

?PR?TD_POLL?BULKLOOP                      -----    -----      001BH    0001H

?PR?SETUPCOMMAND?FW                       -----    -----      -----    -----
  +--> ?PR?DR_GETDESCRIPTOR?BULKLOOP
  +--> ?PR?HIGHSPEEDCAPABLE?FW
  +--> ?PR?_EZUSB_GETSTRINGDSCR?GET_STRD
  +--> ?PR?DR_GETINTERFACE?BULKLOOP
  +--> ?PR?DR_SETINTERFACE?BULKLOOP
  +--> ?PR?DR_SETCONFIGURATION?BULKLOOP
  +--> ?PR?DR_GETCONFIGURATION?BULKLOOP
  +--> ?PR?DR_GETSTATUS?BULKLOOP
  +--> ?CO?FW
  +--> ?PR?DR_CLEARFEATURE?BULKLOOP
  +--> ?PR?DR_SETFEATURE?BULKLOOP
  +--> ?PR?DR_VENDORCMND?BULKLOOP

?PR?DR_SETCONFIGURATION?BULKLOOP          -----    -----      -----    -----
  +--> ?PR?EZUSB_INITI2C?I2C

?PR?EZUSB_RESUME?RESUME                   -----    -----      -----    -----
  +--> ?PR?_EZUSB_DELAY?DELAY



SYMBOL TABLE OF MODULE:  bulkloop (BULKLOOP)

  VALUE           TYPE          NAME
  ----------------------------------

  -------         MODULE        BULKLOOP
  C:0000H         SYMBOL        _ICE_DUMMY_
  C:0B74H         PUBLIC        ISR_Errorlimit
  C:0B29H         PUBLIC        DR_SetConfiguration
  D:002FH         PUBLIC        AlternateSetting
  C:0B67H         PUBLIC        ISR_Ep0in
  C:0B69H         PUBLIC        ISR_Ep1in
  C:06B8H         PUBLIC        TD_Init
  C:0B68H         PUBLIC        ISR_Ep0out
  C:0B6AH         PUBLIC        ISR_Ep1out
  C:07E3H         PUBLIC        TD_Poll
  X:8800H         PUBLIC        D2ON
  X:9800H         PUBLIC        D3ON
  X:A800H         PUBLIC        D4ON
  C:0B85H         PUBLIC        ISR_GpifComplete
  X:B800H         PUBLIC        D5ON
  C:0B5FH         PUBLIC        DR_GetStatus
  C:0B6EH         PUBLIC        ISR_Ep0pingnak
  C:0B6FH         PUBLIC        ISR_Ep1pingnak
  C:0B86H         PUBLIC        ISR_GpifWaveform
  C:0B75H         PUBLIC        ISR_Ep2piderror
  C:0B70H         PUBLIC        ISR_Ep2pingnak
  C:0B76H         PUBLIC        ISR_Ep4piderror
BL51 BANKED LINKER/LOCATER V6.22                                                      08/21/2015  08:50:29  PAGE 9


  C:0B71H         PUBLIC        ISR_Ep4pingnak
  C:0B77H         PUBLIC        ISR_Ep6piderror
  C:0B72H         PUBLIC        ISR_Ep6pingnak
  D:00AAH         PUBLIC        EP2468STAT
  C:0B78H         PUBLIC        ISR_Ep8piderror
  C:0B73H         PUBLIC        ISR_Ep8pingnak
  D:009AH         PUBLIC        AUTOPTRH1
  D:009DH         PUBLIC        AUTOPTRH2
  D:0091H         PUBLIC        EXIF
  C:0B17H         PUBLIC        DR_GetInterface
  D:009BH         PUBLIC        AUTOPTRL1
  D:009EH         PUBLIC        AUTOPTRL2
  C:0B61H         PUBLIC        DR_ClearFeature
  C:0B7DH         PUBLIC        ISR_Ep2eflag
  C:0B81H         PUBLIC        ISR_Ep2fflag
  D:0030H         PUBLIC        LEDCounter
  C:0B7EH         PUBLIC        ISR_Ep4eflag
  C:0B4FH         PUBLIC        DR_SetInterface
  C:0B82H         PUBLIC        ISR_Ep4fflag
  C:0B7FH         PUBLIC        ISR_Ep6eflag
  C:0B83H         PUBLIC        ISR_Ep6fflag
  C:06FDH         PUBLIC        DR_GetDescriptor
  C:0B80H         PUBLIC        ISR_Ep8eflag
  C:0B84H         PUBLIC        ISR_Ep8fflag
  C:0B79H         PUBLIC        ISR_Ep2pflag
  D:0032H         PUBLIC        start_7_seg_display
  D:00AFH         PUBLIC        AUTOPTRSETUP
  C:0B7AH         PUBLIC        ISR_Ep4pflag
  C:0B7BH         PUBLIC        ISR_Ep6pflag
  C:0B7CH         PUBLIC        ISR_Ep8pflag
  X:8000H         PUBLIC        D2OFF
  X:9000H         PUBLIC        D3OFF
  X:A000H         PUBLIC        D4OFF
  C:0ABFH         PUBLIC        ISR_Sudav
  X:B000H         PUBLIC        D5OFF
  C:05FDH         PUBLIC        TD_Suspend
  D:0034H         PUBLIC        Configuration
  C:05FFH         PUBLIC        ISR_Ep0ack
  C:08A3H         PUBLIC        ISR_Highspeed
  C:0AEFH         PUBLIC        ISR_Sutok
  C:0B6DH         PUBLIC        ISR_Ibn
  C:0A81H         PUBLIC        ISR_Ep2inout
  D:0035H         PUBLIC        inblink
  C:0B6BH         PUBLIC        ISR_Ep4inout
  C:0B65H         PUBLIC        DR_VendorCmnd
  C:06FBH         PUBLIC        TD_Resume
  D:0036H         PUBLIC        outblink
  C:0AA0H         PUBLIC        ISR_Ep6inout
  C:06FFH         PUBLIC        ISR_Stub
  C:0B6CH         PUBLIC        ISR_Ep8inout
  C:0918H         PUBLIC        ISR_Ures
  X:1000H         PUBLIC        Digit
  C:0B63H         PUBLIC        DR_SetFeature
  C:0780H         PUBLIC        ISR_Sof
  C:0B05H         PUBLIC        DR_GetConfiguration
  C:0AD7H         PUBLIC        ISR_Susp
  -------         PROC          TD_INIT
BL51 BANKED LINKER/LOCATER V6.22                                                      08/21/2015  08:50:29  PAGE 10


  -------         DO            
  D:0007H         SYMBOL        dum
  D:001BH         SYMBOL        i
  -------         ENDDO         
  C:06B8H         LINE#         196
  C:06B8H         LINE#         197
  C:06B8H         LINE#         200
  C:06C1H         LINE#         202
  C:06C8H         LINE#         205
  C:06CCH         LINE#         206
  C:06D0H         LINE#         207
  C:06D4H         LINE#         208
  C:06D8H         LINE#         219
  C:06DEH         LINE#         220
  C:06E1H         LINE#         221
  C:06E7H         LINE#         222
  C:06EAH         LINE#         226
  C:06F0H         LINE#         227
  C:06F3H         LINE#         228
  C:06F4H         LINE#         229
  C:06F7H         LINE#         235
  C:06FAH         LINE#         239
  -------         ENDPROC       TD_INIT
  -------         PROC          TD_POLL
  -------         DO            
  D:0004H         SYMBOL        i
  D:0006H         SYMBOL        count
  D:001BH         SYMBOL        waiting_inpkts
  -------         ENDDO         
  C:07E3H         LINE#         241
  C:07E3H         LINE#         242
  C:07E3H         LINE#         266
  C:07E8H         LINE#         267
  C:07E8H         LINE#         268
  C:07EDH         LINE#         269
  C:07EDH         LINE#         270
  C:07F1H         LINE#         271
  C:07F5H         LINE#         272
  C:07F9H         LINE#         273
  C:07FDH         LINE#         275
  C:080EH         LINE#         278
  C:0817H         LINE#         279
  C:0817H         LINE#         280
  C:081FH         LINE#         281
  C:0826H         LINE#         282
  C:082EH         LINE#         283
  C:0831H         LINE#         284
  C:0839H         LINE#         285
  C:083CH         LINE#         286
  C:0842H         LINE#         287
  C:0842H         LINE#         288
  C:0842H         LINE#         290
  -------         ENDPROC       TD_POLL
  -------         PROC          TD_SUSPEND
  C:05FDH         LINE#         292
  C:05FDH         LINE#         293
  C:05FDH         LINE#         294
BL51 BANKED LINKER/LOCATER V6.22                                                      08/21/2015  08:50:29  PAGE 11


  C:05FEH         LINE#         295
  -------         ENDPROC       TD_SUSPEND
  -------         PROC          TD_RESUME
  C:06FBH         LINE#         297
  C:06FBH         LINE#         298
  C:06FBH         LINE#         299
  C:06FCH         LINE#         300
  -------         ENDPROC       TD_RESUME
  -------         PROC          DR_GETDESCRIPTOR
  C:06FDH         LINE#         307
  C:06FDH         LINE#         308
  C:06FDH         LINE#         309
  C:06FEH         LINE#         310
  -------         ENDPROC       DR_GETDESCRIPTOR
  -------         PROC          DR_SETCONFIGURATION
  C:0B29H         LINE#         312
  C:0B29H         LINE#         313
  C:0B29H         LINE#         314
  C:0B2FH         LINE#         317
  C:0B32H         LINE#         318
  C:0B38H         LINE#         321
  C:0B39H         LINE#         322
  -------         ENDPROC       DR_SETCONFIGURATION
  -------         PROC          DR_GETCONFIGURATION
  C:0B05H         LINE#         324
  C:0B05H         LINE#         325
  C:0B05H         LINE#         326
  C:0B0BH         LINE#         327
  C:0B10H         LINE#         328
  C:0B15H         LINE#         329
  C:0B16H         LINE#         330
  -------         ENDPROC       DR_GETCONFIGURATION
  -------         PROC          DR_SETINTERFACE
  C:0B4FH         LINE#         332
  C:0B4FH         LINE#         333
  C:0B4FH         LINE#         334
  C:0B55H         LINE#         335
  C:0B56H         LINE#         336
  -------         ENDPROC       DR_SETINTERFACE
  -------         PROC          DR_GETINTERFACE
  C:0B17H         LINE#         338
  C:0B17H         LINE#         339
  C:0B17H         LINE#         340
  C:0B1DH         LINE#         341
  C:0B22H         LINE#         342
  C:0B27H         LINE#         343
  C:0B28H         LINE#         344
  -------         ENDPROC       DR_GETINTERFACE
  -------         PROC          DR_GETSTATUS
  C:0B5FH         LINE#         346
  C:0B5FH         LINE#         347
  C:0B5FH         LINE#         348
  C:0B60H         LINE#         349
  -------         ENDPROC       DR_GETSTATUS
  -------         PROC          DR_CLEARFEATURE
  C:0B61H         LINE#         351
  C:0B61H         LINE#         352
BL51 BANKED LINKER/LOCATER V6.22                                                      08/21/2015  08:50:29  PAGE 12


  C:0B61H         LINE#         353
  C:0B62H         LINE#         354
  -------         ENDPROC       DR_CLEARFEATURE
  -------         PROC          DR_SETFEATURE
  C:0B63H         LINE#         356
  C:0B63H         LINE#         357
  C:0B63H         LINE#         358
  C:0B64H         LINE#         359
  -------         ENDPROC       DR_SETFEATURE
  -------         PROC          DR_VENDORCMND
  C:0B65H         LINE#         361
  C:0B65H         LINE#         362
  C:0B65H         LINE#         363
  C:0B66H         LINE#         364
  -------         ENDPROC       DR_VENDORCMND
  -------         PROC          ISR_SUDAV
  C:0ABFH         LINE#         372
  C:0AC5H         LINE#         374
  C:0AC7H         LINE#         375
  C:0ACAH         LINE#         376
  C:0AD0H         LINE#         377
  -------         ENDPROC       ISR_SUDAV
  -------         PROC          ISR_SUTOK
  C:0AEFH         LINE#         380
  C:0AF5H         LINE#         382
  C:0AF8H         LINE#         383
  C:0AFEH         LINE#         384
  -------         ENDPROC       ISR_SUTOK
  -------         PROC          ISR_SOF
  -------         DO            
  D:0007H         SYMBOL        dum
  D:0008H         SYMBOL        Led_Flag
  -------         ENDDO         
  C:0780H         LINE#         386
  C:078DH         LINE#         389
  C:0790H         LINE#         390
  C:0793H         LINE#         391
  C:0799H         LINE#         393
  C:079CH         LINE#         394
  C:07A1H         LINE#         395
  C:07A4H         LINE#         396
  C:07A8H         LINE#         402
  C:07B0H         LINE#         403
  C:07BBH         LINE#         404
  C:07C1H         LINE#         405
  C:07CEH         LINE#         406
  C:07D4H         LINE#         408
  C:07D8H         LINE#         409
  -------         ENDPROC       ISR_SOF
  -------         PROC          ISR_URES
  C:0918H         LINE#         411
  C:091EH         LINE#         414
  C:0924H         LINE#         415
  C:092EH         LINE#         416
  C:0934H         LINE#         417
  C:093EH         LINE#         419
  C:0941H         LINE#         420
BL51 BANKED LINKER/LOCATER V6.22                                                      08/21/2015  08:50:29  PAGE 13


  C:0947H         LINE#         421
  -------         ENDPROC       ISR_URES
  -------         PROC          ISR_SUSP
  C:0AD7H         LINE#         423
  C:0ADDH         LINE#         425
  C:0ADFH         LINE#         426
  C:0AE2H         LINE#         427
  C:0AE8H         LINE#         428
  -------         ENDPROC       ISR_SUSP
  -------         PROC          ISR_HIGHSPEED
  C:08A3H         LINE#         430
  C:08A9H         LINE#         432
  C:08B0H         LINE#         433
  C:08B0H         LINE#         434
  C:08B6H         LINE#         435
  C:08C0H         LINE#         436
  C:08C6H         LINE#         437
  C:08D0H         LINE#         438
  C:08D0H         LINE#         440
  C:08D3H         LINE#         441
  C:08D9H         LINE#         442
  -------         ENDPROC       ISR_HIGHSPEED
  -------         PROC          ISR_EP0ACK
  C:05FFH         LINE#         443
  C:05FFH         LINE#         445
  -------         ENDPROC       ISR_EP0ACK
  -------         PROC          ISR_STUB
  C:06FFH         LINE#         446
  C:06FFH         LINE#         448
  -------         ENDPROC       ISR_STUB
  -------         PROC          ISR_EP0IN
  C:0B67H         LINE#         449
  C:0B67H         LINE#         451
  -------         ENDPROC       ISR_EP0IN
  -------         PROC          ISR_EP0OUT
  C:0B68H         LINE#         452
  C:0B68H         LINE#         454
  -------         ENDPROC       ISR_EP0OUT
  -------         PROC          ISR_EP1IN
  C:0B69H         LINE#         455
  C:0B69H         LINE#         457
  -------         ENDPROC       ISR_EP1IN
  -------         PROC          ISR_EP1OUT
  C:0B6AH         LINE#         458
  C:0B6AH         LINE#         460
  -------         ENDPROC       ISR_EP1OUT
  -------         PROC          ISR_EP2INOUT
  -------         DO            
  D:0009H         SYMBOL        dum
  -------         ENDDO         
  C:0A81H         LINE#         461
  C:0A87H         LINE#         464
  C:0A8AH         LINE#         465
  C:0A90H         LINE#         466
  C:0A96H         LINE#         467
  C:0A99H         LINE#         468
  -------         ENDPROC       ISR_EP2INOUT
BL51 BANKED LINKER/LOCATER V6.22                                                      08/21/2015  08:50:29  PAGE 14


  -------         PROC          ISR_EP4INOUT
  C:0B6BH         LINE#         469
  C:0B6BH         LINE#         471
  -------         ENDPROC       ISR_EP4INOUT
  -------         PROC          ISR_EP6INOUT
  -------         DO            
  D:000AH         SYMBOL        dum
  -------         ENDDO         
  C:0AA0H         LINE#         472
  C:0AA6H         LINE#         475
  C:0AA9H         LINE#         476
  C:0AAFH         LINE#         477
  C:0AB5H         LINE#         478
  C:0AB8H         LINE#         479
  -------         ENDPROC       ISR_EP6INOUT
  -------         PROC          ISR_EP8INOUT
  C:0B6CH         LINE#         480
  C:0B6CH         LINE#         482
  -------         ENDPROC       ISR_EP8INOUT
  -------         PROC          ISR_IBN
  C:0B6DH         LINE#         483
  C:0B6DH         LINE#         485
  -------         ENDPROC       ISR_IBN
  -------         PROC          ISR_EP0PINGNAK
  C:0B6EH         LINE#         486
  C:0B6EH         LINE#         488
  -------         ENDPROC       ISR_EP0PINGNAK
  -------         PROC          ISR_EP1PINGNAK
  C:0B6FH         LINE#         489
  C:0B6FH         LINE#         491
  -------         ENDPROC       ISR_EP1PINGNAK
  -------         PROC          ISR_EP2PINGNAK
  C:0B70H         LINE#         492
  C:0B70H         LINE#         494
  -------         ENDPROC       ISR_EP2PINGNAK
  -------         PROC          ISR_EP4PINGNAK
  C:0B71H         LINE#         495
  C:0B71H         LINE#         497
  -------         ENDPROC       ISR_EP4PINGNAK
  -------         PROC          ISR_EP6PINGNAK
  C:0B72H         LINE#         498
  C:0B72H         LINE#         500
  -------         ENDPROC       ISR_EP6PINGNAK
  -------         PROC          ISR_EP8PINGNAK
  C:0B73H         LINE#         501
  C:0B73H         LINE#         503
  -------         ENDPROC       ISR_EP8PINGNAK
  -------         PROC          ISR_ERRORLIMIT
  C:0B74H         LINE#         504
  C:0B74H         LINE#         506
  -------         ENDPROC       ISR_ERRORLIMIT
  -------         PROC          ISR_EP2PIDERROR
  C:0B75H         LINE#         507
  C:0B75H         LINE#         509
  -------         ENDPROC       ISR_EP2PIDERROR
  -------         PROC          ISR_EP4PIDERROR
  C:0B76H         LINE#         510
BL51 BANKED LINKER/LOCATER V6.22                                                      08/21/2015  08:50:29  PAGE 15


  C:0B76H         LINE#         512
  -------         ENDPROC       ISR_EP4PIDERROR
  -------         PROC          ISR_EP6PIDERROR
  C:0B77H         LINE#         513
  C:0B77H         LINE#         515
  -------         ENDPROC       ISR_EP6PIDERROR
  -------         PROC          ISR_EP8PIDERROR
  C:0B78H         LINE#         516
  C:0B78H         LINE#         518
  -------         ENDPROC       ISR_EP8PIDERROR
  -------         PROC          ISR_EP2PFLAG
  C:0B79H         LINE#         519
  C:0B79H         LINE#         521
  -------         ENDPROC       ISR_EP2PFLAG
  -------         PROC          ISR_EP4PFLAG
  C:0B7AH         LINE#         522
  C:0B7AH         LINE#         524
  -------         ENDPROC       ISR_EP4PFLAG
  -------         PROC          ISR_EP6PFLAG
  C:0B7BH         LINE#         525
  C:0B7BH         LINE#         527
  -------         ENDPROC       ISR_EP6PFLAG
  -------         PROC          ISR_EP8PFLAG
  C:0B7CH         LINE#         528
  C:0B7CH         LINE#         530
  -------         ENDPROC       ISR_EP8PFLAG
  -------         PROC          ISR_EP2EFLAG
  C:0B7DH         LINE#         531
  C:0B7DH         LINE#         533
  -------         ENDPROC       ISR_EP2EFLAG
  -------         PROC          ISR_EP4EFLAG
  C:0B7EH         LINE#         534
  C:0B7EH         LINE#         536
  -------         ENDPROC       ISR_EP4EFLAG
  -------         PROC          ISR_EP6EFLAG
  C:0B7FH         LINE#         537
  C:0B7FH         LINE#         539
  -------         ENDPROC       ISR_EP6EFLAG
  -------         PROC          ISR_EP8EFLAG
  C:0B80H         LINE#         540
  C:0B80H         LINE#         542
  -------         ENDPROC       ISR_EP8EFLAG
  -------         PROC          ISR_EP2FFLAG
  C:0B81H         LINE#         543
  C:0B81H         LINE#         545
  -------         ENDPROC       ISR_EP2FFLAG
  -------         PROC          ISR_EP4FFLAG
  C:0B82H         LINE#         546
  C:0B82H         LINE#         548
  -------         ENDPROC       ISR_EP4FFLAG
  -------         PROC          ISR_EP6FFLAG
  C:0B83H         LINE#         549
  C:0B83H         LINE#         551
  -------         ENDPROC       ISR_EP6FFLAG
  -------         PROC          ISR_EP8FFLAG
  C:0B84H         LINE#         552
  C:0B84H         LINE#         554
BL51 BANKED LINKER/LOCATER V6.22                                                      08/21/2015  08:50:29  PAGE 16


  -------         ENDPROC       ISR_EP8FFLAG
  -------         PROC          ISR_GPIFCOMPLETE
  C:0B85H         LINE#         555
  C:0B85H         LINE#         557
  -------         ENDPROC       ISR_GPIFCOMPLETE
  -------         PROC          ISR_GPIFWAVEFORM
  C:0B86H         LINE#         558
  C:0B86H         LINE#         560
  -------         ENDPROC       ISR_GPIFWAVEFORM
  -------         ENDMOD        BULKLOOP

  -------         MODULE        FW
  C:0000H         SYMBOL        _ICE_DUMMY_
  B:00A8H.7       PUBLIC        EA
  B:0020H.0       PUBLIC        Rwuen
  B:0020H.1       PUBLIC        GotSUD
  C:0B45H         PUBLIC        EPCS_Offset_Lookup_Table
  C:0B3AH         PUBLIC        HighSpeedCapable
  C:02B8H         PUBLIC        main
  B:00E8H.0       PUBLIC        EUSB
  C:05F9H         PUBLIC        resume_isr
  D:0021H         PUBLIC        pHighSpeedConfigDscr
  D:0023H         PUBLIC        pDeviceDscr
  C:0080H         PUBLIC        SetupCommand
  D:0025H         PUBLIC        pConfigDscr
  D:0027H         PUBLIC        pOtherConfigDscr
  D:0029H         PUBLIC        pFullSpeedConfigDscr
  B:0020H.2       PUBLIC        Selfpwr
  D:002BH         PUBLIC        pDeviceQualDscr
  D:00D8H         PUBLIC        EICON
  D:008EH         PUBLIC        CKCON
  D:002DH         PUBLIC        pStringDscr
  B:0020H.3       PUBLIC        Sleep
  -------         PROC          MAIN
  -------         DO            
  D:000BH         SYMBOL        i
  D:0006H         SYMBOL        offset
  D:000FH         SYMBOL        DevDescrLen
  D:0013H         SYMBOL        j
  D:0017H         SYMBOL        IntDescrAddr
  D:0019H         SYMBOL        ExtDescrAddr
  -------         ENDDO         
  C:02B8H         LINE#         90
  C:02B8H         LINE#         91
  C:02B8H         LINE#         95
  C:02C1H         LINE#         100
  C:02C3H         LINE#         101
  C:02C5H         LINE#         102
  C:02C7H         LINE#         103
  C:02C9H         LINE#         106
  C:02CCH         LINE#         115
  C:02D4H         LINE#         116
  C:02DAH         LINE#         117
  C:02E0H         LINE#         118
  C:02E6H         LINE#         119
  C:02ECH         LINE#         126
  C:02F4H         LINE#         127
BL51 BANKED LINKER/LOCATER V6.22                                                      08/21/2015  08:50:29  PAGE 17


  C:02F4H         LINE#         129
  C:02FAH         LINE#         130
  C:02FEH         LINE#         131
  C:0316H         LINE#         132
  C:0334H         LINE#         133
  C:0367H         LINE#         136
  C:036DH         LINE#         137
  C:0377H         LINE#         138
  C:0382H         LINE#         139
  C:038DH         LINE#         140
  C:0398H         LINE#         141
  C:03A3H         LINE#         142
  C:03AEH         LINE#         143
  C:03B9H         LINE#         144
  C:03B9H         LINE#         146
  C:03BBH         LINE#         147
  C:03BEH         LINE#         149
  C:03C5H         LINE#         151
  C:03CCH         LINE#         152
  C:03CEH         LINE#         158
  C:03D5H         LINE#         159
  C:03D5H         LINE#         160
  C:03DAH         LINE#         161
  C:03DAH         LINE#         167
  C:03E1H         LINE#         169
  C:03E4H         LINE#         172
  C:03E6H         LINE#         175
  C:03E6H         LINE#         176
  C:03E6H         LINE#         178
  C:03E9H         LINE#         181
  C:03ECH         LINE#         182
  C:03ECH         LINE#         183
  C:03EFH         LINE#         184
  C:03F1H         LINE#         185
  C:03F1H         LINE#         192
  C:03F4H         LINE#         193
  C:03F4H         LINE#         194
  C:03F9H         LINE#         195
  C:03F9H         LINE#         196
  C:03FBH         LINE#         198
  C:03FBH         LINE#         199
  C:03FEH         LINE#         200
  C:03FEH         LINE#         201
  C:0417H         LINE#         206
  C:041AH         LINE#         207
  C:041DH         LINE#         208
  C:041DH         LINE#         209
  C:041DH         LINE#         211
  -------         ENDPROC       MAIN
  -------         PROC          HIGHSPEEDCAPABLE
  C:0B3AH         LINE#         214
  C:0B3AH         LINE#         215
  C:0B3AH         LINE#         220
  C:0B41H         LINE#         221
  C:0B43H         LINE#         223
  C:0B44H         LINE#         224
  -------         ENDPROC       HIGHSPEEDCAPABLE
BL51 BANKED LINKER/LOCATER V6.22                                                      08/21/2015  08:50:29  PAGE 18


  -------         PROC          SETUPCOMMAND
  -------         DO            
  D:0001H         SYMBOL        dscr_ptr
  -------         ENDDO         
  C:0080H         LINE#         227
  C:0080H         LINE#         228
  C:0080H         LINE#         231
  C:00B6H         LINE#         232
  C:00B6H         LINE#         233
  C:00B6H         LINE#         234
  C:00BEH         LINE#         235
  C:00D4H         LINE#         236
  C:00D4H         LINE#         237
  C:00D4H         LINE#         238
  C:00DAH         LINE#         239
  C:00DCH         LINE#         240
  C:00DEH         LINE#         241
  C:00DEH         LINE#         244
  C:00E3H         LINE#         245
  C:00E3H         LINE#         246
  C:00E9H         LINE#         247
  C:00EBH         LINE#         248
  C:00EDH         LINE#         254
  C:00EDH         LINE#         255
  C:00F3H         LINE#         256
  C:00F5H         LINE#         257
  C:00F7H         LINE#         258
  C:00F7H         LINE#         259
  C:00FDH         LINE#         260
  C:00FFH         LINE#         261
  C:0101H         LINE#         262
  C:0101H         LINE#         263
  C:0114H         LINE#         264
  C:0114H         LINE#         265
  C:0119H         LINE#         266
  C:011EH         LINE#         267
  C:0121H         LINE#         269
  C:0121H         LINE#         270
  C:0124H         LINE#         271
  C:0124H         LINE#         272
  C:0124H         LINE#         273
  C:0124H         LINE#         274
  C:0127H         LINE#         275
  C:0127H         LINE#         276
  C:012AH         LINE#         277
  C:012DH         LINE#         278
  C:012DH         LINE#         279
  C:0130H         LINE#         280
  C:0133H         LINE#         281
  C:0133H         LINE#         282
  C:0136H         LINE#         284
  C:0139H         LINE#         285
  C:0139H         LINE#         286
  C:013CH         LINE#         287
  C:013FH         LINE#         288
  C:013FH         LINE#         289
  C:0147H         LINE#         290
BL51 BANKED LINKER/LOCATER V6.22                                                      08/21/2015  08:50:29  PAGE 19


  C:0156H         LINE#         291
  C:0156H         LINE#         292
  C:0156H         LINE#         293
  C:0162H         LINE#         294
  C:0162H         LINE#         295
  C:0162H         LINE#         296
  C:0162H         LINE#         297
  C:0164H         LINE#         298
  C:0164H         LINE#         299
  C:0169H         LINE#         300
  C:0169H         LINE#         301
  C:0169H         LINE#         302
  C:0169H         LINE#         303
  C:016BH         LINE#         304
  C:016BH         LINE#         305
  C:01A9H         LINE#         306
  C:01ACH         LINE#         307
  C:01B0H         LINE#         308
  C:01B6H         LINE#         309
  C:01B9H         LINE#         310
  C:01B9H         LINE#         311
  C:01B9H         LINE#         312
  C:01B9H         LINE#         313
  C:01BCH         LINE#         314
  C:01BCH         LINE#         315
  C:01C4H         LINE#         316
  C:01D3H         LINE#         317
  C:01D3H         LINE#         318
  C:01D3H         LINE#         319
  C:01DAH         LINE#         320
  C:01DFH         LINE#         322
  C:01DFH         LINE#         323
  C:01E2H         LINE#         324
  C:01E2H         LINE#         325
  C:01E8H         LINE#         326
  C:01E8H         LINE#         327
  C:0223H         LINE#         328
  C:023BH         LINE#         329
  C:023DH         LINE#         331
  C:023DH         LINE#         332
  C:023FH         LINE#         333
  C:023FH         LINE#         334
  C:023FH         LINE#         335
  C:023FH         LINE#         336
  C:0244H         LINE#         337
  C:0250H         LINE#         338
  C:0250H         LINE#         339
  C:0250H         LINE#         340
  C:0257H         LINE#         341
  C:025BH         LINE#         342
  C:0262H         LINE#         348
  C:0264H         LINE#         350
  C:0264H         LINE#         351
  C:0266H         LINE#         352
  C:0266H         LINE#         353
  C:029DH         LINE#         354
  C:029FH         LINE#         355
BL51 BANKED LINKER/LOCATER V6.22                                                      08/21/2015  08:50:29  PAGE 20


  C:029FH         LINE#         356
  C:02A2H         LINE#         357
  C:02A2H         LINE#         358
  C:02A4H         LINE#         359
  C:02A4H         LINE#         360
  C:02A9H         LINE#         361
  C:02B0H         LINE#         362
  C:02B0H         LINE#         365
  C:02B7H         LINE#         366
  -------         ENDPROC       SETUPCOMMAND
  -------         PROC          RESUME_ISR
  C:05F9H         LINE#         369
  C:05F9H         LINE#         371
  C:05FCH         LINE#         372
  -------         ENDPROC       RESUME_ISR
  -------         ENDMOD        FW

  -------         MODULE        DSCR
  C:0700H         SEGMENT       DSCR
  C:0700H         PUBLIC        DEVICEDSCR
  C:0712H         PUBLIC        DEVICEQUALDSCR
  C:073CH         PUBLIC        FULLSPEEDCONFIGDSCR
  C:071CH         PUBLIC        HIGHSPEEDCONFIGDSCR
  C:075CH         PUBLIC        STRINGDSCR
  C:077EH         PUBLIC        USERDSCR
  N:0002H         SYMBOL        DSCR_CONFIG
  N:0009H         SYMBOL        DSCR_CONFIG_LEN
  N:0001H         SYMBOL        DSCR_DEVICE
  N:0012H         SYMBOL        DSCR_DEVICE_LEN
  N:0006H         SYMBOL        DSCR_DEVQUAL
  N:000AH         SYMBOL        DSCR_DEVQUAL_LEN
  N:0005H         SYMBOL        DSCR_ENDPNT
  N:0007H         SYMBOL        DSCR_ENDPNT_LEN
  N:0004H         SYMBOL        DSCR_INTRFC
  N:0009H         SYMBOL        DSCR_INTRFC_LEN
  N:0003H         SYMBOL        DSCR_STRING
  N:0002H         SYMBOL        ET_BULK
  N:0000H         SYMBOL        ET_CONTROL
  N:0003H         SYMBOL        ET_INT
  N:0001H         SYMBOL        ET_ISO
  C:075CH         SYMBOL        FULLSPEEDCONFIGDSCREND
  C:073CH         SYMBOL        HIGHSPEEDCONFIGDSCREND
  C:075CH         SYMBOL        STRINGDSCR0
  C:0760H         SYMBOL        STRINGDSCR0END
  C:0760H         SYMBOL        STRINGDSCR1
  C:0770H         SYMBOL        STRINGDSCR1END
  C:0770H         SYMBOL        STRINGDSCR2
  C:077EH         SYMBOL        STRINGDSCR2END
  -------         ENDMOD        DSCR

  -------         MODULE        RESUME
  C:0000H         SYMBOL        _ICE_DUMMY_
  C:09E3H         PUBLIC        EZUSB_Resume
  -------         PROC          EZUSB_RESUME
  C:09E3H         LINE#         38
  C:09E3H         LINE#         39
  C:09E3H         LINE#         40
BL51 BANKED LINKER/LOCATER V6.22                                                      08/21/2015  08:50:29  PAGE 21


  C:09F9H         LINE#         42
  C:09F9H         LINE#         43
  C:0A00H         LINE#         44
  C:0A07H         LINE#         45
  C:0A0EH         LINE#         46
  C:0A0EH         LINE#         47
  -------         ENDPROC       EZUSB_RESUME
  -------         ENDMOD        RESUME

  -------         MODULE        DISCON
  C:0000H         SYMBOL        _ICE_DUMMY_
  D:0091H         PUBLIC        EXIF
  C:09B4H         PUBLIC        EZUSB_Discon
  -------         PROC          EZUSB_DISCON
  B:0020H.4       SYMBOL        renum
  C:09B4H         LINE#         39
  C:09B4H         LINE#         40
  C:09B4H         LINE#         42
  C:09B7H         LINE#         43
  C:09C0H         LINE#         45
  C:09C7H         LINE#         47
  C:09CEH         LINE#         49
  C:09D4H         LINE#         50
  C:09D8H         LINE#         51
  C:09DBH         LINE#         53
  C:09E2H         LINE#         54
  -------         ENDPROC       EZUSB_DISCON
  -------         ENDMOD        DISCON

  -------         MODULE        EZREGS
  C:0000H         SYMBOL        _ICE_DUMMY_
  X:E652H         PUBLIC        EP4FIFOIE
  X:E668H         PUBLIC        INTSETUP
  X:E600H         PUBLIC        CPUCS
  X:E654H         PUBLIC        EP6FIFOIE
  X:E680H         PUBLIC        USBCS
  X:E65FH         PUBLIC        EPIRQ
  X:E656H         PUBLIC        EP8FIFOIE
  X:E6F2H         PUBLIC        XGPIFSGLDATLNOX
  X:E6C0H         PUBLIC        GPIFWFSELECT
  X:E6F0H         PUBLIC        XGPIFSGLDATH
  X:E605H         PUBLIC        BREAKPT
  X:E609H         PUBLIC        FIFOPINPOLAR
  X:E640H         PUBLIC        EP2ISOINPKTS
  X:E678H         PUBLIC        I2CS
  X:E610H         PUBLIC        EP1OUTCFG
  X:E6F9H         PUBLIC        TESTCFG
  X:E641H         PUBLIC        EP4ISOINPKTS
  X:E68AH         PUBLIC        EP0BCH
  X:E661H         PUBLIC        GPIFIRQ
  X:E642H         PUBLIC        EP6ISOINPKTS
  X:E690H         PUBLIC        EP2BCH
  X:E643H         PUBLIC        EP8ISOINPKTS
  X:E694H         PUBLIC        EP4BCH
  X:E68BH         PUBLIC        EP0BCL
  X:E612H         PUBLIC        EP2CFG
  X:E698H         PUBLIC        EP6BCH
BL51 BANKED LINKER/LOCATER V6.22                                                      08/21/2015  08:50:29  PAGE 22


  X:E691H         PUBLIC        EP2BCL
  X:E613H         PUBLIC        EP4CFG
  X:E6A7H         PUBLIC        EP2FIFOFLGS
  X:E69CH         PUBLIC        EP8BCH
  X:E695H         PUBLIC        EP4BCL
  X:E628H         PUBLIC        ECCCFG
  X:E614H         PUBLIC        EP6CFG
  X:E6A8H         PUBLIC        EP4FIFOFLGS
  X:E699H         PUBLIC        EP6BCL
  X:E780H         PUBLIC        EP1OUTBUF
  X:E67BH         PUBLIC        XAUTODAT1
  X:E615H         PUBLIC        EP8CFG
  X:E6A9H         PUBLIC        EP6FIFOFLGS
  X:E69DH         PUBLIC        EP8BCL
  X:E67CH         PUBLIC        XAUTODAT2
  X:E684H         PUBLIC        USBFRAMEH
  X:E6F5H         PUBLIC        GPIFABORT
  X:E6AAH         PUBLIC        EP8FIFOFLGS
  X:E6F8H         PUBLIC        DBUG
  X:E740H         PUBLIC        EP0BUF
  X:E6CBH         PUBLIC        FLOWSTB
  X:E65EH         PUBLIC        EPIE
  X:E685H         PUBLIC        USBFRAMEL
  X:E681H         PUBLIC        SUSPEND
  X:E60CH         PUBLIC        GPIFHOLDAMOUNT
  X:E6D4H         PUBLIC        EP2GPIFTRIG
  X:E6C7H         PUBLIC        FLOWLOGIC
  X:E6DCH         PUBLIC        EP4GPIFTRIG
  X:E604H         PUBLIC        FIFORESET
  X:E6E4H         PUBLIC        EP6GPIFTRIG
  X:E6C2H         PUBLIC        GPIFIDLECTL
  X:E6FAH         PUBLIC        USBTEST
  X:E6B3H         PUBLIC        SUDPTRH
  X:E6ECH         PUBLIC        EP8GPIFTRIG
  X:E6D2H         PUBLIC        EP2GPIFFLGSEL
  X:E611H         PUBLIC        EP1INCFG
  X:E6B4H         PUBLIC        SUDPTRL
  X:E687H         PUBLIC        FNADDR
  X:E6DAH         PUBLIC        EP4GPIFFLGSEL
  X:E6D1H         PUBLIC        GPIFTCB0
  X:E6CDH         PUBLIC        FLOWSTBHPERIOD
  X:E6D0H         PUBLIC        GPIFTCB1
  X:E665H         PUBLIC        CLRERRCNT
  X:E6E2H         PUBLIC        EP6GPIFFLGSEL
  X:E6CFH         PUBLIC        GPIFTCB2
  X:E664H         PUBLIC        ERRCNTLIM
  X:E6CEH         PUBLIC        GPIFTCB3
  X:E6EAH         PUBLIC        EP8GPIFFLGSEL
  X:E660H         PUBLIC        GPIFIE
  X:E67FH         PUBLIC        UDMACRCQUAL
  X:E400H         PUBLIC        GPIF_WAVE_DATA
  X:E6CCH         PUBLIC        FLOWSTBEDGE
  X:E6ABH         PUBLIC        EP2FIFOBCH
  X:E7C0H         PUBLIC        EP1INBUF
  X:E6C6H         PUBLIC        FLOWSTATE
  X:E6ADH         PUBLIC        EP4FIFOBCH
  X:E6CAH         PUBLIC        FLOWHOLDOFF
BL51 BANKED LINKER/LOCATER V6.22                                                      08/21/2015  08:50:29  PAGE 23


  X:E618H         PUBLIC        EP2FIFOCFG
  X:E6AFH         PUBLIC        EP6FIFOBCH
  X:E6ACH         PUBLIC        EP2FIFOBCL
  X:E619H         PUBLIC        EP4FIFOCFG
  X:E6B1H         PUBLIC        EP8FIFOBCH
  X:E6AEH         PUBLIC        EP4FIFOBCL
  X:E649H         PUBLIC        OUTPKTEND
  X:E663H         PUBLIC        USBERRIRQ
  X:E61AH         PUBLIC        EP6FIFOCFG
  X:E6B0H         PUBLIC        EP6FIFOBCL
  X:E620H         PUBLIC        EP2AUTOINLENH
  X:E61BH         PUBLIC        EP8FIFOCFG
  X:E6B2H         PUBLIC        EP8FIFOBCL
  X:E68DH         PUBLIC        EP1OUTBC
  X:E622H         PUBLIC        EP4AUTOINLENH
  X:E666H         PUBLIC        INT2IVEC
  X:E659H         PUBLIC        IBNIRQ
  X:E6FBH         PUBLIC        CT1
  X:E6C4H         PUBLIC        GPIFADRH
  X:E65BH         PUBLIC        NAKIRQ
  X:E624H         PUBLIC        EP6AUTOINLENH
  X:E621H         PUBLIC        EP2AUTOINLENL
  X:E601H         PUBLIC        IFCONFIG
  X:E6FCH         PUBLIC        CT2
  X:E6B5H         PUBLIC        SUDPTRCTL
  X:E667H         PUBLIC        INT4IVEC
  X:E6FDH         PUBLIC        CT3
  X:E67DH         PUBLIC        UDMACRCH
  X:E626H         PUBLIC        EP8AUTOINLENH
  X:E623H         PUBLIC        EP4AUTOINLENL
  X:E6FEH         PUBLIC        CT4
  X:F000H         PUBLIC        EP2FIFOBUF
  X:E6C5H         PUBLIC        GPIFADRL
  X:E625H         PUBLIC        EP6AUTOINLENL
  X:E630H         PUBLIC        EP2FIFOPFH
  X:F400H         PUBLIC        EP4FIFOBUF
  X:E67EH         PUBLIC        UDMACRCL
  X:E627H         PUBLIC        EP8AUTOINLENL
  X:E6D3H         PUBLIC        EP2GPIFPFSTOP
  X:E683H         PUBLIC        TOGCTL
  X:E632H         PUBLIC        EP4FIFOPFH
  X:F800H         PUBLIC        EP6FIFOBUF
  X:E629H         PUBLIC        ECCRESET
  X:E6DBH         PUBLIC        EP4GPIFPFSTOP
  X:E634H         PUBLIC        EP6FIFOPFH
  X:E631H         PUBLIC        EP2FIFOPFL
  X:FC00H         PUBLIC        EP8FIFOBUF
  X:E60BH         PUBLIC        REVCTL
  X:E6E3H         PUBLIC        EP6GPIFPFSTOP
  X:E636H         PUBLIC        EP8FIFOPFH
  X:E633H         PUBLIC        EP4FIFOPFL
  X:E608H         PUBLIC        UART230
  X:E480H         PUBLIC        RES_WAVEDATA_END
  X:E6EBH         PUBLIC        EP8GPIFPFSTOP
  X:E679H         PUBLIC        I2DAT
  X:E635H         PUBLIC        EP6FIFOPFL
  X:E6A1H         PUBLIC        EP1OUTCS
BL51 BANKED LINKER/LOCATER V6.22                                                      08/21/2015  08:50:29  PAGE 24


  X:E637H         PUBLIC        EP8FIFOPFL
  X:E65DH         PUBLIC        USBIRQ
  X:E670H         PUBLIC        PORTACFG
  X:E671H         PUBLIC        PORTCCFG
  X:E651H         PUBLIC        EP2FIFOIRQ
  X:E602H         PUBLIC        PINFLAGSAB
  X:E6A0H         PUBLIC        EP0CS
  X:E6F4H         PUBLIC        GPIFREADYSTAT
  X:E6C3H         PUBLIC        GPIFCTLCFG
  X:E672H         PUBLIC        PORTECFG
  X:E653H         PUBLIC        EP4FIFOIRQ
  X:E6C1H         PUBLIC        GPIFIDLECS
  X:E6A3H         PUBLIC        EP2CS
  X:E50DH         PUBLIC        GPCR2
  X:E67AH         PUBLIC        I2CTL
  X:E655H         PUBLIC        EP6FIFOIRQ
  X:E603H         PUBLIC        PINFLAGSCD
  X:E6A4H         PUBLIC        EP4CS
  X:E648H         PUBLIC        INPKTEND
  X:E657H         PUBLIC        EP8FIFOIRQ
  X:E6A5H         PUBLIC        EP6CS
  X:E6A6H         PUBLIC        EP8CS
  X:E68FH         PUBLIC        EP1INBC
  X:E662H         PUBLIC        USBERRIE
  X:E6C8H         PUBLIC        FLOWEQ0CTL
  X:E6C9H         PUBLIC        FLOWEQ1CTL
  X:E682H         PUBLIC        WAKEUPCS
  X:E6F1H         PUBLIC        XGPIFSGLDATLX
  X:E658H         PUBLIC        IBNIE
  X:E686H         PUBLIC        MICROFRAME
  X:E65AH         PUBLIC        NAKIE
  X:E6B8H         PUBLIC        SETUPDAT
  X:E62AH         PUBLIC        ECC1B0
  X:E62DH         PUBLIC        ECC2B0
  X:E62BH         PUBLIC        ECC1B1
  X:E6F3H         PUBLIC        GPIFREADYCFG
  X:E62EH         PUBLIC        ECC2B1
  X:E62CH         PUBLIC        ECC1B2
  X:E62FH         PUBLIC        ECC2B2
  X:E6A2H         PUBLIC        EP1INCS
  X:E606H         PUBLIC        BPADDRH
  X:E65CH         PUBLIC        USBIE
  X:E60AH         PUBLIC        REVID
  X:E607H         PUBLIC        BPADDRL
  X:E650H         PUBLIC        EP2FIFOIE
  -------         ENDMOD        EZREGS

  -------         MODULE        I2C
  C:0000H         SYMBOL        _ICE_DUMMY_
  B:00E8H.1       PUBLIC        EI2C
  B:00A8H.7       PUBLIC        EA
  D:0091H         PUBLIC        EXIF
  C:041FH         PUBLIC        i2c_isr
  C:0B57H         PUBLIC        EZUSB_InitI2C
  D:0037H         PUBLIC        I2CPckt
  C:08E0H         PUBLIC        _EZUSB_WaitForEEPROMWrite
  C:094EH         PUBLIC        _EZUSB_ReadI2C_
BL51 BANKED LINKER/LOCATER V6.22                                                      08/21/2015  08:50:29  PAGE 25


  C:0982H         PUBLIC        _EZUSB_WriteI2C_
  -------         PROC          EZUSB_INITI2C
  C:0B57H         LINE#         40
  C:0B57H         LINE#         41
  C:0B57H         LINE#         42
  C:0B5AH         LINE#         44
  C:0B5CH         LINE#         45
  C:0B5EH         LINE#         50
  -------         ENDPROC       EZUSB_INITI2C
  -------         PROC          _EZUSB_WAITFOREEPROMWRITE
  D:0005H         SYMBOL        addr
  C:08E0H         LINE#         52
  C:08E2H         LINE#         53
  C:08E2H         LINE#         56
  C:08E9H         LINE#         60
  C:08EBH         LINE#         63
  C:08EBH         LINE#         64
  C:08F2H         LINE#         65
  C:08F9H         LINE#         66
  C:0900H         LINE#         67
  C:0907H         LINE#         68
  C:090EH         LINE#         69
  C:0915H         LINE#         72
  C:0917H         LINE#         74
  -------         ENDPROC       _EZUSB_WAITFOREEPROMWRITE
  -------         PROC          _EZUSB_WRITEI2C_
  D:0004H         SYMBOL        addr
  D:0005H         SYMBOL        length
  D:0002H         SYMBOL        dat
  C:0982H         LINE#         75
  C:0984H         LINE#         76
  C:0984H         LINE#         79
  C:098BH         LINE#         82
  C:098FH         LINE#         83
  C:098FH         LINE#         84
  C:0996H         LINE#         85
  C:099DH         LINE#         87
  C:099FH         LINE#         88
  C:09AAH         LINE#         89
  C:09ADH         LINE#         90
  C:09B0H         LINE#         92
  C:09B2H         LINE#         93
  C:09B2H         LINE#         95
  C:09B3H         LINE#         96
  -------         ENDPROC       _EZUSB_WRITEI2C_
  -------         PROC          _EZUSB_READI2C_
  D:0004H         SYMBOL        addr
  D:0005H         SYMBOL        length
  D:0002H         SYMBOL        dat
  C:094EH         LINE#         98
  C:0950H         LINE#         99
  C:0950H         LINE#         102
  C:0957H         LINE#         105
  C:095BH         LINE#         106
  C:095BH         LINE#         107
  C:0962H         LINE#         108
  C:096BH         LINE#         110
BL51 BANKED LINKER/LOCATER V6.22                                                      08/21/2015  08:50:29  PAGE 26


  C:096DH         LINE#         111
  C:0978H         LINE#         112
  C:097BH         LINE#         113
  C:097EH         LINE#         115
  C:0980H         LINE#         116
  C:0980H         LINE#         118
  C:0981H         LINE#         119
  -------         ENDPROC       _EZUSB_READI2C_
  -------         PROC          I2C_ISR
  C:041FH         LINE#         121
  C:043FH         LINE#         123
  C:0446H         LINE#         124
  C:044CH         LINE#         125
  C:0459H         LINE#         126
  C:045FH         LINE#         128
  C:047DH         LINE#         129
  C:047DH         LINE#         130
  C:047DH         LINE#         131
  C:0493H         LINE#         132
  C:0499H         LINE#         133
  C:049CH         LINE#         134
  C:049EH         LINE#         135
  C:049EH         LINE#         136
  C:04B2H         LINE#         137
  C:04B5H         LINE#         138
  C:04BBH         LINE#         139
  C:04C2H         LINE#         140
  C:04C4H         LINE#         141
  C:04C4H         LINE#         142
  C:04CBH         LINE#         143
  C:04D2H         LINE#         144
  C:04D8H         LINE#         145
  C:04D8H         LINE#         146
  C:04DFH         LINE#         147
  C:04E2H         LINE#         148
  C:04E2H         LINE#         149
  C:04F6H         LINE#         150
  C:04F8H         LINE#         151
  C:04FAH         LINE#         152
  C:04FAH         LINE#         153
  C:0501H         LINE#         157
  C:0504H         LINE#         159
  C:0506H         LINE#         160
  C:0506H         LINE#         161
  C:0509H         LINE#         162
  C:0509H         LINE#         163
  C:0509H         LINE#         164
  C:050CH         LINE#         165
  -------         ENDPROC       I2C_ISR
  -------         ENDMOD        I2C

  -------         MODULE        GET_STRD
  C:0000H         SYMBOL        _ICE_DUMMY_
  C:0A0FH         PUBLIC        _EZUSB_GetStringDscr
  -------         PROC          _EZUSB_GETSTRINGDSCR
  D:0001H         SYMBOL        StrIdx
  -------         DO            
BL51 BANKED LINKER/LOCATER V6.22                                                      08/21/2015  08:50:29  PAGE 27


  D:0006H         SYMBOL        dscr
  -------         ENDDO         
  C:0A0FH         LINE#         38
  C:0A11H         LINE#         39
  C:0A11H         LINE#         42
  C:0A15H         LINE#         44
  C:0A1FH         LINE#         45
  C:0A1FH         LINE#         46
  C:0A25H         LINE#         47
  C:0A26H         LINE#         48
  C:0A34H         LINE#         49
  C:0A36H         LINE#         51
  C:0A39H         LINE#         52
  -------         ENDPROC       _EZUSB_GETSTRINGDSCR
  -------         ENDMOD        GET_STRD

  -------         MODULE        SUSP
  C:0A3AH         SEGMENT       EZUSB
  C:0A3AH         PUBLIC        EZUSB_SUSP
  B:00D0H.6       SYMBOL        AC
  D:00E0H         SYMBOL        ACC
  D:009AH         SYMBOL        APTR1H
  D:009BH         SYMBOL        APTR1L
  D:009AH         SYMBOL        AUTOPTR1H
  D:009BH         SYMBOL        AUTOPTR1L
  D:009AH         SYMBOL        AUTOPTRH1
  D:009DH         SYMBOL        AUTOPTRH2
  D:009BH         SYMBOL        AUTOPTRL1
  D:009EH         SYMBOL        AUTOPTRL2
  D:00AFH         SYMBOL        AUTOPTRSETUP
  D:00F0H         SYMBOL        B
  X:E606H         SYMBOL        BPADDRH
  X:E607H         SYMBOL        BPADDRL
  X:E605H         SYMBOL        BREAKPT
  D:008EH         SYMBOL        CKCON
  X:E665H         SYMBOL        CLRERRCNT
  X:E600H         SYMBOL        CPUCS
  B:00C8H.0       SYMBOL        CP_RL2
  X:E6FBH         SYMBOL        CT1
  X:E6FCH         SYMBOL        CT2
  X:E6FDH         SYMBOL        CT3
  X:E6FEH         SYMBOL        CT4
  B:00D0H.7       SYMBOL        CY
  B:00C8H.1       SYMBOL        C_T2
  X:E6F8H         SYMBOL        DBUG
  D:0083H         SYMBOL        DPH
  D:0085H         SYMBOL        DPH1
  D:0082H         SYMBOL        DPL
  D:0084H         SYMBOL        DPL1
  D:0086H         SYMBOL        DPS
  B:00A8H.7       SYMBOL        EA
  X:E62AH         SYMBOL        ECC1B0
  X:E62BH         SYMBOL        ECC1B1
  X:E62CH         SYMBOL        ECC1B2
  X:E62DH         SYMBOL        ECC2B0
  X:E62EH         SYMBOL        ECC2B1
  X:E62FH         SYMBOL        ECC2B2
BL51 BANKED LINKER/LOCATER V6.22                                                      08/21/2015  08:50:29  PAGE 28


  X:E628H         SYMBOL        ECCCFG
  X:E629H         SYMBOL        ECCRESET
  B:00E8H.1       SYMBOL        EI2C
  D:00D8H         SYMBOL        EICON
  D:00E8H         SYMBOL        EIE
  B:00E8H.2       SYMBOL        EIEX4
  B:00E8H.3       SYMBOL        EIEX5
  B:00E8H.4       SYMBOL        EIEX6
  D:00F8H         SYMBOL        EIP
  B:00F8H.2       SYMBOL        EIPX4
  B:00F8H.3       SYMBOL        EIPX5
  B:00F8H.4       SYMBOL        EIPX6
  D:00BAH         SYMBOL        EP01STAT
  X:E68AH         SYMBOL        EP0BCH
  X:E68BH         SYMBOL        EP0BCL
  X:E740H         SYMBOL        EP0BUF
  X:E6A0H         SYMBOL        EP0CS
  X:E68FH         SYMBOL        EP1INBC
  X:E7C0H         SYMBOL        EP1INBUF
  X:E611H         SYMBOL        EP1INCFG
  X:E6A2H         SYMBOL        EP1INCS
  X:E68DH         SYMBOL        EP1OUTBC
  X:E780H         SYMBOL        EP1OUTBUF
  X:E610H         SYMBOL        EP1OUTCFG
  X:E6A1H         SYMBOL        EP1OUTCS
  D:00AAH         SYMBOL        EP2468STAT
  D:00ABH         SYMBOL        EP24FIFOFLGS
  X:E620H         SYMBOL        EP2AUTOINLENH
  X:E621H         SYMBOL        EP2AUTOINLENL
  X:E690H         SYMBOL        EP2BCH
  X:E691H         SYMBOL        EP2BCL
  X:E612H         SYMBOL        EP2CFG
  X:E6A3H         SYMBOL        EP2CS
  X:E6ABH         SYMBOL        EP2FIFOBCH
  X:E6ACH         SYMBOL        EP2FIFOBCL
  X:F000H         SYMBOL        EP2FIFOBUF
  X:E618H         SYMBOL        EP2FIFOCFG
  X:E6A7H         SYMBOL        EP2FIFOFLGS
  X:E650H         SYMBOL        EP2FIFOIE
  X:E651H         SYMBOL        EP2FIFOIRQ
  X:E630H         SYMBOL        EP2FIFOPFH
  X:E631H         SYMBOL        EP2FIFOPFL
  X:E6D2H         SYMBOL        EP2GPIFFLGSEL
  X:E6D3H         SYMBOL        EP2GPIFPFSTOP
  X:E6D0H         SYMBOL        EP2GPIFTCH
  X:E6D1H         SYMBOL        EP2GPIFTCL
  X:E6D4H         SYMBOL        EP2GPIFTRIG
  X:E640H         SYMBOL        EP2ISOINPKTS
  X:E622H         SYMBOL        EP4AUTOINLENH
  X:E623H         SYMBOL        EP4AUTOINLENL
  X:E694H         SYMBOL        EP4BCH
  X:E695H         SYMBOL        EP4BCL
  X:E613H         SYMBOL        EP4CFG
  X:E6A4H         SYMBOL        EP4CS
  X:E6ADH         SYMBOL        EP4FIFOBCH
  X:E6AEH         SYMBOL        EP4FIFOBCL
  X:F400H         SYMBOL        EP4FIFOBUF
BL51 BANKED LINKER/LOCATER V6.22                                                      08/21/2015  08:50:29  PAGE 29


  X:E619H         SYMBOL        EP4FIFOCFG
  X:E6A8H         SYMBOL        EP4FIFOFLGS
  X:E652H         SYMBOL        EP4FIFOIE
  X:E653H         SYMBOL        EP4FIFOIRQ
  X:E632H         SYMBOL        EP4FIFOPFH
  X:E633H         SYMBOL        EP4FIFOPFL
  X:E6DAH         SYMBOL        EP4GPIFFLGSEL
  X:E6DBH         SYMBOL        EP4GPIFPFSTOP
  X:E6D0H         SYMBOL        EP4GPIFTCH
  X:E6D1H         SYMBOL        EP4GPIFTCL
  X:E6DCH         SYMBOL        EP4GPIFTRIG
  X:E641H         SYMBOL        EP4ISOINPKTS
  D:00ACH         SYMBOL        EP68FIFOFLGS
  X:E624H         SYMBOL        EP6AUTOINLENH
  X:E625H         SYMBOL        EP6AUTOINLENL
  X:E698H         SYMBOL        EP6BCH
  X:E699H         SYMBOL        EP6BCL
  X:E614H         SYMBOL        EP6CFG
  X:E6A5H         SYMBOL        EP6CS
  X:E6AFH         SYMBOL        EP6FIFOBCH
  X:E6B0H         SYMBOL        EP6FIFOBCL
  X:F800H         SYMBOL        EP6FIFOBUF
  X:E61AH         SYMBOL        EP6FIFOCFG
  X:E6A9H         SYMBOL        EP6FIFOFLGS
  X:E654H         SYMBOL        EP6FIFOIE
  X:E655H         SYMBOL        EP6FIFOIRQ
  X:E634H         SYMBOL        EP6FIFOPFH
  X:E635H         SYMBOL        EP6FIFOPFL
  X:E6E2H         SYMBOL        EP6GPIFFLGSEL
  X:E6E3H         SYMBOL        EP6GPIFPFSTOP
  X:E6D0H         SYMBOL        EP6GPIFTCH
  X:E6D1H         SYMBOL        EP6GPIFTCL
  X:E6E4H         SYMBOL        EP6GPIFTRIG
  X:E642H         SYMBOL        EP6ISOINPKTS
  X:E626H         SYMBOL        EP8AUTOINLENH
  X:E627H         SYMBOL        EP8AUTOINLENL
  X:E69CH         SYMBOL        EP8BCH
  X:E69DH         SYMBOL        EP8BCL
  X:E615H         SYMBOL        EP8CFG
  X:E6A6H         SYMBOL        EP8CS
  X:E6B1H         SYMBOL        EP8FIFOBCH
  X:E6B2H         SYMBOL        EP8FIFOBCL
  X:FC00H         SYMBOL        EP8FIFOBUF
  X:E61BH         SYMBOL        EP8FIFOCFG
  X:E6AAH         SYMBOL        EP8FIFOFLGS
  X:E656H         SYMBOL        EP8FIFOIE
  X:E657H         SYMBOL        EP8FIFOIRQ
  X:E636H         SYMBOL        EP8FIFOPFH
  X:E637H         SYMBOL        EP8FIFOPFL
  X:E6EAH         SYMBOL        EP8GPIFFLGSEL
  X:E6EBH         SYMBOL        EP8GPIFPFSTOP
  X:E6D0H         SYMBOL        EP8GPIFTCH
  X:E6D1H         SYMBOL        EP8GPIFTCL
  X:E6ECH         SYMBOL        EP8GPIFTRIG
  X:E643H         SYMBOL        EP8ISOINPKTS
  X:E65EH         SYMBOL        EPIE
  X:E65FH         SYMBOL        EPIRQ
BL51 BANKED LINKER/LOCATER V6.22                                                      08/21/2015  08:50:29  PAGE 30


  B:00D8H.5       SYMBOL        ERESI
  X:E664H         SYMBOL        ERRCNTLIM
  C:0A4DH         SYMBOL        ER_END
  B:00A8H.4       SYMBOL        ES0
  B:00A8H.6       SYMBOL        ES1
  B:00A8H.1       SYMBOL        ET0
  B:00A8H.3       SYMBOL        ET1
  B:00A8H.5       SYMBOL        ET2
  B:00E8H.0       SYMBOL        EUSB
  B:00A8H.0       SYMBOL        EX0
  B:00A8H.2       SYMBOL        EX1
  B:00C8H.3       SYMBOL        EXEN2
  B:00C8H.6       SYMBOL        EXF2
  D:0091H         SYMBOL        EXIF
  X:E67BH         SYMBOL        EXTAUTODAT1
  X:E67CH         SYMBOL        EXTAUTODAT2
  B:00D0H.5       SYMBOL        F0
  X:E609H         SYMBOL        FIFOPINPOLAR
  X:E604H         SYMBOL        FIFORESET
  B:00D0H.1       SYMBOL        FL
  X:E6CCH         SYMBOL        FLOWEDGE
  X:E6C8H         SYMBOL        FLOWEQ0CTL
  X:E6C9H         SYMBOL        FLOWEQ1CTL
  X:E6C7H         SYMBOL        FLOWLOGIC
  X:E6C6H         SYMBOL        FLOWSTATE
  X:E6CBH         SYMBOL        FLOWSTB
  X:E6CDH         SYMBOL        FLOWSTBHPERIOD
  X:E687H         SYMBOL        FNADDR
  X:E509H         SYMBOL        GPCR2
  X:E6F5H         SYMBOL        GPIFABORT
  X:E6C4H         SYMBOL        GPIFADRH
  X:E6C5H         SYMBOL        GPIFADRL
  X:E6C3H         SYMBOL        GPIFCTLCFG
  X:E60CH         SYMBOL        GPIFHOLDAMOUNT
  X:E6C1H         SYMBOL        GPIFIDLECS
  X:E6C2H         SYMBOL        GPIFIDLECTL
  X:E660H         SYMBOL        GPIFIE
  X:E661H         SYMBOL        GPIFIRQ
  X:E6F3H         SYMBOL        GPIFREADYCFG
  X:E6F4H         SYMBOL        GPIFREADYSTAT
  D:00BDH         SYMBOL        GPIFSGLDATH
  D:00BFH         SYMBOL        GPIFSGLDATLNOX
  D:00BEH         SYMBOL        GPIFSGLDATLX
  X:E6D1H         SYMBOL        GPIFTCB0
  X:E6D0H         SYMBOL        GPIFTCB1
  X:E6CFH         SYMBOL        GPIFTCB2
  X:E6CEH         SYMBOL        GPIFTCB3
  D:00BBH         SYMBOL        GPIFTRIG
  X:E6C0H         SYMBOL        GPIFWFSELECT
  X:E400H         SYMBOL        GPIF_WAVE_DATA
  X:E678H         SYMBOL        I2CS
  X:E67AH         SYMBOL        I2CTL
  X:E679H         SYMBOL        I2DAT
  X:E658H         SYMBOL        IBNIE
  X:E659H         SYMBOL        IBNIRQ
  D:00A8H         SYMBOL        IE
  B:0088H.1       SYMBOL        IE0
BL51 BANKED LINKER/LOCATER V6.22                                                      08/21/2015  08:50:29  PAGE 31


  B:0088H.3       SYMBOL        IE1
  X:E601H         SYMBOL        IFCONFIG
  X:E648H         SYMBOL        INPKTEND
  D:00A1H         SYMBOL        INT2CLR
  X:E666H         SYMBOL        INT2IVEC
  D:00A2H         SYMBOL        INT4CLR
  X:E667H         SYMBOL        INT4IVEC
  B:00D8H.3       SYMBOL        INT6
  X:E668H         SYMBOL        INTSETUP
  D:0080H         SYMBOL        IOA
  D:0090H         SYMBOL        IOB
  D:00A0H         SYMBOL        IOC
  D:00B0H         SYMBOL        IOD
  D:00B1H         SYMBOL        IOE
  D:00B8H         SYMBOL        IP
  B:0088H.0       SYMBOL        IT0
  B:0088H.2       SYMBOL        IT1
  X:E686H         SYMBOL        MICROFRAME
  D:0092H         SYMBOL        MPAGE
  X:E65AH         SYMBOL        NAKIE
  X:E65BH         SYMBOL        NAKIRQ
  D:00B2H         SYMBOL        OEA
  D:00B3H         SYMBOL        OEB
  D:00B4H         SYMBOL        OEC
  D:00B5H         SYMBOL        OED
  D:00B6H         SYMBOL        OEE
  X:E649H         SYMBOL        OUTPKTEND
  B:00D0H.2       SYMBOL        OV
  B:00D0H.0       SYMBOL        P
  B:0080H.0       SYMBOL        PA0
  B:0080H.1       SYMBOL        PA1
  B:0080H.2       SYMBOL        PA2
  B:0080H.3       SYMBOL        PA3
  B:0080H.4       SYMBOL        PA4
  B:0080H.5       SYMBOL        PA5
  B:0080H.6       SYMBOL        PA6
  B:0080H.7       SYMBOL        PA7
  B:0090H.0       SYMBOL        PB0
  B:0090H.1       SYMBOL        PB1
  B:0090H.2       SYMBOL        PB2
  B:0090H.3       SYMBOL        PB3
  B:0090H.4       SYMBOL        PB4
  B:0090H.5       SYMBOL        PB5
  B:0090H.6       SYMBOL        PB6
  B:0090H.7       SYMBOL        PB7
  B:00A0H.0       SYMBOL        PC0
  B:00A0H.1       SYMBOL        PC1
  B:00A0H.2       SYMBOL        PC2
  B:00A0H.3       SYMBOL        PC3
  B:00A0H.4       SYMBOL        PC4
  B:00A0H.5       SYMBOL        PC5
  B:00A0H.6       SYMBOL        PC6
  B:00A0H.7       SYMBOL        PC7
  D:0087H         SYMBOL        PCON
  B:00B0H.0       SYMBOL        PD0
  B:00B0H.1       SYMBOL        PD1
  B:00B0H.2       SYMBOL        PD2
BL51 BANKED LINKER/LOCATER V6.22                                                      08/21/2015  08:50:29  PAGE 32


  B:00B0H.3       SYMBOL        PD3
  B:00B0H.4       SYMBOL        PD4
  B:00B0H.5       SYMBOL        PD5
  B:00B0H.6       SYMBOL        PD6
  B:00B0H.7       SYMBOL        PD7
  B:00F8H.1       SYMBOL        PI2C
  X:E602H         SYMBOL        PINFLAGSAB
  X:E603H         SYMBOL        PINFLAGSCD
  X:E670H         SYMBOL        PORTACFG
  X:E671H         SYMBOL        PORTCCFG
  X:E672H         SYMBOL        PORTECFG
[...]
  X:E65CH         SYMBOL        USBIE
  X:E65DH         SYMBOL        USBIRQ
  X:E6FAH         SYMBOL        USBTEST
  X:E682H         SYMBOL        WAKEUPCS
  X:E6F0H         SYMBOL        XGPIFSGLDATH
  X:E6F2H         SYMBOL        XGPIFSGLDATLNOX
  X:E6F1H         SYMBOL        XGPIFSGLDATLX
  C:0A3AH         LINE#         22
  C:0A3DH         LINE#         23
  C:0A3EH         LINE#         24
  C:0A40H         LINE#         25
  C:0A41H         LINE#         27
  C:0A44H         LINE#         28
  C:0A45H         LINE#         30
  C:0A48H         LINE#         32
  C:0A49H         LINE#         33
  C:0A4AH         LINE#         34
  C:0A4BH         LINE#         35
  C:0A4CH         LINE#         36
  C:0A4DH         LINE#         37
  -------         ENDMOD        SUSP

  -------         MODULE        DELAY
  C:0000H         SYMBOL        _ICE_DUMMY_
  C:05B3H         PUBLIC        _EZUSB_Delay
  -------         PROC          _EZUSB_DELAY
  D:001BH         SYMBOL        ms
  C:05B3H         LINE#         39
  C:05B7H         LINE#         40
  C:05B7H         LINE#         46
BL51 BANKED LINKER/LOCATER V6.22                                                      08/21/2015  08:50:29  PAGE 34


  C:05BFH         LINE#         47
  C:05D1H         LINE#         48
  C:05DBH         LINE#         49
  C:05E6H         LINE#         51
  C:05F3H         LINE#         52
  C:05F8H         LINE#         53
  -------         ENDPROC       _EZUSB_DELAY
  -------         ENDMOD        DELAY

  -------         MODULE        DELAY1MS
  C:0A3AH         SEGMENT       EZUSB
  C:0A4EH         PUBLIC        EZUSB_DELAY1MS
  B:00D0H.6       SYMBOL        AC
  D:00E0H         SYMBOL        ACC
  D:009AH         SYMBOL        APTR1H
  D:009BH         SYMBOL        APTR1L
  D:009AH         SYMBOL        AUTOPTR1H
  D:009BH         SYMBOL        AUTOPTR1L
  D:009AH         SYMBOL        AUTOPTRH1
  D:009DH         SYMBOL        AUTOPTRH2
  D:009BH         SYMBOL        AUTOPTRL1
  D:009EH         SYMBOL        AUTOPTRL2
  D:00AFH         SYMBOL        AUTOPTRSETUP
  D:00F0H         SYMBOL        B
  X:E606H         SYMBOL        BPADDRH
  X:E607H         SYMBOL        BPADDRL
  X:E605H         SYMBOL        BREAKPT
  D:008EH         SYMBOL        CKCON
  X:E665H         SYMBOL        CLRERRCNT
  X:E600H         SYMBOL        CPUCS
  B:00C8H.0       SYMBOL        CP_RL2
  X:E6FBH         SYMBOL        CT1
  X:E6FCH         SYMBOL        CT2
  X:E6FDH         SYMBOL        CT3
  X:E6FEH         SYMBOL        CT4
  B:00D0H.7       SYMBOL        CY
  B:00C8H.1       SYMBOL        C_T2
  X:E6F8H         SYMBOL        DBUG
  N:0000H         SYMBOL        DELAY1MS
  D:0083H         SYMBOL        DPH
  D:0085H         SYMBOL        DPH1
  D:0082H         SYMBOL        DPL
  D:0084H         SYMBOL        DPL1
  D:0086H         SYMBOL        DPS
  B:00A8H.7       SYMBOL        EA
  X:E62AH         SYMBOL        ECC1B0
  X:E62BH         SYMBOL        ECC1B1
  X:E62CH         SYMBOL        ECC1B2
  X:E62DH         SYMBOL        ECC2B0
  X:E62EH         SYMBOL        ECC2B1
  X:E62FH         SYMBOL        ECC2B2
  X:E628H         SYMBOL        ECCCFG
  X:E629H         SYMBOL        ECCRESET
  B:00E8H.1       SYMBOL        EI2C
  D:00D8H         SYMBOL        EICON
  D:00E8H         SYMBOL        EIE
  B:00E8H.2       SYMBOL        EIEX4
BL51 BANKED LINKER/LOCATER V6.22                                                      08/21/2015  08:50:29  PAGE 35


  B:00E8H.3       SYMBOL        EIEX5
  B:00E8H.4       SYMBOL        EIEX6
  D:00F8H         SYMBOL        EIP
  B:00F8H.2       SYMBOL        EIPX4
  B:00F8H.3       SYMBOL        EIPX5
  B:00F8H.4       SYMBOL        EIPX6
  D:00BAH         SYMBOL        EP01STAT
  X:E68AH         SYMBOL        EP0BCH
  X:E68BH         SYMBOL        EP0BCL
  X:E740H         SYMBOL        EP0BUF
  X:E6A0H         SYMBOL        EP0CS
  X:E68FH         SYMBOL        EP1INBC
  X:E7C0H         SYMBOL        EP1INBUF
  X:E611H         SYMBOL        EP1INCFG
  X:E6A2H         SYMBOL        EP1INCS
  X:E68DH         SYMBOL        EP1OUTBC
  X:E780H         SYMBOL        EP1OUTBUF
  X:E610H         SYMBOL        EP1OUTCFG
  X:E6A1H         SYMBOL        EP1OUTCS
  D:00AAH         SYMBOL        EP2468STAT
  D:00ABH         SYMBOL        EP24FIFOFLGS
  X:E620H         SYMBOL        EP2AUTOINLENH
  X:E621H         SYMBOL        EP2AUTOINLENL
  X:E690H         SYMBOL        EP2BCH
  X:E691H         SYMBOL        EP2BCL
  X:E612H         SYMBOL        EP2CFG
  X:E6A3H         SYMBOL        EP2CS
  X:E6ABH         SYMBOL        EP2FIFOBCH
  X:E6ACH         SYMBOL        EP2FIFOBCL
  X:F000H         SYMBOL        EP2FIFOBUF
  X:E618H         SYMBOL        EP2FIFOCFG
  X:E6A7H         SYMBOL        EP2FIFOFLGS
  X:E650H         SYMBOL        EP2FIFOIE
  X:E651H         SYMBOL        EP2FIFOIRQ
  X:E630H         SYMBOL        EP2FIFOPFH
  X:E631H         SYMBOL        EP2FIFOPFL
  X:E6D2H         SYMBOL        EP2GPIFFLGSEL
  X:E6D3H         SYMBOL        EP2GPIFPFSTOP
  X:E6D0H         SYMBOL        EP2GPIFTCH
  X:E6D1H         SYMBOL        EP2GPIFTCL
  X:E6D4H         SYMBOL        EP2GPIFTRIG
  X:E640H         SYMBOL        EP2ISOINPKTS
  X:E622H         SYMBOL        EP4AUTOINLENH
  X:E623H         SYMBOL        EP4AUTOINLENL
  X:E694H         SYMBOL        EP4BCH
  X:E695H         SYMBOL        EP4BCL
  X:E613H         SYMBOL        EP4CFG
  X:E6A4H         SYMBOL        EP4CS
  X:E6ADH         SYMBOL        EP4FIFOBCH
  X:E6AEH         SYMBOL        EP4FIFOBCL
  X:F400H         SYMBOL        EP4FIFOBUF
  X:E619H         SYMBOL        EP4FIFOCFG
  X:E6A8H         SYMBOL        EP4FIFOFLGS
  X:E652H         SYMBOL        EP4FIFOIE
  X:E653H         SYMBOL        EP4FIFOIRQ
  X:E632H         SYMBOL        EP4FIFOPFH
  X:E633H         SYMBOL        EP4FIFOPFL
BL51 BANKED LINKER/LOCATER V6.22                                                      08/21/2015  08:50:29  PAGE 36


  X:E6DAH         SYMBOL        EP4GPIFFLGSEL
  X:E6DBH         SYMBOL        EP4GPIFPFSTOP
  X:E6D0H         SYMBOL        EP4GPIFTCH
  X:E6D1H         SYMBOL        EP4GPIFTCL
  X:E6DCH         SYMBOL        EP4GPIFTRIG
  X:E641H         SYMBOL        EP4ISOINPKTS
  D:00ACH         SYMBOL        EP68FIFOFLGS
  X:E624H         SYMBOL        EP6AUTOINLENH
  X:E625H         SYMBOL        EP6AUTOINLENL
  X:E698H         SYMBOL        EP6BCH
  X:E699H         SYMBOL        EP6BCL
  X:E614H         SYMBOL        EP6CFG
  X:E6A5H         SYMBOL        EP6CS
  X:E6AFH         SYMBOL        EP6FIFOBCH
  X:E6B0H         SYMBOL        EP6FIFOBCL
  X:F800H         SYMBOL        EP6FIFOBUF
  X:E61AH         SYMBOL        EP6FIFOCFG
  X:E6A9H         SYMBOL        EP6FIFOFLGS
  X:E654H         SYMBOL        EP6FIFOIE
  X:E655H         SYMBOL        EP6FIFOIRQ
  X:E634H         SYMBOL        EP6FIFOPFH
  X:E635H         SYMBOL        EP6FIFOPFL
  X:E6E2H         SYMBOL        EP6GPIFFLGSEL
  X:E6E3H         SYMBOL        EP6GPIFPFSTOP
  X:E6D0H         SYMBOL        EP6GPIFTCH
  X:E6D1H         SYMBOL        EP6GPIFTCL
  X:E6E4H         SYMBOL        EP6GPIFTRIG
  X:E642H         SYMBOL        EP6ISOINPKTS
  X:E626H         SYMBOL        EP8AUTOINLENH
  X:E627H         SYMBOL        EP8AUTOINLENL
  X:E69CH         SYMBOL        EP8BCH
  X:E69DH         SYMBOL        EP8BCL
  X:E615H         SYMBOL        EP8CFG
  X:E6A6H         SYMBOL        EP8CS
  X:E6B1H         SYMBOL        EP8FIFOBCH
  X:E6B2H         SYMBOL        EP8FIFOBCL
  X:FC00H         SYMBOL        EP8FIFOBUF
  X:E61BH         SYMBOL        EP8FIFOCFG
  X:E6AAH         SYMBOL        EP8FIFOFLGS
  X:E656H         SYMBOL        EP8FIFOIE
  X:E657H         SYMBOL        EP8FIFOIRQ
  X:E636H         SYMBOL        EP8FIFOPFH
  X:E637H         SYMBOL        EP8FIFOPFL
  X:E6EAH         SYMBOL        EP8GPIFFLGSEL
  X:E6EBH         SYMBOL        EP8GPIFPFSTOP
  X:E6D0H         SYMBOL        EP8GPIFTCH
  X:E6D1H         SYMBOL        EP8GPIFTCL
  X:E6ECH         SYMBOL        EP8GPIFTRIG
  X:E643H         SYMBOL        EP8ISOINPKTS
  X:E65EH         SYMBOL        EPIE
  X:E65FH         SYMBOL        EPIRQ
  B:00D8H.5       SYMBOL        ERESI
  X:E664H         SYMBOL        ERRCNTLIM
  C:0A5EH         SYMBOL        ER_END
  B:00A8H.4       SYMBOL        ES0
  B:00A8H.6       SYMBOL        ES1
  B:00A8H.1       SYMBOL        ET0
BL51 BANKED LINKER/LOCATER V6.22                                                      08/21/2015  08:50:29  PAGE 37


  B:00A8H.3       SYMBOL        ET1
  B:00A8H.5       SYMBOL        ET2
  B:00E8H.0       SYMBOL        EUSB
  B:00A8H.0       SYMBOL        EX0
  B:00A8H.2       SYMBOL        EX1
  B:00C8H.3       SYMBOL        EXEN2
  B:00C8H.6       SYMBOL        EXF2
  D:0091H         SYMBOL        EXIF
  X:E67BH         SYMBOL        EXTAUTODAT1
  X:E67CH         SYMBOL        EXTAUTODAT2
  B:00D0H.5       SYMBOL        F0
  X:E609H         SYMBOL        FIFOPINPOLAR
  X:E604H         SYMBOL        FIFORESET
  B:00D0H.1       SYMBOL        FL
  X:E6CCH         SYMBOL        FLOWEDGE
  X:E6C8H         SYMBOL        FLOWEQ0CTL
  X:E6C9H         SYMBOL        FLOWEQ1CTL
  X:E6C7H         SYMBOL        FLOWLOGIC
  X:E6C6H         SYMBOL        FLOWSTATE
  X:E6CBH         SYMBOL        FLOWSTB
  X:E6CDH         SYMBOL        FLOWSTBHPERIOD
  X:E687H         SYMBOL        FNADDR
  X:E509H         SYMBOL        GPCR2
  X:E6F5H         SYMBOL        GPIFABORT
  X:E6C4H         SYMBOL        GPIFADRH
  X:E6C5H         SYMBOL        GPIFADRL
  X:E6C3H         SYMBOL        GPIFCTLCFG
  X:E60CH         SYMBOL        GPIFHOLDAMOUNT
  X:E6C1H         SYMBOL        GPIFIDLECS
  X:E6C2H         SYMBOL        GPIFIDLECTL
  X:E660H         SYMBOL        GPIFIE
  X:E661H         SYMBOL        GPIFIRQ
  X:E6F3H         SYMBOL        GPIFREADYCFG
  X:E6F4H         SYMBOL        GPIFREADYSTAT
  D:00BDH         SYMBOL        GPIFSGLDATH
  D:00BFH         SYMBOL        GPIFSGLDATLNOX
  D:00BEH         SYMBOL        GPIFSGLDATLX
  X:E6D1H         SYMBOL        GPIFTCB0
  X:E6D0H         SYMBOL        GPIFTCB1
  X:E6CFH         SYMBOL        GPIFTCB2
  X:E6CEH         SYMBOL        GPIFTCB3
  D:00BBH         SYMBOL        GPIFTRIG
  X:E6C0H         SYMBOL        GPIFWFSELECT
  X:E400H         SYMBOL        GPIF_WAVE_DATA
  X:E678H         SYMBOL        I2CS
  X:E67AH         SYMBOL        I2CTL
  X:E679H         SYMBOL        I2DAT
  X:E658H         SYMBOL        IBNIE
  X:E659H         SYMBOL        IBNIRQ
  D:00A8H         SYMBOL        IE
  B:0088H.1       SYMBOL        IE0
  B:0088H.3       SYMBOL        IE1
  X:E601H         SYMBOL        IFCONFIG
  X:E648H         SYMBOL        INPKTEND
  D:00A1H         SYMBOL        INT2CLR
  X:E666H         SYMBOL        INT2IVEC
  D:00A2H         SYMBOL        INT4CLR
BL51 BANKED LINKER/LOCATER V6.22                                                      08/21/2015  08:50:29  PAGE 38


  X:E667H         SYMBOL        INT4IVEC
  B:00D8H.3       SYMBOL        INT6
  X:E668H         SYMBOL        INTSETUP
  D:0080H         SYMBOL        IOA
  D:0090H         SYMBOL        IOB
  D:00A0H         SYMBOL        IOC
  D:00B0H         SYMBOL        IOD
  D:00B1H         SYMBOL        IOE
  D:00B8H         SYMBOL        IP
  B:0088H.0       SYMBOL        IT0
  B:0088H.2       SYMBOL        IT1
  C:0A57H         SYMBOL        LOOP
  X:E686H         SYMBOL        MICROFRAME
  D:0092H         SYMBOL        MPAGE
  X:E65AH         SYMBOL        NAKIE
  X:E65BH         SYMBOL        NAKIRQ
  D:00B2H         SYMBOL        OEA
  D:00B3H         SYMBOL        OEB
  D:00B4H         SYMBOL        OEC
  D:00B5H         SYMBOL        OED
  D:00B6H         SYMBOL        OEE
  X:E649H         SYMBOL        OUTPKTEND
  B:00D0H.2       SYMBOL        OV
  B:00D0H.0       SYMBOL        P
  B:0080H.0       SYMBOL        PA0
  B:0080H.1       SYMBOL        PA1
  B:0080H.2       SYMBOL        PA2
  B:0080H.3       SYMBOL        PA3
  B:0080H.4       SYMBOL        PA4
  B:0080H.5       SYMBOL        PA5
  B:0080H.6       SYMBOL        PA6
  B:0080H.7       SYMBOL        PA7
  B:0090H.0       SYMBOL        PB0
  B:0090H.1       SYMBOL        PB1
  B:0090H.2       SYMBOL        PB2
  B:0090H.3       SYMBOL        PB3
  B:0090H.4       SYMBOL        PB4
  B:0090H.5       SYMBOL        PB5
  B:0090H.6       SYMBOL        PB6
  B:0090H.7       SYMBOL        PB7
  B:00A0H.0       SYMBOL        PC0
  B:00A0H.1       SYMBOL        PC1
  B:00A0H.2       SYMBOL        PC2
  B:00A0H.3       SYMBOL        PC3
  B:00A0H.4       SYMBOL        PC4
  B:00A0H.5       SYMBOL        PC5
  B:00A0H.6       SYMBOL        PC6
  B:00A0H.7       SYMBOL        PC7
  D:0087H         SYMBOL        PCON
  B:00B0H.0       SYMBOL        PD0
  B:00B0H.1       SYMBOL        PD1
  B:00B0H.2       SYMBOL        PD2
  B:00B0H.3       SYMBOL        PD3
  B:00B0H.4       SYMBOL        PD4
  B:00B0H.5       SYMBOL        PD5
  B:00B0H.6       SYMBOL        PD6
  B:00B0H.7       SYMBOL        PD7
BL51 BANKED LINKER/LOCATER V6.22                                                      08/21/2015  08:50:29  PAGE 39


  B:00F8H.1       SYMBOL        PI2C
  X:E602H         SYMBOL        PINFLAGSAB
  X:E603H         SYMBOL        PINFLAGSCD
  X:E670H         SYMBOL        PORTACFG
  X:E671H         SYMBOL        PORTCCFG
  X:E672H         SYMBOL        PORTECFG
  B:00B8H.4       SYMBOL        PS0
  B:00B8H.6       SYMBOL        PS1
  D:00D0H         SYMBOL        PSW
  B:00B8H.1       SYMBOL        PT0
  B:00B8H.3       SYMBOL        PT1
  B:00B8H.5       SYMBOL        PT2
  B:00F8H.0       SYMBOL        PUSB
  B:00B8H.0       SYMBOL        PX0
  B:00B8H.2       SYMBOL        PX1
  B:0098H.2       SYMBOL        RB8
  B:00C0H.2       SYMBOL        RB81
  D:00CBH         SYMBOL        RCAP2H
  D:00CAH         SYMBOL        RCAP2L
  B:00C8H.5       SYMBOL        RCLK
  B:0098H.4       SYMBOL        REN
  B:00C0H.4       SYMBOL        REN1
  B:00D8H.4       SYMBOL        RESI
  X:E480H         SYMBOL        RES_WAVEDATA_END
  X:E60BH         SYMBOL        REVCTL
  X:E60AH         SYMBOL        REVID
  B:0098H.0       SYMBOL        RI
  B:00C0H.0       SYMBOL        RI1
  B:00D0H.3       SYMBOL        RS0
  B:00D0H.4       SYMBOL        RS1
  D:0099H         SYMBOL        SBUF0
  D:00C1H         SYMBOL        SBUF1
  D:0098H         SYMBOL        SCON0
  D:00C0H         SYMBOL        SCON1
  X:E6B8H         SYMBOL        SETUPDAT
  B:0098H.7       SYMBOL        SM0
  B:00C0H.7       SYMBOL        SM01
  B:0098H.6       SYMBOL        SM1
  B:00C0H.6       SYMBOL        SM11
  B:0098H.5       SYMBOL        SM2
  B:00C0H.5       SYMBOL        SM21
  B:00D8H.7       SYMBOL        SMOD1
  D:0081H         SYMBOL        SP
  X:E6B5H         SYMBOL        SUDPTRCTL
  X:E6B3H         SYMBOL        SUDPTRH
  X:E6B4H         SYMBOL        SUDPTRL
  X:E681H         SYMBOL        SUSPEND
  D:00C8H         SYMBOL        T2CON
  B:0098H.3       SYMBOL        TB8
  B:00C0H.3       SYMBOL        TB81
  B:00C8H.4       SYMBOL        TCLK
  D:0088H         SYMBOL        TCON
  X:E6F9H         SYMBOL        TESTCFG
  B:0088H.5       SYMBOL        TF0
  B:0088H.7       SYMBOL        TF1
  B:00C8H.7       SYMBOL        TF2
  D:008CH         SYMBOL        TH0
BL51 BANKED LINKER/LOCATER V6.22                                                      08/21/2015  08:50:29  PAGE 40


  D:008DH         SYMBOL        TH1
  D:00CDH         SYMBOL        TH2
  B:0098H.1       SYMBOL        TI
  B:00C0H.1       SYMBOL        TI1
  D:008AH         SYMBOL        TL0
  D:008BH         SYMBOL        TL1
  D:00CCH         SYMBOL        TL2
  D:0089H         SYMBOL        TMOD
  X:E683H         SYMBOL        TOGCTL
  B:0088H.4       SYMBOL        TR0
  B:0088H.6       SYMBOL        TR1
  B:00C8H.2       SYMBOL        TR2
  X:E608H         SYMBOL        UART230
  X:E67DH         SYMBOL        UDMACRCH
  X:E67EH         SYMBOL        UDMACRCL
  X:E67FH         SYMBOL        UDMACRCQUAL
  X:E680H         SYMBOL        USBCS
  X:E662H         SYMBOL        USBERRIE
  X:E663H         SYMBOL        USBERRIRQ
  X:E684H         SYMBOL        USBFRAMEH
  X:E685H         SYMBOL        USBFRAMEL
  X:E65CH         SYMBOL        USBIE
  X:E65DH         SYMBOL        USBIRQ
  X:E6FAH         SYMBOL        USBTEST
  X:E682H         SYMBOL        WAKEUPCS
  X:E6F0H         SYMBOL        XGPIFSGLDATH
  X:E6F2H         SYMBOL        XGPIFSGLDATLNOX
  X:E6F1H         SYMBOL        XGPIFSGLDATLX
  C:0A4EH         LINE#         48
  C:0A50H         LINE#         49
  C:0A52H         LINE#         50
  C:0A55H         LINE#         51
  C:0A57H         LINE#         53
  C:0A58H         LINE#         54
  C:0A5AH         LINE#         55
  C:0A5CH         LINE#         56
  C:0A5EH         LINE#         58
  -------         ENDMOD        DELAY1MS

  -------         MODULE        USBJMPTBL
  C:0600H         SEGMENT       ?PR?USB_JUMP_TABLE?USBJT
  N:0045H         PUBLIC        USB_INT2AUTOVECTOR
  N:0055H         PUBLIC        USB_INT4AUTOVECTOR
  C:0600H         PUBLIC        USB_JUMP_TABLE
  N:0000H         SYMBOL        USBJMPTBL
  C:0043H         LINE#         49
  C:0053H         LINE#         53
  C:0600H         LINE#         61
  C:0604H         LINE#         63
  C:0608H         LINE#         65
  C:060CH         LINE#         67
  C:0610H         LINE#         69
  C:0614H         LINE#         71
  C:0618H         LINE#         73
  C:061CH         LINE#         75
  C:0620H         LINE#         77
  C:0624H         LINE#         79
BL51 BANKED LINKER/LOCATER V6.22                                                      08/21/2015  08:50:29  PAGE 41


  C:0628H         LINE#         81
  C:062CH         LINE#         83
  C:0630H         LINE#         85
  C:0634H         LINE#         87
  C:0638H         LINE#         89
  C:063CH         LINE#         91
  C:0640H         LINE#         93
  C:0644H         LINE#         95
  C:0648H         LINE#         97
  C:064CH         LINE#         99
  C:0650H         LINE#         101
  C:0654H         LINE#         103
  C:0658H         LINE#         105
  C:065CH         LINE#         107
  C:0660H         LINE#         109
  C:0664H         LINE#         111
  C:0668H         LINE#         113
  C:066CH         LINE#         115
  C:0670H         LINE#         117
  C:0674H         LINE#         119
  C:0678H         LINE#         121
  C:067CH         LINE#         123
  C:0680H         LINE#         126
  C:0684H         LINE#         128
  C:0688H         LINE#         130
  C:068CH         LINE#         132
  C:0690H         LINE#         134
  C:0694H         LINE#         136
  C:0698H         LINE#         138
  C:069CH         LINE#         140
  C:06A0H         LINE#         142
  C:06A4H         LINE#         144
  C:06A8H         LINE#         146
  C:06ACH         LINE#         148
  C:06B0H         LINE#         150
  C:06B4H         LINE#         152
  -------         ENDMOD        USBJMPTBL

  -------         MODULE        ?C?CLDOPTR
  C:0843H         PUBLIC        ?C?CLDOPTR
  -------         ENDMOD        ?C?CLDOPTR

  -------         MODULE        ?C?CSTOPTR
  C:0870H         PUBLIC        ?C?CSTOPTR
  -------         ENDMOD        ?C?CSTOPTR

  -------         MODULE        ?C?ULCMP
  C:0892H         PUBLIC        ?C?ULCMP
  -------         ENDMOD        ?C?ULCMP

*** WARNING L16: UNCALLED SEGMENT, IGNORED FOR OVERLAY PROCESS
    SEGMENT: ?PR?_EZUSB_WAITFOREEPROMWRITE?I2C

*** WARNING L16: UNCALLED SEGMENT, IGNORED FOR OVERLAY PROCESS
    SEGMENT: ?PR?_EZUSB_WRITEI2C_?I2C

*** WARNING L16: UNCALLED SEGMENT, IGNORED FOR OVERLAY PROCESS
BL51 BANKED LINKER/LOCATER V6.22                                                      08/21/2015  08:50:29  PAGE 42


    SEGMENT: ?PR?_EZUSB_READI2C_?I2C

Program Size: data=58.5 xdata=4497 code=2838
LINK/LOCATE RUN COMPLETE.  3 WARNING(S),  0 ERROR(S)
