BL51 BANKED LINKER/LOCATER V6.22                                                        08/10/2015  23:47:13  PAGE 1


BL51 BANKED LINKER/LOCATER V6.22, INVOKED BY:
D:\KEIL_V5\C51\BIN\BL51.EXE .\Objects\bulkloop.obj, .\Objects\fw.obj, .\Objects\FX2LPSerial.obj, .\Objects\dscr.obj, ..\
>> lib\EZUSB.LIB, ..\lib\USBJmpTb.OBJ TO .\Objects\JLUsb PRINT (.\Listings\JLUsb.m51) RAMSIZE (256) CODE (0X80-0X0FFF) X
>> DATA (0X1000)


MEMORY MODEL: SMALL


INPUT MODULES INCLUDED:
  .\Objects\bulkloop.obj (BULKLOOP)
  .\Objects\fw.obj (FW)
  .\Objects\FX2LPSerial.obj (FX2LPSERIAL)
  .\Objects\dscr.obj (DSCR)
  ..\lib\EZUSB.LIB (RESUME)
  ..\lib\EZUSB.LIB (DISCON)
  ..\lib\EZUSB.LIB (EZREGS)
  ..\lib\EZUSB.LIB (I2C)
  ..\lib\EZUSB.LIB (GET_STRD)
  ..\lib\EZUSB.LIB (I2C_RW)
  ..\lib\EZUSB.LIB (SUSP)
  ..\lib\EZUSB.LIB (DELAY)
  ..\lib\EZUSB.LIB (DELAY1MS)
  ..\lib\USBJmpTb.OBJ (USBJMPTBL)
  D:\KEIL_V5\C51\LIB\C51S.LIB (?C_STARTUP)
  D:\KEIL_V5\C51\LIB\C51S.LIB (?C?CLDPTR)
  D:\KEIL_V5\C51\LIB\C51S.LIB (?C?CLDOPTR)
  D:\KEIL_V5\C51\LIB\C51S.LIB (?C?CSTOPTR)
  D:\KEIL_V5\C51\LIB\C51S.LIB (?C?ULCMP)
  D:\KEIL_V5\C51\LIB\C51S.LIB (?C_IBP)
  D:\KEIL_V5\C51\LIB\C51S.LIB (?C_INIT)


LINK MAP OF MODULE:  .\Objects\JLUsb (BULKLOOP)


            TYPE    BASE      LENGTH    RELOCATION   SEGMENT NAME
            -----------------------------------------------------

            * * * * * * *   D A T A   M E M O R Y   * * * * * * *
            REG     0000H     0008H     ABSOLUTE     "REG BANK 0"
            DATA    0008H     0015H     UNIT         _DATA_GROUP_
            DATA    001DH     0001H     UNIT         ?C?LIB_DATA
                    001EH     0002H                  *** GAP ***
            BIT     0020H.0   0000H.4   UNIT         ?BI?FW
            BIT     0020H.4   0000H.1   UNIT         _BIT_GROUP_
                    0020H.5   0000H.3                *** GAP ***
            DATA    0021H     000EH     UNIT         ?DT?FW
            DATA    002FH     0008H     UNIT         ?DT?BULKLOOP
            DATA    0037H     0006H     UNIT         ?DT?I2C
            IDATA   003DH     0001H     UNIT         ?STACK

            * * * * * * *  X D A T A   M E M O R Y  * * * * * * *
                    0000H     1000H                  *** GAP ***
            XDATA   1000H     0010H     UNIT         ?XD?BULKLOOP
                    1010H     6FF0H                  *** GAP ***
            XDATA   8000H     0001H     ABSOLUTE     
                    8001H     07FFH                  *** GAP ***
BL51 BANKED LINKER/LOCATER V6.22                                                      08/10/2015  23:47:13  PAGE 2


            XDATA   8800H     0001H     ABSOLUTE     
                    8801H     07FFH                  *** GAP ***
            XDATA   9000H     0001H     ABSOLUTE     
                    9001H     07FFH                  *** GAP ***
            XDATA   9800H     0001H     ABSOLUTE     
                    9801H     07FFH                  *** GAP ***
            XDATA   A000H     0001H     ABSOLUTE     
                    A001H     07FFH                  *** GAP ***
            XDATA   A800H     0001H     ABSOLUTE     
                    A801H     07FFH                  *** GAP ***
            XDATA   B000H     0001H     ABSOLUTE     
                    B001H     07FFH                  *** GAP ***
            XDATA   B800H     0001H     ABSOLUTE     
                    B801H     2BFFH                  *** GAP ***
            XDATA   E400H     0001H     ABSOLUTE     
                    E401H     007FH                  *** GAP ***
            XDATA   E480H     0001H     ABSOLUTE     
                    E481H     008CH                  *** GAP ***
            XDATA   E50DH     0001H     ABSOLUTE     
                    E50EH     00F2H                  *** GAP ***
            XDATA   E600H     0001H     ABSOLUTE     
            XDATA   E601H     0001H     ABSOLUTE     
            XDATA   E602H     0001H     ABSOLUTE     
            XDATA   E603H     0001H     ABSOLUTE     
            XDATA   E604H     0001H     ABSOLUTE     
            XDATA   E605H     0001H     ABSOLUTE     
            XDATA   E606H     0001H     ABSOLUTE     
            XDATA   E607H     0001H     ABSOLUTE     
            XDATA   E608H     0001H     ABSOLUTE     
            XDATA   E609H     0001H     ABSOLUTE     
            XDATA   E60AH     0001H     ABSOLUTE     
            XDATA   E60BH     0001H     ABSOLUTE     
            XDATA   E60CH     0001H     ABSOLUTE     
                    E60DH     0003H                  *** GAP ***
            XDATA   E610H     0001H     ABSOLUTE     
            XDATA   E611H     0001H     ABSOLUTE     
            XDATA   E612H     0001H     ABSOLUTE     
            XDATA   E613H     0001H     ABSOLUTE     
            XDATA   E614H     0001H     ABSOLUTE     
            XDATA   E615H     0001H     ABSOLUTE     
                    E616H     0002H                  *** GAP ***
            XDATA   E618H     0001H     ABSOLUTE     
            XDATA   E619H     0001H     ABSOLUTE     
            XDATA   E61AH     0001H     ABSOLUTE     
            XDATA   E61BH     0001H     ABSOLUTE     
                    E61CH     0004H                  *** GAP ***
            XDATA   E620H     0001H     ABSOLUTE     
            XDATA   E621H     0001H     ABSOLUTE     
            XDATA   E622H     0001H     ABSOLUTE     
            XDATA   E623H     0001H     ABSOLUTE     
            XDATA   E624H     0001H     ABSOLUTE     
            XDATA   E625H     0001H     ABSOLUTE     
            XDATA   E626H     0001H     ABSOLUTE     
            XDATA   E627H     0001H     ABSOLUTE     
            XDATA   E628H     0001H     ABSOLUTE     
            XDATA   E629H     0001H     ABSOLUTE     
            XDATA   E62AH     0001H     ABSOLUTE     
BL51 BANKED LINKER/LOCATER V6.22                                                      08/10/2015  23:47:13  PAGE 3


            XDATA   E62BH     0001H     ABSOLUTE     
            XDATA   E62CH     0001H     ABSOLUTE     
            XDATA   E62DH     0001H     ABSOLUTE     
            XDATA   E62EH     0001H     ABSOLUTE     
            XDATA   E62FH     0001H     ABSOLUTE     
            XDATA   E630H     0001H     ABSOLUTE     
            XDATA   E631H     0001H     ABSOLUTE     
            XDATA   E632H     0001H     ABSOLUTE     
            XDATA   E633H     0001H     ABSOLUTE     
            XDATA   E634H     0001H     ABSOLUTE     
            XDATA   E635H     0001H     ABSOLUTE     
            XDATA   E636H     0001H     ABSOLUTE     
            XDATA   E637H     0001H     ABSOLUTE     
                    E638H     0008H                  *** GAP ***
            XDATA   E640H     0001H     ABSOLUTE     
            XDATA   E641H     0001H     ABSOLUTE     
            XDATA   E642H     0001H     ABSOLUTE     
            XDATA   E643H     0001H     ABSOLUTE     
                    E644H     0004H                  *** GAP ***
            XDATA   E648H     0001H     ABSOLUTE     
            XDATA   E649H     0001H     ABSOLUTE     
                    E64AH     0006H                  *** GAP ***
            XDATA   E650H     0001H     ABSOLUTE     
            XDATA   E651H     0001H     ABSOLUTE     
            XDATA   E652H     0001H     ABSOLUTE     
            XDATA   E653H     0001H     ABSOLUTE     
            XDATA   E654H     0001H     ABSOLUTE     
            XDATA   E655H     0001H     ABSOLUTE     
            XDATA   E656H     0001H     ABSOLUTE     
            XDATA   E657H     0001H     ABSOLUTE     
            XDATA   E658H     0001H     ABSOLUTE     
            XDATA   E659H     0001H     ABSOLUTE     
            XDATA   E65AH     0001H     ABSOLUTE     
            XDATA   E65BH     0001H     ABSOLUTE     
            XDATA   E65CH     0001H     ABSOLUTE     
            XDATA   E65DH     0001H     ABSOLUTE     
            XDATA   E65EH     0001H     ABSOLUTE     
            XDATA   E65FH     0001H     ABSOLUTE     
            XDATA   E660H     0001H     ABSOLUTE     
            XDATA   E661H     0001H     ABSOLUTE     
            XDATA   E662H     0001H     ABSOLUTE     
            XDATA   E663H     0001H     ABSOLUTE     
            XDATA   E664H     0001H     ABSOLUTE     
            XDATA   E665H     0001H     ABSOLUTE     
            XDATA   E666H     0001H     ABSOLUTE     
            XDATA   E667H     0001H     ABSOLUTE     
            XDATA   E668H     0001H     ABSOLUTE     
                    E669H     0007H                  *** GAP ***
            XDATA   E670H     0001H     ABSOLUTE     
            XDATA   E671H     0001H     ABSOLUTE     
            XDATA   E672H     0001H     ABSOLUTE     
                    E673H     0005H                  *** GAP ***
            XDATA   E678H     0001H     ABSOLUTE     
            XDATA   E679H     0001H     ABSOLUTE     
            XDATA   E67AH     0001H     ABSOLUTE     
            XDATA   E67BH     0001H     ABSOLUTE     
            XDATA   E67CH     0001H     ABSOLUTE     
BL51 BANKED LINKER/LOCATER V6.22                                                      08/10/2015  23:47:13  PAGE 4


            XDATA   E67DH     0001H     ABSOLUTE     
            XDATA   E67EH     0001H     ABSOLUTE     
            XDATA   E67FH     0001H     ABSOLUTE     
            XDATA   E680H     0001H     ABSOLUTE     
            XDATA   E681H     0001H     ABSOLUTE     
            XDATA   E682H     0001H     ABSOLUTE     
            XDATA   E683H     0001H     ABSOLUTE     
            XDATA   E684H     0001H     ABSOLUTE     
            XDATA   E685H     0001H     ABSOLUTE     
            XDATA   E686H     0001H     ABSOLUTE     
            XDATA   E687H     0001H     ABSOLUTE     
                    E688H     0002H                  *** GAP ***
            XDATA   E68AH     0001H     ABSOLUTE     
            XDATA   E68BH     0001H     ABSOLUTE     
                    E68CH     0001H                  *** GAP ***
            XDATA   E68DH     0001H     ABSOLUTE     
                    E68EH     0001H                  *** GAP ***
            XDATA   E68FH     0001H     ABSOLUTE     
            XDATA   E690H     0001H     ABSOLUTE     
            XDATA   E691H     0001H     ABSOLUTE     
                    E692H     0002H                  *** GAP ***
            XDATA   E694H     0001H     ABSOLUTE     
            XDATA   E695H     0001H     ABSOLUTE     
                    E696H     0002H                  *** GAP ***
            XDATA   E698H     0001H     ABSOLUTE     
            XDATA   E699H     0001H     ABSOLUTE     
                    E69AH     0002H                  *** GAP ***
            XDATA   E69CH     0001H     ABSOLUTE     
            XDATA   E69DH     0001H     ABSOLUTE     
                    E69EH     0002H                  *** GAP ***
            XDATA   E6A0H     0001H     ABSOLUTE     
            XDATA   E6A1H     0001H     ABSOLUTE     
            XDATA   E6A2H     0001H     ABSOLUTE     
            XDATA   E6A3H     0001H     ABSOLUTE     
            XDATA   E6A4H     0001H     ABSOLUTE     
            XDATA   E6A5H     0001H     ABSOLUTE     
            XDATA   E6A6H     0001H     ABSOLUTE     
            XDATA   E6A7H     0001H     ABSOLUTE     
            XDATA   E6A8H     0001H     ABSOLUTE     
            XDATA   E6A9H     0001H     ABSOLUTE     
            XDATA   E6AAH     0001H     ABSOLUTE     
            XDATA   E6ABH     0001H     ABSOLUTE     
            XDATA   E6ACH     0001H     ABSOLUTE     
            XDATA   E6ADH     0001H     ABSOLUTE     
            XDATA   E6AEH     0001H     ABSOLUTE     
            XDATA   E6AFH     0001H     ABSOLUTE     
            XDATA   E6B0H     0001H     ABSOLUTE     
            XDATA   E6B1H     0001H     ABSOLUTE     
            XDATA   E6B2H     0001H     ABSOLUTE     
            XDATA   E6B3H     0001H     ABSOLUTE     
            XDATA   E6B4H     0001H     ABSOLUTE     
            XDATA   E6B5H     0001H     ABSOLUTE     
                    E6B6H     0002H                  *** GAP ***
            XDATA   E6B8H     0008H     ABSOLUTE     
            XDATA   E6C0H     0001H     ABSOLUTE     
            XDATA   E6C1H     0001H     ABSOLUTE     
            XDATA   E6C2H     0001H     ABSOLUTE     
BL51 BANKED LINKER/LOCATER V6.22                                                      08/10/2015  23:47:13  PAGE 5


            XDATA   E6C3H     0001H     ABSOLUTE     
            XDATA   E6C4H     0001H     ABSOLUTE     
            XDATA   E6C5H     0001H     ABSOLUTE     
            XDATA   E6C6H     0001H     ABSOLUTE     
            XDATA   E6C7H     0001H     ABSOLUTE     
            XDATA   E6C8H     0001H     ABSOLUTE     
            XDATA   E6C9H     0001H     ABSOLUTE     
            XDATA   E6CAH     0001H     ABSOLUTE     
            XDATA   E6CBH     0001H     ABSOLUTE     
            XDATA   E6CCH     0001H     ABSOLUTE     
            XDATA   E6CDH     0001H     ABSOLUTE     
            XDATA   E6CEH     0001H     ABSOLUTE     
            XDATA   E6CFH     0001H     ABSOLUTE     
            XDATA   E6D0H     0001H     ABSOLUTE     
            XDATA   E6D1H     0001H     ABSOLUTE     
            XDATA   E6D2H     0001H     ABSOLUTE     
            XDATA   E6D3H     0001H     ABSOLUTE     
            XDATA   E6D4H     0001H     ABSOLUTE     
                    E6D5H     0005H                  *** GAP ***
            XDATA   E6DAH     0001H     ABSOLUTE     
            XDATA   E6DBH     0001H     ABSOLUTE     
            XDATA   E6DCH     0001H     ABSOLUTE     
                    E6DDH     0005H                  *** GAP ***
            XDATA   E6E2H     0001H     ABSOLUTE     
            XDATA   E6E3H     0001H     ABSOLUTE     
            XDATA   E6E4H     0001H     ABSOLUTE     
                    E6E5H     0005H                  *** GAP ***
            XDATA   E6EAH     0001H     ABSOLUTE     
            XDATA   E6EBH     0001H     ABSOLUTE     
            XDATA   E6ECH     0001H     ABSOLUTE     
                    E6EDH     0003H                  *** GAP ***
            XDATA   E6F0H     0001H     ABSOLUTE     
            XDATA   E6F1H     0001H     ABSOLUTE     
            XDATA   E6F2H     0001H     ABSOLUTE     
            XDATA   E6F3H     0001H     ABSOLUTE     
            XDATA   E6F4H     0001H     ABSOLUTE     
            XDATA   E6F5H     0001H     ABSOLUTE     
                    E6F6H     0002H                  *** GAP ***
            XDATA   E6F8H     0001H     ABSOLUTE     
            XDATA   E6F9H     0001H     ABSOLUTE     
            XDATA   E6FAH     0001H     ABSOLUTE     
            XDATA   E6FBH     0001H     ABSOLUTE     
            XDATA   E6FCH     0001H     ABSOLUTE     
            XDATA   E6FDH     0001H     ABSOLUTE     
            XDATA   E6FEH     0001H     ABSOLUTE     
                    E6FFH     0041H                  *** GAP ***
            XDATA   E740H     0040H     ABSOLUTE     
            XDATA   E780H     0040H     ABSOLUTE     
            XDATA   E7C0H     0040H     ABSOLUTE     
                    E800H     0800H                  *** GAP ***
            XDATA   F000H     0400H     ABSOLUTE     
            XDATA   F400H     0400H     ABSOLUTE     
            XDATA   F800H     0400H     ABSOLUTE     
            XDATA   FC00H     0400H     ABSOLUTE     

            * * * * * * *   C O D E   M E M O R Y   * * * * * * *
            CODE    0000H     0003H     ABSOLUTE     
BL51 BANKED LINKER/LOCATER V6.22                                                      08/10/2015  23:47:13  PAGE 6


                    0003H     0030H                  *** GAP ***
            CODE    0033H     0003H     ABSOLUTE     
                    0036H     000DH                  *** GAP ***
            CODE    0043H     0003H     ABSOLUTE     
                    0046H     0005H                  *** GAP ***
            CODE    004BH     0003H     ABSOLUTE     
                    004EH     0005H                  *** GAP ***
            CODE    0053H     0003H     ABSOLUTE     
                    0056H     002AH                  *** GAP ***
            CODE    0080H     0238H     UNIT         ?PR?SETUPCOMMAND?FW
            CODE    02B8H     0167H     UNIT         ?PR?MAIN?FW
            CODE    041FH     0108H     UNIT         ?PR?I2C_ISR?I2C
            CODE    0527H     008CH     UNIT         ?C_C51STARTUP
            CODE    05B3H     0046H     UNIT         ?PR?_EZUSB_DELAY?DELAY
            CODE    05F9H     0004H     UNIT         ?PR?RESUME_ISR?FW
            CODE    05FDH     0002H     UNIT         ?PR?TD_SUSPEND?BULKLOOP
            CODE    05FFH     0001H     UNIT         ?PR?ISR_EP0ACK?BULKLOOP
            CODE    0600H     00B8H     PAGE         ?PR?USB_JUMP_TABLE?USBJT
            CODE    06B8H     0085H     UNIT         ?PR?TD_POLL?BULKLOOP
            CODE    073DH     0079H     UNIT         ?C?LIB_CODE
            CODE    07B6H     003FH     UNIT         ?PR?_?FX2LPSERIAL_XMITSTRING?FX2LPSERIAL
            CODE    07F5H     000BH     UNIT         ?PR?HIGHSPEEDCAPABLE?FW
            CODE    0800H     0080H     PAGE         DSCR
            CODE    0880H     0063H     UNIT         ?PR?ISR_SOF?BULKLOOP
            CODE    08E3H     005BH     UNIT         ?PR?TD_INIT?BULKLOOP
            CODE    093EH     003DH     UNIT         ?PR?ISR_HIGHSPEED?BULKLOOP
            CODE    097BH     0038H     UNIT         ?PR?_EZUSB_WAITFOREEPROMWRITE?I2C
            CODE    09B3H     0036H     UNIT         ?PR?ISR_URES?BULKLOOP
            CODE    09E9H     0034H     UNIT         ?PR?_EZUSB_READI2C_?I2C
            CODE    0A1DH     0032H     UNIT         ?PR?_EZUSB_WRITEI2C_?I2C
            CODE    0A4FH     002FH     UNIT         ?PR?EZUSB_DISCON?DISCON
            CODE    0A7EH     002CH     UNIT         ?PR?EZUSB_RESUME?RESUME
            CODE    0AAAH     002BH     UNIT         ?PR?_EZUSB_GETSTRINGDSCR?GET_STRD
            CODE    0AD5H     0025H     UNIT         EZUSB
            CODE    0AFAH     0022H     UNIT         ?C_INITSEG
            CODE    0B1CH     0020H     UNIT         ?PR?FX2LPSERIAL_INIT?FX2LPSERIAL
            CODE    0B3CH     001FH     UNIT         ?PR?ISR_EP2INOUT?BULKLOOP
            CODE    0B5BH     001FH     UNIT         ?PR?ISR_EP6INOUT?BULKLOOP
            CODE    0B7AH     001CH     UNIT         ?PR?_EZUSB_READI2C?I2C_RW
            CODE    0B96H     001CH     UNIT         ?PR?_EZUSB_WRITEI2C?I2C_RW
            CODE    0BB2H     0018H     UNIT         ?PR?ISR_SUDAV?BULKLOOP
            CODE    0BCAH     0018H     UNIT         ?PR?ISR_SUSP?BULKLOOP
            CODE    0BE2H     0017H     UNIT         ?CO?FX2LPSERIAL
            CODE    0BF9H     0016H     UNIT         ?PR?ISR_SUTOK?BULKLOOP
            CODE    0C0FH     0014H     UNIT         ?PR?_FX2LPSERIAL_XMITHEX1?FX2LPSERIAL
            CODE    0C23H     0013H     UNIT         ?PR?_?FX2LPSERIAL_XMITCHAR?FX2LPSERIAL
            CODE    0C36H     0012H     UNIT         ?PR?DR_GETCONFIGURATION?BULKLOOP
            CODE    0C48H     0012H     UNIT         ?PR?DR_GETINTERFACE?BULKLOOP
            CODE    0C5AH     0011H     UNIT         ?PR?DR_SETCONFIGURATION?BULKLOOP
            CODE    0C6BH     0011H     UNIT         ?PR?_FX2LPSERIAL_XMITHEX2?FX2LPSERIAL
            CODE    0C7CH     000EH     UNIT         ?PR?_FX2LPSERIAL_XMITHEX4?FX2LPSERIAL
            CODE    0C8AH     000AH     UNIT         ?CO?FW
            CODE    0C94H     0008H     UNIT         ?PR?DR_SETINTERFACE?BULKLOOP
            CODE    0C9CH     0008H     UNIT         ?PR?EZUSB_INITI2C?I2C
            CODE    0CA4H     0002H     UNIT         ?PR?TD_RESUME?BULKLOOP
            CODE    0CA6H     0002H     UNIT         ?PR?DR_GETDESCRIPTOR?BULKLOOP
            CODE    0CA8H     0002H     UNIT         ?PR?DR_GETSTATUS?BULKLOOP
BL51 BANKED LINKER/LOCATER V6.22                                                      08/10/2015  23:47:13  PAGE 7


            CODE    0CAAH     0002H     UNIT         ?PR?DR_CLEARFEATURE?BULKLOOP
            CODE    0CACH     0002H     UNIT         ?PR?DR_SETFEATURE?BULKLOOP
            CODE    0CAEH     0002H     UNIT         ?PR?DR_VENDORCMND?BULKLOOP
            CODE    0CB0H     0001H     UNIT         ?PR?ISR_STUB?BULKLOOP
            CODE    0CB1H     0001H     UNIT         ?PR?ISR_EP0IN?BULKLOOP
            CODE    0CB2H     0001H     UNIT         ?PR?ISR_EP0OUT?BULKLOOP
            CODE    0CB3H     0001H     UNIT         ?PR?ISR_EP1IN?BULKLOOP
            CODE    0CB4H     0001H     UNIT         ?PR?ISR_EP1OUT?BULKLOOP
            CODE    0CB5H     0001H     UNIT         ?PR?ISR_EP4INOUT?BULKLOOP
            CODE    0CB6H     0001H     UNIT         ?PR?ISR_EP8INOUT?BULKLOOP
            CODE    0CB7H     0001H     UNIT         ?PR?ISR_IBN?BULKLOOP
            CODE    0CB8H     0001H     UNIT         ?PR?ISR_EP0PINGNAK?BULKLOOP
            CODE    0CB9H     0001H     UNIT         ?PR?ISR_EP1PINGNAK?BULKLOOP
            CODE    0CBAH     0001H     UNIT         ?PR?ISR_EP2PINGNAK?BULKLOOP
            CODE    0CBBH     0001H     UNIT         ?PR?ISR_EP4PINGNAK?BULKLOOP
            CODE    0CBCH     0001H     UNIT         ?PR?ISR_EP6PINGNAK?BULKLOOP
            CODE    0CBDH     0001H     UNIT         ?PR?ISR_EP8PINGNAK?BULKLOOP
            CODE    0CBEH     0001H     UNIT         ?PR?ISR_ERRORLIMIT?BULKLOOP
            CODE    0CBFH     0001H     UNIT         ?PR?ISR_EP2PIDERROR?BULKLOOP
            CODE    0CC0H     0001H     UNIT         ?PR?ISR_EP4PIDERROR?BULKLOOP
            CODE    0CC1H     0001H     UNIT         ?PR?ISR_EP6PIDERROR?BULKLOOP
            CODE    0CC2H     0001H     UNIT         ?PR?ISR_EP8PIDERROR?BULKLOOP
            CODE    0CC3H     0001H     UNIT         ?PR?ISR_EP2PFLAG?BULKLOOP
            CODE    0CC4H     0001H     UNIT         ?PR?ISR_EP4PFLAG?BULKLOOP
            CODE    0CC5H     0001H     UNIT         ?PR?ISR_EP6PFLAG?BULKLOOP
            CODE    0CC6H     0001H     UNIT         ?PR?ISR_EP8PFLAG?BULKLOOP
            CODE    0CC7H     0001H     UNIT         ?PR?ISR_EP2EFLAG?BULKLOOP
            CODE    0CC8H     0001H     UNIT         ?PR?ISR_EP4EFLAG?BULKLOOP
            CODE    0CC9H     0001H     UNIT         ?PR?ISR_EP6EFLAG?BULKLOOP
            CODE    0CCAH     0001H     UNIT         ?PR?ISR_EP8EFLAG?BULKLOOP
            CODE    0CCBH     0001H     UNIT         ?PR?ISR_EP2FFLAG?BULKLOOP
            CODE    0CCCH     0001H     UNIT         ?PR?ISR_EP4FFLAG?BULKLOOP
            CODE    0CCDH     0001H     UNIT         ?PR?ISR_EP6FFLAG?BULKLOOP
            CODE    0CCEH     0001H     UNIT         ?PR?ISR_EP8FFLAG?BULKLOOP
            CODE    0CCFH     0001H     UNIT         ?PR?ISR_GPIFCOMPLETE?BULKLOOP
            CODE    0CD0H     0001H     UNIT         ?PR?ISR_GPIFWAVEFORM?BULKLOOP



OVERLAY MAP OF MODULE:   .\Objects\JLUsb (BULKLOOP)


SEGMENT                                             BIT_GROUP          DATA_GROUP 
  +--> CALLED SEGMENT                            START    LENGTH     START    LENGTH
------------------------------------------------------------------------------------
?PR?ISR_SOF?BULKLOOP                             -----    -----      0008H    0001H

*** NEW ROOT ***************************************************

?PR?ISR_EP2INOUT?BULKLOOP                        -----    -----      0009H    0001H

*** NEW ROOT ***************************************************

?PR?ISR_EP6INOUT?BULKLOOP                        -----    -----      000AH    0001H

*** NEW ROOT ***************************************************

BL51 BANKED LINKER/LOCATER V6.22                                                      08/10/2015  23:47:13  PAGE 8


?C_C51STARTUP                                    -----    -----      -----    -----
  +--> ?PR?MAIN?FW
  +--> ?C_INITSEG

?PR?MAIN?FW                                      -----    -----      000BH    0010H
  +--> ?PR?TD_INIT?BULKLOOP
  +--> ?PR?EZUSB_DISCON?DISCON
  +--> ?PR?TD_POLL?BULKLOOP
  +--> ?PR?SETUPCOMMAND?FW
  +--> ?PR?TD_SUSPEND?BULKLOOP
  +--> ?PR?EZUSB_RESUME?RESUME
  +--> ?PR?TD_RESUME?BULKLOOP

?PR?EZUSB_DISCON?DISCON                          0020H.4  0000H.1    -----    -----
  +--> ?PR?_EZUSB_DELAY?DELAY

?PR?_EZUSB_DELAY?DELAY                           -----    -----      001BH    0002H

?PR?TD_POLL?BULKLOOP                             -----    -----      -----    -----
  +--> ?PR?_EZUSB_WRITEI2C?I2C_RW
  +--> ?PR?_EZUSB_WAITFOREEPROMWRITE?I2C

?PR?_EZUSB_WRITEI2C?I2C_RW                       -----    -----      -----    -----
  +--> ?PR?_EZUSB_WRITEI2C_?I2C

?PR?SETUPCOMMAND?FW                              -----    -----      -----    -----
  +--> ?PR?DR_GETDESCRIPTOR?BULKLOOP
  +--> ?PR?HIGHSPEEDCAPABLE?FW
  +--> ?PR?_EZUSB_GETSTRINGDSCR?GET_STRD
  +--> ?PR?DR_GETINTERFACE?BULKLOOP
  +--> ?PR?DR_SETINTERFACE?BULKLOOP
  +--> ?PR?DR_SETCONFIGURATION?BULKLOOP
  +--> ?PR?DR_GETCONFIGURATION?BULKLOOP
  +--> ?PR?DR_GETSTATUS?BULKLOOP
  +--> ?CO?FW
  +--> ?PR?DR_CLEARFEATURE?BULKLOOP
  +--> ?PR?DR_SETFEATURE?BULKLOOP
  +--> ?PR?DR_VENDORCMND?BULKLOOP

?PR?DR_SETCONFIGURATION?BULKLOOP                 -----    -----      -----    -----
  +--> ?PR?EZUSB_INITI2C?I2C

?PR?EZUSB_RESUME?RESUME                          -----    -----      -----    -----
  +--> ?PR?_EZUSB_DELAY?DELAY



SYMBOL TABLE OF MODULE:  .\Objects\JLUsb (BULKLOOP)

  VALUE           TYPE          NAME
  ----------------------------------

  -------         MODULE        BULKLOOP
  C:0000H         SYMBOL        _ICE_DUMMY_
  C:0CBEH         PUBLIC        ISR_Errorlimit
  C:0C5AH         PUBLIC        DR_SetConfiguration
  D:002FH         PUBLIC        AlternateSetting
BL51 BANKED LINKER/LOCATER V6.22                                                      08/10/2015  23:47:13  PAGE 9


  C:0CB1H         PUBLIC        ISR_Ep0in
  C:0CB3H         PUBLIC        ISR_Ep1in
  C:08E3H         PUBLIC        TD_Init
  C:0CB2H         PUBLIC        ISR_Ep0out
  C:0CB4H         PUBLIC        ISR_Ep1out
  C:06B8H         PUBLIC        TD_Poll
  X:8800H         PUBLIC        D2ON
  X:9800H         PUBLIC        D3ON
  X:A800H         PUBLIC        D4ON
  C:0CCFH         PUBLIC        ISR_GpifComplete
  X:B800H         PUBLIC        D5ON
  C:0CA8H         PUBLIC        DR_GetStatus
  C:0CB8H         PUBLIC        ISR_Ep0pingnak
  C:0CB9H         PUBLIC        ISR_Ep1pingnak
  C:0CD0H         PUBLIC        ISR_GpifWaveform
  C:0CBFH         PUBLIC        ISR_Ep2piderror
  C:0CBAH         PUBLIC        ISR_Ep2pingnak
  C:0CC0H         PUBLIC        ISR_Ep4piderror
  C:0CBBH         PUBLIC        ISR_Ep4pingnak
  C:0CC1H         PUBLIC        ISR_Ep6piderror
  C:0CBCH         PUBLIC        ISR_Ep6pingnak
  D:00AAH         PUBLIC        EP2468STAT
  C:0CC2H         PUBLIC        ISR_Ep8piderror
  C:0CBDH         PUBLIC        ISR_Ep8pingnak
  D:009AH         PUBLIC        AUTOPTRH1
  D:009DH         PUBLIC        AUTOPTRH2
  D:0091H         PUBLIC        EXIF
  C:0C48H         PUBLIC        DR_GetInterface
  D:009BH         PUBLIC        AUTOPTRL1
  D:009EH         PUBLIC        AUTOPTRL2
  C:0CAAH         PUBLIC        DR_ClearFeature
  C:0CC7H         PUBLIC        ISR_Ep2eflag
  C:0CCBH         PUBLIC        ISR_Ep2fflag
  D:0030H         PUBLIC        LEDCounter
  C:0CC8H         PUBLIC        ISR_Ep4eflag
  C:0C94H         PUBLIC        DR_SetInterface
  C:0CCCH         PUBLIC        ISR_Ep4fflag
  C:0CC9H         PUBLIC        ISR_Ep6eflag
  C:0CCDH         PUBLIC        ISR_Ep6fflag
  C:0CA6H         PUBLIC        DR_GetDescriptor
  C:0CCAH         PUBLIC        ISR_Ep8eflag
  C:0CCEH         PUBLIC        ISR_Ep8fflag
  C:0CC3H         PUBLIC        ISR_Ep2pflag
  D:0032H         PUBLIC        start_7_seg_display
  D:00AFH         PUBLIC        AUTOPTRSETUP
  C:0CC4H         PUBLIC        ISR_Ep4pflag
  C:0CC5H         PUBLIC        ISR_Ep6pflag
  C:0CC6H         PUBLIC        ISR_Ep8pflag
  X:8000H         PUBLIC        D2OFF
  X:9000H         PUBLIC        D3OFF
  X:A000H         PUBLIC        D4OFF
  C:0BB2H         PUBLIC        ISR_Sudav
  X:B000H         PUBLIC        D5OFF
  C:05FDH         PUBLIC        TD_Suspend
  D:0034H         PUBLIC        Configuration
  C:05FFH         PUBLIC        ISR_Ep0ack
  C:093EH         PUBLIC        ISR_Highspeed
BL51 BANKED LINKER/LOCATER V6.22                                                      08/10/2015  23:47:13  PAGE 10


  C:0BF9H         PUBLIC        ISR_Sutok
  C:0CB7H         PUBLIC        ISR_Ibn
  C:0B3CH         PUBLIC        ISR_Ep2inout
  D:0035H         PUBLIC        inblink
  C:0CB5H         PUBLIC        ISR_Ep4inout
  C:0CAEH         PUBLIC        DR_VendorCmnd
  C:0CA4H         PUBLIC        TD_Resume
  D:0036H         PUBLIC        outblink
  C:0B5BH         PUBLIC        ISR_Ep6inout
  C:0CB0H         PUBLIC        ISR_Stub
  C:0CB6H         PUBLIC        ISR_Ep8inout
  C:09B3H         PUBLIC        ISR_Ures
  X:1000H         PUBLIC        Digit
  C:0CACH         PUBLIC        DR_SetFeature
  C:0880H         PUBLIC        ISR_Sof
  C:0C36H         PUBLIC        DR_GetConfiguration
  C:0BCAH         PUBLIC        ISR_Susp
  -------         PROC          TD_INIT
  -------         DO            
  D:0007H         SYMBOL        dum
  D:0006H         SYMBOL        i
  -------         ENDDO         
  C:08E3H         LINE#         196
  C:08E3H         LINE#         197
  C:08E3H         LINE#         200
  C:08ECH         LINE#         204
  C:08F0H         LINE#         205
  C:08F4H         LINE#         206
  C:08F8H         LINE#         207
  C:08FCH         LINE#         218
  C:0902H         LINE#         219
  C:0905H         LINE#         220
  C:090BH         LINE#         221
  C:090EH         LINE#         225
  C:0914H         LINE#         226
  C:0917H         LINE#         227
  C:0918H         LINE#         228
  C:091BH         LINE#         229
  C:091EH         LINE#         230
  C:091EH         LINE#         231
  C:092DH         LINE#         232
  C:093AH         LINE#         234
  C:093DH         LINE#         238
  -------         ENDPROC       TD_INIT
  -------         PROC          TD_POLL
  -------         DO            
  D:0004H         SYMBOL        i
  D:0006H         SYMBOL        count
  D:0007H         SYMBOL        waiting_inpkts
  -------         ENDDO         
  C:06B8H         LINE#         240
  C:06B8H         LINE#         241
  C:06B8H         LINE#         248
  C:06BEH         LINE#         249
  C:06BEH         LINE#         251
  C:06C7H         LINE#         252
  C:06D8H         LINE#         253
BL51 BANKED LINKER/LOCATER V6.22                                                      08/10/2015  23:47:13  PAGE 11


  C:06DDH         LINE#         254
  C:06DDH         LINE#         263
  C:06E2H         LINE#         264
  C:06E2H         LINE#         265
  C:06E7H         LINE#         266
  C:06E7H         LINE#         267
  C:06EBH         LINE#         268
  C:06EFH         LINE#         269
  C:06F3H         LINE#         270
  C:06F7H         LINE#         272
  C:0708H         LINE#         275
  C:0711H         LINE#         276
  C:0711H         LINE#         277
  C:0719H         LINE#         278
  C:0720H         LINE#         279
  C:0728H         LINE#         280
  C:072BH         LINE#         281
  C:0733H         LINE#         282
  C:0736H         LINE#         283
  C:073CH         LINE#         284
  C:073CH         LINE#         285
  C:073CH         LINE#         286
  -------         ENDPROC       TD_POLL
  -------         PROC          TD_SUSPEND
  C:05FDH         LINE#         288
  C:05FDH         LINE#         289
  C:05FDH         LINE#         290
  C:05FEH         LINE#         291
  -------         ENDPROC       TD_SUSPEND
  -------         PROC          TD_RESUME
  C:0CA4H         LINE#         293
  C:0CA4H         LINE#         294
  C:0CA4H         LINE#         295
  C:0CA5H         LINE#         296
  -------         ENDPROC       TD_RESUME
  -------         PROC          DR_GETDESCRIPTOR
  C:0CA6H         LINE#         303
  C:0CA6H         LINE#         304
  C:0CA6H         LINE#         305
  C:0CA7H         LINE#         306
  -------         ENDPROC       DR_GETDESCRIPTOR
  -------         PROC          DR_SETCONFIGURATION
  C:0C5AH         LINE#         308
  C:0C5AH         LINE#         309
  C:0C5AH         LINE#         310
  C:0C60H         LINE#         313
  C:0C63H         LINE#         314
  C:0C69H         LINE#         317
  C:0C6AH         LINE#         318
  -------         ENDPROC       DR_SETCONFIGURATION
  -------         PROC          DR_GETCONFIGURATION
  C:0C36H         LINE#         320
  C:0C36H         LINE#         321
  C:0C36H         LINE#         322
  C:0C3CH         LINE#         323
  C:0C41H         LINE#         324
  C:0C46H         LINE#         325
BL51 BANKED LINKER/LOCATER V6.22                                                      08/10/2015  23:47:13  PAGE 12


  C:0C47H         LINE#         326
  -------         ENDPROC       DR_GETCONFIGURATION
  -------         PROC          DR_SETINTERFACE
  C:0C94H         LINE#         328
  C:0C94H         LINE#         329
  C:0C94H         LINE#         330
  C:0C9AH         LINE#         331
  C:0C9BH         LINE#         332
  -------         ENDPROC       DR_SETINTERFACE
  -------         PROC          DR_GETINTERFACE
  C:0C48H         LINE#         334
  C:0C48H         LINE#         335
  C:0C48H         LINE#         336
  C:0C4EH         LINE#         337
  C:0C53H         LINE#         338
  C:0C58H         LINE#         339
  C:0C59H         LINE#         340
  -------         ENDPROC       DR_GETINTERFACE
  -------         PROC          DR_GETSTATUS
  C:0CA8H         LINE#         342
  C:0CA8H         LINE#         343
  C:0CA8H         LINE#         344
  C:0CA9H         LINE#         345
  -------         ENDPROC       DR_GETSTATUS
  -------         PROC          DR_CLEARFEATURE
  C:0CAAH         LINE#         347
  C:0CAAH         LINE#         348
  C:0CAAH         LINE#         349
  C:0CABH         LINE#         350
  -------         ENDPROC       DR_CLEARFEATURE
  -------         PROC          DR_SETFEATURE
  C:0CACH         LINE#         352
  C:0CACH         LINE#         353
  C:0CACH         LINE#         354
  C:0CADH         LINE#         355
  -------         ENDPROC       DR_SETFEATURE
  -------         PROC          DR_VENDORCMND
  C:0CAEH         LINE#         357
  C:0CAEH         LINE#         358
  C:0CAEH         LINE#         359
  C:0CAFH         LINE#         360
  -------         ENDPROC       DR_VENDORCMND
  -------         PROC          ISR_SUDAV
  C:0BB2H         LINE#         368
  C:0BB8H         LINE#         370
  C:0BBAH         LINE#         371
  C:0BBDH         LINE#         372
  C:0BC3H         LINE#         373
  -------         ENDPROC       ISR_SUDAV
  -------         PROC          ISR_SUTOK
  C:0BF9H         LINE#         376
  C:0BFFH         LINE#         378
  C:0C02H         LINE#         379
  C:0C08H         LINE#         380
  -------         ENDPROC       ISR_SUTOK
  -------         PROC          ISR_SOF
  -------         DO            
BL51 BANKED LINKER/LOCATER V6.22                                                      08/10/2015  23:47:13  PAGE 13


  D:0007H         SYMBOL        dum
  D:0008H         SYMBOL        Led_Flag
  -------         ENDDO         
  C:0880H         LINE#         382
  C:088DH         LINE#         385
  C:0890H         LINE#         386
  C:0893H         LINE#         387
  C:0899H         LINE#         389
  C:089CH         LINE#         390
  C:08A1H         LINE#         391
  C:08A4H         LINE#         392
  C:08A8H         LINE#         398
  C:08B0H         LINE#         399
  C:08BBH         LINE#         400
  C:08C1H         LINE#         401
  C:08CEH         LINE#         402
  C:08D4H         LINE#         404
  C:08D8H         LINE#         405
  -------         ENDPROC       ISR_SOF
  -------         PROC          ISR_URES
  C:09B3H         LINE#         407
  C:09B9H         LINE#         410
  C:09BFH         LINE#         411
  C:09C9H         LINE#         412
  C:09CFH         LINE#         413
  C:09D9H         LINE#         415
  C:09DCH         LINE#         416
  C:09E2H         LINE#         417
  -------         ENDPROC       ISR_URES
  -------         PROC          ISR_SUSP
  C:0BCAH         LINE#         419
  C:0BD0H         LINE#         421
  C:0BD2H         LINE#         422
  C:0BD5H         LINE#         423
  C:0BDBH         LINE#         424
  -------         ENDPROC       ISR_SUSP
  -------         PROC          ISR_HIGHSPEED
  C:093EH         LINE#         426
  C:0944H         LINE#         428
  C:094BH         LINE#         429
  C:094BH         LINE#         430
  C:0951H         LINE#         431
  C:095BH         LINE#         432
  C:0961H         LINE#         433
  C:096BH         LINE#         434
  C:096BH         LINE#         436
  C:096EH         LINE#         437
  C:0974H         LINE#         438
  -------         ENDPROC       ISR_HIGHSPEED
  -------         PROC          ISR_EP0ACK
  C:05FFH         LINE#         439
  C:05FFH         LINE#         441
  -------         ENDPROC       ISR_EP0ACK
  -------         PROC          ISR_STUB
  C:0CB0H         LINE#         442
  C:0CB0H         LINE#         444
  -------         ENDPROC       ISR_STUB
BL51 BANKED LINKER/LOCATER V6.22                                                      08/10/2015  23:47:13  PAGE 14


  -------         PROC          ISR_EP0IN
  C:0CB1H         LINE#         445
  C:0CB1H         LINE#         447
  -------         ENDPROC       ISR_EP0IN
  -------         PROC          ISR_EP0OUT
  C:0CB2H         LINE#         448
  C:0CB2H         LINE#         450
  -------         ENDPROC       ISR_EP0OUT
  -------         PROC          ISR_EP1IN
  C:0CB3H         LINE#         451
  C:0CB3H         LINE#         453
  -------         ENDPROC       ISR_EP1IN
  -------         PROC          ISR_EP1OUT
  C:0CB4H         LINE#         454
  C:0CB4H         LINE#         456
  -------         ENDPROC       ISR_EP1OUT
  -------         PROC          ISR_EP2INOUT
  -------         DO            
  D:0009H         SYMBOL        dum
  -------         ENDDO         
  C:0B3CH         LINE#         457
  C:0B42H         LINE#         460
  C:0B45H         LINE#         461
  C:0B4BH         LINE#         462
  C:0B51H         LINE#         463
  C:0B54H         LINE#         464
  -------         ENDPROC       ISR_EP2INOUT
  -------         PROC          ISR_EP4INOUT
  C:0CB5H         LINE#         465
  C:0CB5H         LINE#         467
  -------         ENDPROC       ISR_EP4INOUT
  -------         PROC          ISR_EP6INOUT
  -------         DO            
  D:000AH         SYMBOL        dum
  -------         ENDDO         
  C:0B5BH         LINE#         468
  C:0B61H         LINE#         471
  C:0B64H         LINE#         472
  C:0B6AH         LINE#         473
  C:0B70H         LINE#         474
  C:0B73H         LINE#         475
  -------         ENDPROC       ISR_EP6INOUT
  -------         PROC          ISR_EP8INOUT
  C:0CB6H         LINE#         476
  C:0CB6H         LINE#         478
  -------         ENDPROC       ISR_EP8INOUT
  -------         PROC          ISR_IBN
  C:0CB7H         LINE#         479
  C:0CB7H         LINE#         481
  -------         ENDPROC       ISR_IBN
  -------         PROC          ISR_EP0PINGNAK
  C:0CB8H         LINE#         482
  C:0CB8H         LINE#         484
  -------         ENDPROC       ISR_EP0PINGNAK
  -------         PROC          ISR_EP1PINGNAK
  C:0CB9H         LINE#         485
  C:0CB9H         LINE#         487
BL51 BANKED LINKER/LOCATER V6.22                                                      08/10/2015  23:47:13  PAGE 15


  -------         ENDPROC       ISR_EP1PINGNAK
  -------         PROC          ISR_EP2PINGNAK
  C:0CBAH         LINE#         488
  C:0CBAH         LINE#         490
  -------         ENDPROC       ISR_EP2PINGNAK
  -------         PROC          ISR_EP4PINGNAK
  C:0CBBH         LINE#         491
  C:0CBBH         LINE#         493
  -------         ENDPROC       ISR_EP4PINGNAK
  -------         PROC          ISR_EP6PINGNAK
  C:0CBCH         LINE#         494
  C:0CBCH         LINE#         496
  -------         ENDPROC       ISR_EP6PINGNAK
  -------         PROC          ISR_EP8PINGNAK
  C:0CBDH         LINE#         497
  C:0CBDH         LINE#         499
  -------         ENDPROC       ISR_EP8PINGNAK
  -------         PROC          ISR_ERRORLIMIT
  C:0CBEH         LINE#         500
  C:0CBEH         LINE#         502
  -------         ENDPROC       ISR_ERRORLIMIT
  -------         PROC          ISR_EP2PIDERROR
  C:0CBFH         LINE#         503
  C:0CBFH         LINE#         505
  -------         ENDPROC       ISR_EP2PIDERROR
  -------         PROC          ISR_EP4PIDERROR
  C:0CC0H         LINE#         506
  C:0CC0H         LINE#         508
  -------         ENDPROC       ISR_EP4PIDERROR
  -------         PROC          ISR_EP6PIDERROR
  C:0CC1H         LINE#         509
  C:0CC1H         LINE#         511
  -------         ENDPROC       ISR_EP6PIDERROR
  -------         PROC          ISR_EP8PIDERROR
  C:0CC2H         LINE#         512
  C:0CC2H         LINE#         514
  -------         ENDPROC       ISR_EP8PIDERROR
  -------         PROC          ISR_EP2PFLAG
  C:0CC3H         LINE#         515
  C:0CC3H         LINE#         517
  -------         ENDPROC       ISR_EP2PFLAG
  -------         PROC          ISR_EP4PFLAG
  C:0CC4H         LINE#         518
  C:0CC4H         LINE#         520
  -------         ENDPROC       ISR_EP4PFLAG
  -------         PROC          ISR_EP6PFLAG
  C:0CC5H         LINE#         521
  C:0CC5H         LINE#         523
  -------         ENDPROC       ISR_EP6PFLAG
  -------         PROC          ISR_EP8PFLAG
  C:0CC6H         LINE#         524
  C:0CC6H         LINE#         526
  -------         ENDPROC       ISR_EP8PFLAG
  -------         PROC          ISR_EP2EFLAG
  C:0CC7H         LINE#         527
  C:0CC7H         LINE#         529
  -------         ENDPROC       ISR_EP2EFLAG
BL51 BANKED LINKER/LOCATER V6.22                                                      08/10/2015  23:47:13  PAGE 16


  -------         PROC          ISR_EP4EFLAG
  C:0CC8H         LINE#         530
  C:0CC8H         LINE#         532
  -------         ENDPROC       ISR_EP4EFLAG
  -------         PROC          ISR_EP6EFLAG
  C:0CC9H         LINE#         533
  C:0CC9H         LINE#         535
  -------         ENDPROC       ISR_EP6EFLAG
  -------         PROC          ISR_EP8EFLAG
  C:0CCAH         LINE#         536
  C:0CCAH         LINE#         538
  -------         ENDPROC       ISR_EP8EFLAG
  -------         PROC          ISR_EP2FFLAG
  C:0CCBH         LINE#         539
  C:0CCBH         LINE#         541
  -------         ENDPROC       ISR_EP2FFLAG
  -------         PROC          ISR_EP4FFLAG
  C:0CCCH         LINE#         542
  C:0CCCH         LINE#         544
  -------         ENDPROC       ISR_EP4FFLAG
  -------         PROC          ISR_EP6FFLAG
  C:0CCDH         LINE#         545
  C:0CCDH         LINE#         547
  -------         ENDPROC       ISR_EP6FFLAG
  -------         PROC          ISR_EP8FFLAG
  C:0CCEH         LINE#         548
  C:0CCEH         LINE#         550
  -------         ENDPROC       ISR_EP8FFLAG
  -------         PROC          ISR_GPIFCOMPLETE
  C:0CCFH         LINE#         551
  C:0CCFH         LINE#         553
  -------         ENDPROC       ISR_GPIFCOMPLETE
  -------         PROC          ISR_GPIFWAVEFORM
  C:0CD0H         LINE#         554
  C:0CD0H         LINE#         556
  -------         ENDPROC       ISR_GPIFWAVEFORM
  -------         ENDMOD        BULKLOOP

  -------         MODULE        FW
  C:0000H         SYMBOL        _ICE_DUMMY_
  B:00A8H.7       PUBLIC        EA
  B:0020H.0       PUBLIC        Rwuen
  B:0020H.1       PUBLIC        GotSUD
  C:0C8AH         PUBLIC        EPCS_Offset_Lookup_Table
  C:07F5H         PUBLIC        HighSpeedCapable
  C:02B8H         PUBLIC        main
  B:00E8H.0       PUBLIC        EUSB
  C:05F9H         PUBLIC        resume_isr
  D:0021H         PUBLIC        pHighSpeedConfigDscr
  D:0023H         PUBLIC        pDeviceDscr
  C:0080H         PUBLIC        SetupCommand
  D:0025H         PUBLIC        pConfigDscr
  D:0027H         PUBLIC        pOtherConfigDscr
  D:0029H         PUBLIC        pFullSpeedConfigDscr
  B:0020H.2       PUBLIC        Selfpwr
  D:002BH         PUBLIC        pDeviceQualDscr
  D:00D8H         PUBLIC        EICON
BL51 BANKED LINKER/LOCATER V6.22                                                      08/10/2015  23:47:13  PAGE 17


  D:008EH         PUBLIC        CKCON
  D:002DH         PUBLIC        pStringDscr
  B:0020H.3       PUBLIC        Sleep
  -------         PROC          MAIN
  -------         DO            
  D:000BH         SYMBOL        i
  D:0006H         SYMBOL        offset
  D:000FH         SYMBOL        DevDescrLen
  D:0013H         SYMBOL        j
  D:0017H         SYMBOL        IntDescrAddr
  D:0019H         SYMBOL        ExtDescrAddr
  -------         ENDDO         
  C:02B8H         LINE#         90
  C:02B8H         LINE#         91
  C:02B8H         LINE#         95
  C:02C1H         LINE#         100
  C:02C3H         LINE#         101
  C:02C5H         LINE#         102
  C:02C7H         LINE#         103
  C:02C9H         LINE#         106
  C:02CCH         LINE#         115
  C:02D4H         LINE#         116
  C:02DAH         LINE#         117
  C:02E0H         LINE#         118
  C:02E6H         LINE#         119
  C:02ECH         LINE#         126
  C:02F4H         LINE#         127
  C:02F4H         LINE#         129
  C:02FAH         LINE#         130
  C:02FEH         LINE#         131
  C:0316H         LINE#         132
  C:0334H         LINE#         133
  C:0367H         LINE#         136
  C:036DH         LINE#         137
  C:0377H         LINE#         138
  C:0382H         LINE#         139
  C:038DH         LINE#         140
  C:0398H         LINE#         141
  C:03A3H         LINE#         142
  C:03AEH         LINE#         143
  C:03B9H         LINE#         144
  C:03B9H         LINE#         146
  C:03BBH         LINE#         147
  C:03BEH         LINE#         149
  C:03C5H         LINE#         151
  C:03CCH         LINE#         152
  C:03CEH         LINE#         158
  C:03D5H         LINE#         159
  C:03D5H         LINE#         160
  C:03DAH         LINE#         161
  C:03DAH         LINE#         167
  C:03E1H         LINE#         169
  C:03E4H         LINE#         172
  C:03E6H         LINE#         175
  C:03E6H         LINE#         176
  C:03E6H         LINE#         178
  C:03E9H         LINE#         181
BL51 BANKED LINKER/LOCATER V6.22                                                      08/10/2015  23:47:13  PAGE 18


  C:03ECH         LINE#         182
  C:03ECH         LINE#         183
  C:03EFH         LINE#         184
  C:03F1H         LINE#         185
  C:03F1H         LINE#         192
  C:03F4H         LINE#         193
  C:03F4H         LINE#         194
  C:03F9H         LINE#         195
  C:03F9H         LINE#         196
  C:03FBH         LINE#         198
  C:03FBH         LINE#         199
  C:03FEH         LINE#         200
  C:03FEH         LINE#         201
  C:0417H         LINE#         206
  C:041AH         LINE#         207
  C:041DH         LINE#         208
  C:041DH         LINE#         209
  C:041DH         LINE#         211
  -------         ENDPROC       MAIN
  -------         PROC          HIGHSPEEDCAPABLE
  C:07F5H         LINE#         214
  C:07F5H         LINE#         215
  C:07F5H         LINE#         220
  C:07FCH         LINE#         221
  C:07FEH         LINE#         223
  C:07FFH         LINE#         224
  -------         ENDPROC       HIGHSPEEDCAPABLE
  -------         PROC          SETUPCOMMAND
  -------         DO            
  D:0001H         SYMBOL        dscr_ptr
  -------         ENDDO         
  C:0080H         LINE#         227
  C:0080H         LINE#         228
  C:0080H         LINE#         231
  C:00B6H         LINE#         232
  C:00B6H         LINE#         233
  C:00B6H         LINE#         234
  C:00BEH         LINE#         235
  C:00D4H         LINE#         236
  C:00D4H         LINE#         237
  C:00D4H         LINE#         238
  C:00DAH         LINE#         239
  C:00DCH         LINE#         240
  C:00DEH         LINE#         241
  C:00DEH         LINE#         244
  C:00E3H         LINE#         245
  C:00E3H         LINE#         246
  C:00E9H         LINE#         247
  C:00EBH         LINE#         248
  C:00EDH         LINE#         254
  C:00EDH         LINE#         255
  C:00F3H         LINE#         256
  C:00F5H         LINE#         257
  C:00F7H         LINE#         258
  C:00F7H         LINE#         259
  C:00FDH         LINE#         260
  C:00FFH         LINE#         261
BL51 BANKED LINKER/LOCATER V6.22                                                      08/10/2015  23:47:13  PAGE 19


  C:0101H         LINE#         262
  C:0101H         LINE#         263
  C:0114H         LINE#         264
  C:0114H         LINE#         265
  C:0119H         LINE#         266
  C:011EH         LINE#         267
  C:0121H         LINE#         269
  C:0121H         LINE#         270
  C:0124H         LINE#         271
  C:0124H         LINE#         272
  C:0124H         LINE#         273
  C:0124H         LINE#         274
  C:0127H         LINE#         275
  C:0127H         LINE#         276
  C:012AH         LINE#         277
  C:012DH         LINE#         278
  C:012DH         LINE#         279
  C:0130H         LINE#         280
  C:0133H         LINE#         281
  C:0133H         LINE#         282
  C:0136H         LINE#         284
  C:0139H         LINE#         285
  C:0139H         LINE#         286
  C:013CH         LINE#         287
  C:013FH         LINE#         288
  C:013FH         LINE#         289
  C:0147H         LINE#         290
  C:0156H         LINE#         291
  C:0156H         LINE#         292
  C:0156H         LINE#         293
  C:0162H         LINE#         294
  C:0162H         LINE#         295
  C:0162H         LINE#         296
  C:0162H         LINE#         297
  C:0164H         LINE#         298
  C:0164H         LINE#         299
  C:0169H         LINE#         300
  C:0169H         LINE#         301
  C:0169H         LINE#         302
  C:0169H         LINE#         303
  C:016BH         LINE#         304
  C:016BH         LINE#         305
  C:01A9H         LINE#         306
  C:01ACH         LINE#         307
  C:01B0H         LINE#         308
  C:01B6H         LINE#         309
  C:01B9H         LINE#         310
  C:01B9H         LINE#         311
  C:01B9H         LINE#         312
  C:01B9H         LINE#         313
  C:01BCH         LINE#         314
  C:01BCH         LINE#         315
  C:01C4H         LINE#         316
  C:01D3H         LINE#         317
  C:01D3H         LINE#         318
  C:01D3H         LINE#         319
  C:01DAH         LINE#         320
BL51 BANKED LINKER/LOCATER V6.22                                                      08/10/2015  23:47:13  PAGE 20


  C:01DFH         LINE#         322
  C:01DFH         LINE#         323
  C:01E2H         LINE#         324
  C:01E2H         LINE#         325
  C:01E8H         LINE#         326
  C:01E8H         LINE#         327
  C:0223H         LINE#         328
  C:023BH         LINE#         329
  C:023DH         LINE#         331
  C:023DH         LINE#         332
  C:023FH         LINE#         333
  C:023FH         LINE#         334
  C:023FH         LINE#         335
  C:023FH         LINE#         336
  C:0244H         LINE#         337
  C:0250H         LINE#         338
  C:0250H         LINE#         339
  C:0250H         LINE#         340
  C:0257H         LINE#         341
  C:025BH         LINE#         342
  C:0262H         LINE#         348
  C:0264H         LINE#         350
  C:0264H         LINE#         351
  C:0266H         LINE#         352
  C:0266H         LINE#         353
  C:029DH         LINE#         354
  C:029FH         LINE#         355
  C:029FH         LINE#         356
  C:02A2H         LINE#         357
  C:02A2H         LINE#         358
  C:02A4H         LINE#         359
  C:02A4H         LINE#         360
  C:02A9H         LINE#         361
  C:02B0H         LINE#         362
  C:02B0H         LINE#         365
  C:02B7H         LINE#         366
  -------         ENDPROC       SETUPCOMMAND
  -------         PROC          RESUME_ISR
  C:05F9H         LINE#         369
  C:05F9H         LINE#         371
  C:05FCH         LINE#         372
  -------         ENDPROC       RESUME_ISR
  -------         ENDMOD        FW

  -------         MODULE        FX2LPSERIAL
  C:0000H         SYMBOL        _ICE_DUMMY_
  B:0098H.1       PUBLIC        TI
  D:00CBH         PUBLIC        RCAP2H
  D:00CAH         PUBLIC        RCAP2L
  C:0C0FH         PUBLIC        _FX2LPSerial_XmitHex1
  C:0C6BH         PUBLIC        _FX2LPSerial_XmitHex2
  C:0C7CH         PUBLIC        _FX2LPSerial_XmitHex4
  C:0B1CH         PUBLIC        FX2LPSerial_Init
  C:07B6H         PUBLIC        _?FX2LPSerial_XmitString
  C:0C23H         PUBLIC        _?FX2LPSerial_XmitChar
  D:0099H         PUBLIC        SBUF0
  D:0098H         PUBLIC        SCON0
BL51 BANKED LINKER/LOCATER V6.22                                                      08/10/2015  23:47:13  PAGE 21


  D:00C8H         PUBLIC        T2CON
  -------         PROC          FX2LPSERIAL_INIT
  C:0B1CH         LINE#         6
  C:0B1CH         LINE#         7
  C:0B1CH         LINE#         8
  C:0B1FH         LINE#         9
  C:0B22H         LINE#         10
  C:0B25H         LINE#         11
  C:0B28H         LINE#         12
  C:0B2AH         LINE#         14
  C:0B33H         LINE#         17
  -------         ENDPROC       FX2LPSERIAL_INIT
  -------         PROC          _?FX2LPSERIAL_XMITCHAR
  i:0000H         SYMBOL        ch
  C:0C23H         LINE#         21
  C:0C29H         LINE#         23
  C:0C2CH         LINE#         24
  C:0C2EH         LINE#         25
  C:0C33H         LINE#         26
  -------         ENDPROC       _?FX2LPSERIAL_XMITCHAR
  -------         PROC          _FX2LPSERIAL_XMITHEX1
  D:0006H         SYMBOL        b
  C:0C0FH         LINE#         28
  C:0C11H         LINE#         29
  C:0C11H         LINE#         30
  C:0C18H         LINE#         31
  C:0C1CH         LINE#         33
  C:0C22H         LINE#         34
  -------         ENDPROC       _FX2LPSERIAL_XMITHEX1
  -------         PROC          _FX2LPSERIAL_XMITHEX2
  D:0005H         SYMBOL        b
  C:0C6BH         LINE#         36
  C:0C6DH         LINE#         37
  C:0C6DH         LINE#         38
  C:0C75H         LINE#         39
  -------         ENDPROC       _FX2LPSERIAL_XMITHEX2
  -------         PROC          _FX2LPSERIAL_XMITHEX4
  D:0002H         SYMBOL        w
  C:0C7CH         LINE#         42
  C:0C80H         LINE#         43
  C:0C80H         LINE#         44
  C:0C85H         LINE#         45
  -------         ENDPROC       _FX2LPSERIAL_XMITHEX4
  -------         PROC          _?FX2LPSERIAL_XMITSTRING
  i:0000H         SYMBOL        str
  C:07B6H         LINE#         48
  C:07C6H         LINE#         50
  C:07D5H         LINE#         51
  C:07EEH         LINE#         52
  -------         ENDPROC       _?FX2LPSERIAL_XMITSTRING
  -------         ENDMOD        FX2LPSERIAL

  -------         MODULE        DSCR
  C:0800H         SEGMENT       DSCR
  C:0800H         PUBLIC        DEVICEDSCR
  C:0812H         PUBLIC        DEVICEQUALDSCR
  C:083CH         PUBLIC        FULLSPEEDCONFIGDSCR
BL51 BANKED LINKER/LOCATER V6.22                                                      08/10/2015  23:47:13  PAGE 22


  C:081CH         PUBLIC        HIGHSPEEDCONFIGDSCR
  C:085CH         PUBLIC        STRINGDSCR
  C:087EH         PUBLIC        USERDSCR
  N:0002H         SYMBOL        DSCR_CONFIG
  N:0009H         SYMBOL        DSCR_CONFIG_LEN
  N:0001H         SYMBOL        DSCR_DEVICE
  N:0012H         SYMBOL        DSCR_DEVICE_LEN
  N:0006H         SYMBOL        DSCR_DEVQUAL
  N:000AH         SYMBOL        DSCR_DEVQUAL_LEN
  N:0005H         SYMBOL        DSCR_ENDPNT
  N:0007H         SYMBOL        DSCR_ENDPNT_LEN
  N:0004H         SYMBOL        DSCR_INTRFC
  N:0009H         SYMBOL        DSCR_INTRFC_LEN
  N:0003H         SYMBOL        DSCR_STRING
  N:0002H         SYMBOL        ET_BULK
  N:0000H         SYMBOL        ET_CONTROL
  N:0003H         SYMBOL        ET_INT
  N:0001H         SYMBOL        ET_ISO
  C:085CH         SYMBOL        FULLSPEEDCONFIGDSCREND
  C:083CH         SYMBOL        HIGHSPEEDCONFIGDSCREND
  C:085CH         SYMBOL        STRINGDSCR0
  C:0860H         SYMBOL        STRINGDSCR0END
  C:0860H         SYMBOL        STRINGDSCR1
  C:0870H         SYMBOL        STRINGDSCR1END
  C:0870H         SYMBOL        STRINGDSCR2
  C:087EH         SYMBOL        STRINGDSCR2END
  -------         ENDMOD        DSCR

  -------         MODULE        RESUME
  C:0000H         SYMBOL        _ICE_DUMMY_
  C:0A7EH         PUBLIC        EZUSB_Resume
  -------         PROC          EZUSB_RESUME
  C:0A7EH         LINE#         38
  C:0A7EH         LINE#         39
  C:0A7EH         LINE#         40
  C:0A94H         LINE#         42
  C:0A94H         LINE#         43
  C:0A9BH         LINE#         44
  C:0AA2H         LINE#         45
  C:0AA9H         LINE#         46
  C:0AA9H         LINE#         47
  -------         ENDPROC       EZUSB_RESUME
  -------         ENDMOD        RESUME

  -------         MODULE        DISCON
  C:0000H         SYMBOL        _ICE_DUMMY_
  D:0091H         PUBLIC        EXIF
  C:0A4FH         PUBLIC        EZUSB_Discon
  -------         PROC          EZUSB_DISCON
  B:0020H.4       SYMBOL        renum
  C:0A4FH         LINE#         39
  C:0A4FH         LINE#         40
  C:0A4FH         LINE#         42
  C:0A52H         LINE#         43
  C:0A5BH         LINE#         45
  C:0A62H         LINE#         47
  C:0A69H         LINE#         49
BL51 BANKED LINKER/LOCATER V6.22                                                      08/10/2015  23:47:13  PAGE 23


  C:0A6FH         LINE#         50
  C:0A73H         LINE#         51
  C:0A76H         LINE#         53
  C:0A7DH         LINE#         54
  -------         ENDPROC       EZUSB_DISCON
  -------         ENDMOD        DISCON

  -------         MODULE        EZREGS
  C:0000H         SYMBOL        _ICE_DUMMY_
  X:E652H         PUBLIC        EP4FIFOIE
  X:E668H         PUBLIC        INTSETUP
  X:E600H         PUBLIC        CPUCS
  X:E654H         PUBLIC        EP6FIFOIE
  X:E680H         PUBLIC        USBCS
  X:E65FH         PUBLIC        EPIRQ
  X:E656H         PUBLIC        EP8FIFOIE
  X:E6F2H         PUBLIC        XGPIFSGLDATLNOX
  X:E6C0H         PUBLIC        GPIFWFSELECT
  X:E6F0H         PUBLIC        XGPIFSGLDATH
  X:E605H         PUBLIC        BREAKPT
  X:E609H         PUBLIC        FIFOPINPOLAR
  X:E640H         PUBLIC        EP2ISOINPKTS
  X:E678H         PUBLIC        I2CS
  X:E610H         PUBLIC        EP1OUTCFG
  X:E6F9H         PUBLIC        TESTCFG
  X:E641H         PUBLIC        EP4ISOINPKTS
  X:E68AH         PUBLIC        EP0BCH
  X:E661H         PUBLIC        GPIFIRQ
  X:E642H         PUBLIC        EP6ISOINPKTS
  X:E690H         PUBLIC        EP2BCH
  X:E643H         PUBLIC        EP8ISOINPKTS
  X:E694H         PUBLIC        EP4BCH
  X:E68BH         PUBLIC        EP0BCL
  X:E612H         PUBLIC        EP2CFG
  X:E698H         PUBLIC        EP6BCH
  X:E691H         PUBLIC        EP2BCL
  X:E613H         PUBLIC        EP4CFG
  X:E6A7H         PUBLIC        EP2FIFOFLGS
  X:E69CH         PUBLIC        EP8BCH
  X:E695H         PUBLIC        EP4BCL
  X:E628H         PUBLIC        ECCCFG
  X:E614H         PUBLIC        EP6CFG
  X:E6A8H         PUBLIC        EP4FIFOFLGS
  X:E699H         PUBLIC        EP6BCL
  X:E780H         PUBLIC        EP1OUTBUF
  X:E67BH         PUBLIC        XAUTODAT1
  X:E615H         PUBLIC        EP8CFG
  X:E6A9H         PUBLIC        EP6FIFOFLGS
  X:E69DH         PUBLIC        EP8BCL
  X:E67CH         PUBLIC        XAUTODAT2
  X:E684H         PUBLIC        USBFRAMEH
  X:E6F5H         PUBLIC        GPIFABORT
  X:E6AAH         PUBLIC        EP8FIFOFLGS
  X:E6F8H         PUBLIC        DBUG
  X:E740H         PUBLIC        EP0BUF
  X:E6CBH         PUBLIC        FLOWSTB
  X:E65EH         PUBLIC        EPIE
BL51 BANKED LINKER/LOCATER V6.22                                                      08/10/2015  23:47:13  PAGE 24


  X:E685H         PUBLIC        USBFRAMEL
  X:E681H         PUBLIC        SUSPEND
  X:E60CH         PUBLIC        GPIFHOLDAMOUNT
  X:E6D4H         PUBLIC        EP2GPIFTRIG
  X:E6C7H         PUBLIC        FLOWLOGIC
  X:E6DCH         PUBLIC        EP4GPIFTRIG
  X:E604H         PUBLIC        FIFORESET
  X:E6E4H         PUBLIC        EP6GPIFTRIG
  X:E6C2H         PUBLIC        GPIFIDLECTL
  X:E6FAH         PUBLIC        USBTEST
  X:E6B3H         PUBLIC        SUDPTRH
  X:E6ECH         PUBLIC        EP8GPIFTRIG
  X:E6D2H         PUBLIC        EP2GPIFFLGSEL
  X:E611H         PUBLIC        EP1INCFG
  X:E6B4H         PUBLIC        SUDPTRL
  X:E687H         PUBLIC        FNADDR
  X:E6DAH         PUBLIC        EP4GPIFFLGSEL
  X:E6D1H         PUBLIC        GPIFTCB0
  X:E6CDH         PUBLIC        FLOWSTBHPERIOD
  X:E6D0H         PUBLIC        GPIFTCB1
  X:E665H         PUBLIC        CLRERRCNT
  X:E6E2H         PUBLIC        EP6GPIFFLGSEL
  X:E6CFH         PUBLIC        GPIFTCB2
  X:E664H         PUBLIC        ERRCNTLIM
  X:E6CEH         PUBLIC        GPIFTCB3
  X:E6EAH         PUBLIC        EP8GPIFFLGSEL
  X:E660H         PUBLIC        GPIFIE
  X:E67FH         PUBLIC        UDMACRCQUAL
  X:E400H         PUBLIC        GPIF_WAVE_DATA
  X:E6CCH         PUBLIC        FLOWSTBEDGE
  X:E6ABH         PUBLIC        EP2FIFOBCH
  X:E7C0H         PUBLIC        EP1INBUF
  X:E6C6H         PUBLIC        FLOWSTATE
  X:E6ADH         PUBLIC        EP4FIFOBCH
  X:E6CAH         PUBLIC        FLOWHOLDOFF
  X:E618H         PUBLIC        EP2FIFOCFG
  X:E6AFH         PUBLIC        EP6FIFOBCH
  X:E6ACH         PUBLIC        EP2FIFOBCL
  X:E619H         PUBLIC        EP4FIFOCFG
  X:E6B1H         PUBLIC        EP8FIFOBCH
  X:E6AEH         PUBLIC        EP4FIFOBCL
  X:E649H         PUBLIC        OUTPKTEND
  X:E663H         PUBLIC        USBERRIRQ
  X:E61AH         PUBLIC        EP6FIFOCFG
  X:E6B0H         PUBLIC        EP6FIFOBCL
  X:E620H         PUBLIC        EP2AUTOINLENH
  X:E61BH         PUBLIC        EP8FIFOCFG
  X:E6B2H         PUBLIC        EP8FIFOBCL
  X:E68DH         PUBLIC        EP1OUTBC
  X:E622H         PUBLIC        EP4AUTOINLENH
  X:E666H         PUBLIC        INT2IVEC
  X:E659H         PUBLIC        IBNIRQ
  X:E6FBH         PUBLIC        CT1
  X:E6C4H         PUBLIC        GPIFADRH
  X:E65BH         PUBLIC        NAKIRQ
  X:E624H         PUBLIC        EP6AUTOINLENH
  X:E621H         PUBLIC        EP2AUTOINLENL
BL51 BANKED LINKER/LOCATER V6.22                                                      08/10/2015  23:47:13  PAGE 25


  X:E601H         PUBLIC        IFCONFIG
  X:E6FCH         PUBLIC        CT2
  X:E6B5H         PUBLIC        SUDPTRCTL
  X:E667H         PUBLIC        INT4IVEC
  X:E6FDH         PUBLIC        CT3
  X:E67DH         PUBLIC        UDMACRCH
  X:E626H         PUBLIC        EP8AUTOINLENH
  X:E623H         PUBLIC        EP4AUTOINLENL
  X:E6FEH         PUBLIC        CT4
  X:F000H         PUBLIC        EP2FIFOBUF
  X:E6C5H         PUBLIC        GPIFADRL
  X:E625H         PUBLIC        EP6AUTOINLENL
  X:E630H         PUBLIC        EP2FIFOPFH
  X:F400H         PUBLIC        EP4FIFOBUF
  X:E67EH         PUBLIC        UDMACRCL
  X:E627H         PUBLIC        EP8AUTOINLENL
  X:E6D3H         PUBLIC        EP2GPIFPFSTOP
  X:E683H         PUBLIC        TOGCTL
  X:E632H         PUBLIC        EP4FIFOPFH
  X:F800H         PUBLIC        EP6FIFOBUF
  X:E629H         PUBLIC        ECCRESET
  X:E6DBH         PUBLIC        EP4GPIFPFSTOP
  X:E634H         PUBLIC        EP6FIFOPFH
  X:E631H         PUBLIC        EP2FIFOPFL
  X:FC00H         PUBLIC        EP8FIFOBUF
  X:E60BH         PUBLIC        REVCTL
  X:E6E3H         PUBLIC        EP6GPIFPFSTOP
  X:E636H         PUBLIC        EP8FIFOPFH
  X:E633H         PUBLIC        EP4FIFOPFL
  X:E608H         PUBLIC        UART230
  X:E480H         PUBLIC        RES_WAVEDATA_END
  X:E6EBH         PUBLIC        EP8GPIFPFSTOP
  X:E679H         PUBLIC        I2DAT
  X:E635H         PUBLIC        EP6FIFOPFL
  X:E6A1H         PUBLIC        EP1OUTCS
  X:E637H         PUBLIC        EP8FIFOPFL
  X:E65DH         PUBLIC        USBIRQ
  X:E670H         PUBLIC        PORTACFG
  X:E671H         PUBLIC        PORTCCFG
  X:E651H         PUBLIC        EP2FIFOIRQ
  X:E602H         PUBLIC        PINFLAGSAB
  X:E6A0H         PUBLIC        EP0CS
  X:E6F4H         PUBLIC        GPIFREADYSTAT
  X:E6C3H         PUBLIC        GPIFCTLCFG
  X:E672H         PUBLIC        PORTECFG
  X:E653H         PUBLIC        EP4FIFOIRQ
  X:E6C1H         PUBLIC        GPIFIDLECS
  X:E6A3H         PUBLIC        EP2CS
  X:E50DH         PUBLIC        GPCR2
  X:E67AH         PUBLIC        I2CTL
  X:E655H         PUBLIC        EP6FIFOIRQ
  X:E603H         PUBLIC        PINFLAGSCD
  X:E6A4H         PUBLIC        EP4CS
  X:E648H         PUBLIC        INPKTEND
  X:E657H         PUBLIC        EP8FIFOIRQ
  X:E6A5H         PUBLIC        EP6CS
  X:E6A6H         PUBLIC        EP8CS
BL51 BANKED LINKER/LOCATER V6.22                                                      08/10/2015  23:47:13  PAGE 26


  X:E68FH         PUBLIC        EP1INBC
  X:E662H         PUBLIC        USBERRIE
  X:E6C8H         PUBLIC        FLOWEQ0CTL
  X:E6C9H         PUBLIC        FLOWEQ1CTL
  X:E682H         PUBLIC        WAKEUPCS
  X:E6F1H         PUBLIC        XGPIFSGLDATLX
  X:E658H         PUBLIC        IBNIE
  X:E686H         PUBLIC        MICROFRAME
  X:E65AH         PUBLIC        NAKIE
  X:E6B8H         PUBLIC        SETUPDAT
  X:E62AH         PUBLIC        ECC1B0
  X:E62DH         PUBLIC        ECC2B0
  X:E62BH         PUBLIC        ECC1B1
  X:E6F3H         PUBLIC        GPIFREADYCFG
  X:E62EH         PUBLIC        ECC2B1
  X:E62CH         PUBLIC        ECC1B2
  X:E62FH         PUBLIC        ECC2B2
  X:E6A2H         PUBLIC        EP1INCS
  X:E606H         PUBLIC        BPADDRH
  X:E65CH         PUBLIC        USBIE
  X:E60AH         PUBLIC        REVID
  X:E607H         PUBLIC        BPADDRL
  X:E650H         PUBLIC        EP2FIFOIE
  -------         ENDMOD        EZREGS

  -------         MODULE        I2C
  C:0000H         SYMBOL        _ICE_DUMMY_
  B:00E8H.1       PUBLIC        EI2C
  B:00A8H.7       PUBLIC        EA
  D:0091H         PUBLIC        EXIF
  C:041FH         PUBLIC        i2c_isr
  C:0C9CH         PUBLIC        EZUSB_InitI2C
  D:0037H         PUBLIC        I2CPckt
  C:097BH         PUBLIC        _EZUSB_WaitForEEPROMWrite
  C:09E9H         PUBLIC        _EZUSB_ReadI2C_
  C:0A1DH         PUBLIC        _EZUSB_WriteI2C_
  -------         PROC          EZUSB_INITI2C
  C:0C9CH         LINE#         40
  C:0C9CH         LINE#         41
  C:0C9CH         LINE#         42
  C:0C9FH         LINE#         44
  C:0CA1H         LINE#         45
  C:0CA3H         LINE#         50
  -------         ENDPROC       EZUSB_INITI2C
  -------         PROC          _EZUSB_WAITFOREEPROMWRITE
  D:0005H         SYMBOL        addr
  C:097BH         LINE#         52
  C:097DH         LINE#         53
  C:097DH         LINE#         56
  C:0984H         LINE#         60
  C:0986H         LINE#         63
  C:0986H         LINE#         64
  C:098DH         LINE#         65
  C:0994H         LINE#         66
  C:099BH         LINE#         67
  C:09A2H         LINE#         68
  C:09A9H         LINE#         69
BL51 BANKED LINKER/LOCATER V6.22                                                      08/10/2015  23:47:13  PAGE 27


  C:09B0H         LINE#         72
  C:09B2H         LINE#         74
  -------         ENDPROC       _EZUSB_WAITFOREEPROMWRITE
  -------         PROC          _EZUSB_WRITEI2C_
  D:0004H         SYMBOL        addr
  D:0005H         SYMBOL        length
  D:0002H         SYMBOL        dat
  C:0A1DH         LINE#         75
  C:0A1FH         LINE#         76
  C:0A1FH         LINE#         79
  C:0A26H         LINE#         82
  C:0A2AH         LINE#         83
  C:0A2AH         LINE#         84
  C:0A31H         LINE#         85
  C:0A38H         LINE#         87
  C:0A3AH         LINE#         88
  C:0A45H         LINE#         89
  C:0A48H         LINE#         90
  C:0A4BH         LINE#         92
  C:0A4DH         LINE#         93
  C:0A4DH         LINE#         95
  C:0A4EH         LINE#         96
  -------         ENDPROC       _EZUSB_WRITEI2C_
  -------         PROC          _EZUSB_READI2C_
  D:0004H         SYMBOL        addr
  D:0005H         SYMBOL        length
  D:0002H         SYMBOL        dat
  C:09E9H         LINE#         98
  C:09EBH         LINE#         99
  C:09EBH         LINE#         102
  C:09F2H         LINE#         105
  C:09F6H         LINE#         106
  C:09F6H         LINE#         107
  C:09FDH         LINE#         108
  C:0A06H         LINE#         110
  C:0A08H         LINE#         111
  C:0A13H         LINE#         112
  C:0A16H         LINE#         113
  C:0A19H         LINE#         115
  C:0A1BH         LINE#         116
  C:0A1BH         LINE#         118
  C:0A1CH         LINE#         119
  -------         ENDPROC       _EZUSB_READI2C_
  -------         PROC          I2C_ISR
  C:041FH         LINE#         121
  C:043FH         LINE#         123
  C:0446H         LINE#         124
  C:044CH         LINE#         125
  C:0459H         LINE#         126
  C:045FH         LINE#         128
  C:047DH         LINE#         129
  C:047DH         LINE#         130
  C:047DH         LINE#         131
  C:0493H         LINE#         132
  C:0499H         LINE#         133
  C:049CH         LINE#         134
  C:049EH         LINE#         135
BL51 BANKED LINKER/LOCATER V6.22                                                      08/10/2015  23:47:13  PAGE 28


  C:049EH         LINE#         136
  C:04B2H         LINE#         137
  C:04B5H         LINE#         138
  C:04BBH         LINE#         139
  C:04C2H         LINE#         140
  C:04C4H         LINE#         141
  C:04C4H         LINE#         142
  C:04CBH         LINE#         143
  C:04D2H         LINE#         144
  C:04D8H         LINE#         145
  C:04D8H         LINE#         146
  C:04DFH         LINE#         147
  C:04E2H         LINE#         148
  C:04E2H         LINE#         149
  C:04F6H         LINE#         150
  C:04F8H         LINE#         151
  C:04FAH         LINE#         152
  C:04FAH         LINE#         153
  C:0501H         LINE#         157
  C:0504H         LINE#         159
  C:0506H         LINE#         160
  C:0506H         LINE#         161
  C:0509H         LINE#         162
  C:0509H         LINE#         163
  C:0509H         LINE#         164
  C:050CH         LINE#         165
  -------         ENDPROC       I2C_ISR
  -------         ENDMOD        I2C

  -------         MODULE        GET_STRD
  C:0000H         SYMBOL        _ICE_DUMMY_
  C:0AAAH         PUBLIC        _EZUSB_GetStringDscr
  -------         PROC          _EZUSB_GETSTRINGDSCR
  D:0001H         SYMBOL        StrIdx
  -------         DO            
  D:0006H         SYMBOL        dscr
  -------         ENDDO         
  C:0AAAH         LINE#         38
  C:0AACH         LINE#         39
  C:0AACH         LINE#         42
  C:0AB0H         LINE#         44
  C:0ABAH         LINE#         45
  C:0ABAH         LINE#         46
  C:0AC0H         LINE#         47
  C:0AC1H         LINE#         48
  C:0ACFH         LINE#         49
  C:0AD1H         LINE#         51
  C:0AD4H         LINE#         52
  -------         ENDPROC       _EZUSB_GETSTRINGDSCR
  -------         ENDMOD        GET_STRD

  -------         MODULE        I2C_RW
  C:0000H         SYMBOL        _ICE_DUMMY_
  C:0B7AH         PUBLIC        _EZUSB_ReadI2C
  C:0B96H         PUBLIC        _EZUSB_WriteI2C
  -------         PROC          _EZUSB_READI2C
  D:0007H         SYMBOL        addr
BL51 BANKED LINKER/LOCATER V6.22                                                      08/10/2015  23:47:13  PAGE 29


  D:0005H         SYMBOL        length
  D:0002H         SYMBOL        dat
  C:0B7AH         LINE#         38
  C:0B7AH         LINE#         39
  C:0B7AH         LINE#         40
  C:0B7DH         LINE#         42
  C:0B7DH         LINE#         43
  C:0B8AH         LINE#         44
  C:0B8AH         LINE#         45
  C:0B8AH         LINE#         46
  C:0B8CH         LINE#         47
  C:0B8CH         LINE#         48
  C:0B8FH         LINE#         49
  C:0B91H         LINE#         50
  C:0B91H         LINE#         51
  C:0B94H         LINE#         52
  C:0B95H         LINE#         53
  C:0B95H         LINE#         54
  -------         ENDPROC       _EZUSB_READI2C
  -------         PROC          _EZUSB_WRITEI2C
  D:0007H         SYMBOL        addr
  D:0005H         SYMBOL        length
  D:0002H         SYMBOL        dat
  C:0B96H         LINE#         56
  C:0B96H         LINE#         57
  C:0B96H         LINE#         58
  C:0B99H         LINE#         60
  C:0B99H         LINE#         61
  C:0BA6H         LINE#         62
  C:0BA6H         LINE#         63
  C:0BA6H         LINE#         64
  C:0BA8H         LINE#         65
  C:0BA8H         LINE#         66
  C:0BABH         LINE#         67
  C:0BADH         LINE#         68
  C:0BADH         LINE#         69
  C:0BB0H         LINE#         70
  C:0BB1H         LINE#         71
  C:0BB1H         LINE#         72
  -------         ENDPROC       _EZUSB_WRITEI2C
  -------         ENDMOD        I2C_RW

  -------         MODULE        SUSP
  C:0AD5H         SEGMENT       EZUSB
  C:0AD5H         PUBLIC        EZUSB_SUSP
  B:00D0H.6       SYMBOL        AC
  D:00E0H         SYMBOL        ACC
  D:009AH         SYMBOL        APTR1H
  D:009BH         SYMBOL        APTR1L
  D:009AH         SYMBOL        AUTOPTR1H
  D:009BH         SYMBOL        AUTOPTR1L
  D:009AH         SYMBOL        AUTOPTRH1
  D:009DH         SYMBOL        AUTOPTRH2
  D:009BH         SYMBOL        AUTOPTRL1
  D:009EH         SYMBOL        AUTOPTRL2
  D:00AFH         SYMBOL        AUTOPTRSETUP
  D:00F0H         SYMBOL        B
BL51 BANKED LINKER/LOCATER V6.22                                                      08/10/2015  23:47:13  PAGE 30


  X:E606H         SYMBOL        BPADDRH
  X:E607H         SYMBOL        BPADDRL
  X:E605H         SYMBOL        BREAKPT
  D:008EH         SYMBOL        CKCON
  X:E665H         SYMBOL        CLRERRCNT
  X:E600H         SYMBOL        CPUCS
  B:00C8H.0       SYMBOL        CP_RL2
  X:E6FBH         SYMBOL        CT1
  X:E6FCH         SYMBOL        CT2
  X:E6FDH         SYMBOL        CT3
  X:E6FEH         SYMBOL        CT4
  B:00D0H.7       SYMBOL        CY
  B:00C8H.1       SYMBOL        C_T2
  X:E6F8H         SYMBOL        DBUG
  D:0083H         SYMBOL        DPH
  D:0085H         SYMBOL        DPH1
  D:0082H         SYMBOL        DPL
  D:0084H         SYMBOL        DPL1
  D:0086H         SYMBOL        DPS
  B:00A8H.7       SYMBOL        EA
  X:E62AH         SYMBOL        ECC1B0
  X:E62BH         SYMBOL        ECC1B1
  X:E62CH         SYMBOL        ECC1B2
  X:E62DH         SYMBOL        ECC2B0
  X:E62EH         SYMBOL        ECC2B1
  X:E62FH         SYMBOL        ECC2B2
  X:E628H         SYMBOL        ECCCFG
  X:E629H         SYMBOL        ECCRESET
  B:00E8H.1       SYMBOL        EI2C
  D:00D8H         SYMBOL        EICON
  D:00E8H         SYMBOL        EIE
  B:00E8H.2       SYMBOL        EIEX4
  B:00E8H.3       SYMBOL        EIEX5
  B:00E8H.4       SYMBOL        EIEX6
  D:00F8H         SYMBOL        EIP
  B:00F8H.2       SYMBOL        EIPX4
  B:00F8H.3       SYMBOL        EIPX5
  B:00F8H.4       SYMBOL        EIPX6
  D:00BAH         SYMBOL        EP01STAT
  X:E68AH         SYMBOL        EP0BCH
  X:E68BH         SYMBOL        EP0BCL
  X:E740H         SYMBOL        EP0BUF
  X:E6A0H         SYMBOL        EP0CS
  X:E68FH         SYMBOL        EP1INBC
  X:E7C0H         SYMBOL        EP1INBUF
  X:E611H         SYMBOL        EP1INCFG
  X:E6A2H         SYMBOL        EP1INCS
  X:E68DH         SYMBOL        EP1OUTBC
  X:E780H         SYMBOL        EP1OUTBUF
  X:E610H         SYMBOL        EP1OUTCFG
  X:E6A1H         SYMBOL        EP1OUTCS
  D:00AAH         SYMBOL        EP2468STAT
  D:00ABH         SYMBOL        EP24FIFOFLGS
  X:E620H         SYMBOL        EP2AUTOINLENH
  X:E621H         SYMBOL        EP2AUTOINLENL
  X:E690H         SYMBOL        EP2BCH
  X:E691H         SYMBOL        EP2BCL
BL51 BANKED LINKER/LOCATER V6.22                                                      08/10/2015  23:47:13  PAGE 31


  X:E612H         SYMBOL        EP2CFG
  X:E6A3H         SYMBOL        EP2CS
  X:E6ABH         SYMBOL        EP2FIFOBCH
  X:E6ACH         SYMBOL        EP2FIFOBCL
  X:F000H         SYMBOL        EP2FIFOBUF
  X:E618H         SYMBOL        EP2FIFOCFG
  X:E6A7H         SYMBOL        EP2FIFOFLGS
  X:E650H         SYMBOL        EP2FIFOIE
  X:E651H         SYMBOL        EP2FIFOIRQ
  X:E630H         SYMBOL        EP2FIFOPFH
  X:E631H         SYMBOL        EP2FIFOPFL
  X:E6D2H         SYMBOL        EP2GPIFFLGSEL
  X:E6D3H         SYMBOL        EP2GPIFPFSTOP
  X:E6D0H         SYMBOL        EP2GPIFTCH
  X:E6D1H         SYMBOL        EP2GPIFTCL
  X:E6D4H         SYMBOL        EP2GPIFTRIG
  X:E640H         SYMBOL        EP2ISOINPKTS
  X:E622H         SYMBOL        EP4AUTOINLENH
  X:E623H         SYMBOL        EP4AUTOINLENL
  X:E694H         SYMBOL        EP4BCH
  X:E695H         SYMBOL        EP4BCL
  X:E613H         SYMBOL        EP4CFG
  X:E6A4H         SYMBOL        EP4CS
  X:E6ADH         SYMBOL        EP4FIFOBCH
  X:E6AEH         SYMBOL        EP4FIFOBCL
  X:F400H         SYMBOL        EP4FIFOBUF
  X:E619H         SYMBOL        EP4FIFOCFG
  X:E6A8H         SYMBOL        EP4FIFOFLGS
  X:E652H         SYMBOL        EP4FIFOIE
  X:E653H         SYMBOL        EP4FIFOIRQ
  X:E632H         SYMBOL        EP4FIFOPFH
  X:E633H         SYMBOL        EP4FIFOPFL
  X:E6DAH         SYMBOL        EP4GPIFFLGSEL
  X:E6DBH         SYMBOL        EP4GPIFPFSTOP
  X:E6D0H         SYMBOL        EP4GPIFTCH
  X:E6D1H         SYMBOL        EP4GPIFTCL
  X:E6DCH         SYMBOL        EP4GPIFTRIG
  X:E641H         SYMBOL        EP4ISOINPKTS
  D:00ACH         SYMBOL        EP68FIFOFLGS
  X:E624H         SYMBOL        EP6AUTOINLENH
  X:E625H         SYMBOL        EP6AUTOINLENL
  X:E698H         SYMBOL        EP6BCH
  X:E699H         SYMBOL        EP6BCL
  X:E614H         SYMBOL        EP6CFG
  X:E6A5H         SYMBOL        EP6CS
  X:E6AFH         SYMBOL        EP6FIFOBCH
  X:E6B0H         SYMBOL        EP6FIFOBCL
  X:F800H         SYMBOL        EP6FIFOBUF
  X:E61AH         SYMBOL        EP6FIFOCFG
  X:E6A9H         SYMBOL        EP6FIFOFLGS
  X:E654H         SYMBOL        EP6FIFOIE
  X:E655H         SYMBOL        EP6FIFOIRQ
  X:E634H         SYMBOL        EP6FIFOPFH
  X:E635H         SYMBOL        EP6FIFOPFL
  X:E6E2H         SYMBOL        EP6GPIFFLGSEL
  X:E6E3H         SYMBOL        EP6GPIFPFSTOP
  X:E6D0H         SYMBOL        EP6GPIFTCH
BL51 BANKED LINKER/LOCATER V6.22                                                      08/10/2015  23:47:13  PAGE 32


[...]


  X:E6F0H         SYMBOL        XGPIFSGLDATH
  X:E6F2H         SYMBOL        XGPIFSGLDATLNOX
  X:E6F1H         SYMBOL        XGPIFSGLDATLX
  C:0AD5H         LINE#         22
  C:0AD8H         LINE#         23
  C:0AD9H         LINE#         24
  C:0ADBH         LINE#         25
  C:0ADCH         LINE#         27
  C:0ADFH         LINE#         28
  C:0AE0H         LINE#         30
  C:0AE3H         LINE#         32
  C:0AE4H         LINE#         33
  C:0AE5H         LINE#         34
  C:0AE6H         LINE#         35
  C:0AE7H         LINE#         36
  C:0AE8H         LINE#         37
  -------         ENDMOD        SUSP

  -------         MODULE        DELAY
  C:0000H         SYMBOL        _ICE_DUMMY_
  C:05B3H         PUBLIC        _EZUSB_Delay
  -------         PROC          _EZUSB_DELAY
  D:001BH         SYMBOL        ms
  C:05B3H         LINE#         39
  C:05B7H         LINE#         40
  C:05B7H         LINE#         46
  C:05BFH         LINE#         47
  C:05D1H         LINE#         48
  C:05DBH         LINE#         49
  C:05E6H         LINE#         51
  C:05F3H         LINE#         52
  C:05F8H         LINE#         53
  -------         ENDPROC       _EZUSB_DELAY
  -------         ENDMOD        DELAY

  -------         MODULE        DELAY1MS
  C:0AD5H         SEGMENT       EZUSB
  C:0AE9H         PUBLIC        EZUSB_DELAY1MS
  B:00D0H.6       SYMBOL        AC
  D:00E0H         SYMBOL        ACC
  D:009AH         SYMBOL        APTR1H
  D:009BH         SYMBOL        APTR1L
  D:009AH         SYMBOL        AUTOPTR1H
  D:009BH         SYMBOL        AUTOPTR1L
  D:009AH         SYMBOL        AUTOPTRH1
  D:009DH         SYMBOL        AUTOPTRH2
  D:009BH         SYMBOL        AUTOPTRL1
  D:009EH         SYMBOL        AUTOPTRL2
  D:00AFH         SYMBOL        AUTOPTRSETUP
  D:00F0H         SYMBOL        B
  X:E606H         SYMBOL        BPADDRH
  X:E607H         SYMBOL        BPADDRL
  X:E605H         SYMBOL        BREAKPT
  D:008EH         SYMBOL        CKCON
  X:E665H         SYMBOL        CLRERRCNT
  X:E600H         SYMBOL        CPUCS
  B:00C8H.0       SYMBOL        CP_RL2
BL51 BANKED LINKER/LOCATER V6.22                                                      08/10/2015  23:47:13  PAGE 37


  X:E6FBH         SYMBOL        CT1
  X:E6FCH         SYMBOL        CT2
  X:E6FDH         SYMBOL        CT3
  X:E6FEH         SYMBOL        CT4
  B:00D0H.7       SYMBOL        CY
  B:00C8H.1       SYMBOL        C_T2
  X:E6F8H         SYMBOL        DBUG
  N:0000H         SYMBOL        DELAY1MS
  D:0083H         SYMBOL        DPH
  D:0085H         SYMBOL        DPH1
  D:0082H         SYMBOL        DPL
  D:0084H         SYMBOL        DPL1
  D:0086H         SYMBOL        DPS
  B:00A8H.7       SYMBOL        EA
  X:E62AH         SYMBOL        ECC1B0
  X:E62BH         SYMBOL        ECC1B1
  X:E62CH         SYMBOL        ECC1B2
  X:E62DH         SYMBOL        ECC2B0
  X:E62EH         SYMBOL        ECC2B1
  X:E62FH         SYMBOL        ECC2B2
  X:E628H         SYMBOL        ECCCFG
  X:E629H         SYMBOL        ECCRESET
  B:00E8H.1       SYMBOL        EI2C
  D:00D8H         SYMBOL        EICON
  D:00E8H         SYMBOL        EIE
  B:00E8H.2       SYMBOL        EIEX4
  B:00E8H.3       SYMBOL        EIEX5
  B:00E8H.4       SYMBOL        EIEX6
  D:00F8H         SYMBOL        EIP
  B:00F8H.2       SYMBOL        EIPX4
  B:00F8H.3       SYMBOL        EIPX5
  B:00F8H.4       SYMBOL        EIPX6
  D:00BAH         SYMBOL        EP01STAT
  X:E68AH         SYMBOL        EP0BCH
  X:E68BH         SYMBOL        EP0BCL
  X:E740H         SYMBOL        EP0BUF
  X:E6A0H         SYMBOL        EP0CS
  X:E68FH         SYMBOL        EP1INBC
  X:E7C0H         SYMBOL        EP1INBUF
  X:E611H         SYMBOL        EP1INCFG
  X:E6A2H         SYMBOL        EP1INCS
  X:E68DH         SYMBOL        EP1OUTBC
  X:E780H         SYMBOL        EP1OUTBUF
  X:E610H         SYMBOL        EP1OUTCFG
  X:E6A1H         SYMBOL        EP1OUTCS
  D:00AAH         SYMBOL        EP2468STAT
  D:00ABH         SYMBOL        EP24FIFOFLGS
  X:E620H         SYMBOL        EP2AUTOINLENH
  X:E621H         SYMBOL        EP2AUTOINLENL
  X:E690H         SYMBOL        EP2BCH
  X:E691H         SYMBOL        EP2BCL
  X:E612H         SYMBOL        EP2CFG
  X:E6A3H         SYMBOL        EP2CS
  X:E6ABH         SYMBOL        EP2FIFOBCH
  X:E6ACH         SYMBOL        EP2FIFOBCL
  X:F000H         SYMBOL        EP2FIFOBUF
  X:E618H         SYMBOL        EP2FIFOCFG
BL51 BANKED LINKER/LOCATER V6.22                                                      08/10/2015  23:47:13  PAGE 38


  X:E6A7H         SYMBOL        EP2FIFOFLGS
  X:E650H         SYMBOL        EP2FIFOIE
  X:E651H         SYMBOL        EP2FIFOIRQ
  X:E630H         SYMBOL        EP2FIFOPFH
  X:E631H         SYMBOL        EP2FIFOPFL
  X:E6D2H         SYMBOL        EP2GPIFFLGSEL
  X:E6D3H         SYMBOL        EP2GPIFPFSTOP
  X:E6D0H         SYMBOL        EP2GPIFTCH
  X:E6D1H         SYMBOL        EP2GPIFTCL
  X:E6D4H         SYMBOL        EP2GPIFTRIG
  X:E640H         SYMBOL        EP2ISOINPKTS
  X:E622H         SYMBOL        EP4AUTOINLENH
  X:E623H         SYMBOL        EP4AUTOINLENL
  X:E694H         SYMBOL        EP4BCH
  X:E695H         SYMBOL        EP4BCL
  X:E613H         SYMBOL        EP4CFG
  X:E6A4H         SYMBOL        EP4CS
  X:E6ADH         SYMBOL        EP4FIFOBCH
  X:E6AEH         SYMBOL        EP4FIFOBCL
  X:F400H         SYMBOL        EP4FIFOBUF
  X:E619H         SYMBOL        EP4FIFOCFG
  X:E6A8H         SYMBOL        EP4FIFOFLGS
  X:E652H         SYMBOL        EP4FIFOIE
  X:E653H         SYMBOL        EP4FIFOIRQ
  X:E632H         SYMBOL        EP4FIFOPFH
  X:E633H         SYMBOL        EP4FIFOPFL
  X:E6DAH         SYMBOL        EP4GPIFFLGSEL
  X:E6DBH         SYMBOL        EP4GPIFPFSTOP
  X:E6D0H         SYMBOL        EP4GPIFTCH
  X:E6D1H         SYMBOL        EP4GPIFTCL
  X:E6DCH         SYMBOL        EP4GPIFTRIG
  X:E641H         SYMBOL        EP4ISOINPKTS
  D:00ACH         SYMBOL        EP68FIFOFLGS
  X:E624H         SYMBOL        EP6AUTOINLENH
  X:E625H         SYMBOL        EP6AUTOINLENL
  X:E698H         SYMBOL        EP6BCH
  X:E699H         SYMBOL        EP6BCL
  X:E614H         SYMBOL        EP6CFG
  X:E6A5H         SYMBOL        EP6CS
  X:E6AFH         SYMBOL        EP6FIFOBCH
  X:E6B0H         SYMBOL        EP6FIFOBCL
  X:F800H         SYMBOL        EP6FIFOBUF
  X:E61AH         SYMBOL        EP6FIFOCFG
  X:E6A9H         SYMBOL        EP6FIFOFLGS
  X:E654H         SYMBOL        EP6FIFOIE
  X:E655H         SYMBOL        EP6FIFOIRQ
  X:E634H         SYMBOL        EP6FIFOPFH
  X:E635H         SYMBOL        EP6FIFOPFL
  X:E6E2H         SYMBOL        EP6GPIFFLGSEL
  X:E6E3H         SYMBOL        EP6GPIFPFSTOP
  X:E6D0H         SYMBOL        EP6GPIFTCH
  X:E6D1H         SYMBOL        EP6GPIFTCL
  X:E6E4H         SYMBOL        EP6GPIFTRIG
  X:E642H         SYMBOL        EP6ISOINPKTS
  X:E626H         SYMBOL        EP8AUTOINLENH
  X:E627H         SYMBOL        EP8AUTOINLENL
  X:E69CH         SYMBOL        EP8BCH
BL51 BANKED LINKER/LOCATER V6.22                                                      08/10/2015  23:47:13  PAGE 39


  X:E69DH         SYMBOL        EP8BCL
  X:E615H         SYMBOL        EP8CFG
  X:E6A6H         SYMBOL        EP8CS
  X:E6B1H         SYMBOL        EP8FIFOBCH
  X:E6B2H         SYMBOL        EP8FIFOBCL
  X:FC00H         SYMBOL        EP8FIFOBUF
  X:E61BH         SYMBOL        EP8FIFOCFG
  X:E6AAH         SYMBOL        EP8FIFOFLGS
  X:E656H         SYMBOL        EP8FIFOIE
  X:E657H         SYMBOL        EP8FIFOIRQ
  X:E636H         SYMBOL        EP8FIFOPFH
  X:E637H         SYMBOL        EP8FIFOPFL
  X:E6EAH         SYMBOL        EP8GPIFFLGSEL
  X:E6EBH         SYMBOL        EP8GPIFPFSTOP
  X:E6D0H         SYMBOL        EP8GPIFTCH
  X:E6D1H         SYMBOL        EP8GPIFTCL
  X:E6ECH         SYMBOL        EP8GPIFTRIG
  X:E643H         SYMBOL        EP8ISOINPKTS
  X:E65EH         SYMBOL        EPIE
  X:E65FH         SYMBOL        EPIRQ
  B:00D8H.5       SYMBOL        ERESI
  X:E664H         SYMBOL        ERRCNTLIM
  C:0AF9H         SYMBOL        ER_END
  B:00A8H.4       SYMBOL        ES0
  B:00A8H.6       SYMBOL        ES1
  B:00A8H.1       SYMBOL        ET0
  B:00A8H.3       SYMBOL        ET1
  B:00A8H.5       SYMBOL        ET2
  B:00E8H.0       SYMBOL        EUSB
  B:00A8H.0       SYMBOL        EX0
  B:00A8H.2       SYMBOL        EX1
  B:00C8H.3       SYMBOL        EXEN2
  B:00C8H.6       SYMBOL        EXF2
  D:0091H         SYMBOL        EXIF
  X:E67BH         SYMBOL        EXTAUTODAT1
  X:E67CH         SYMBOL        EXTAUTODAT2
  B:00D0H.5       SYMBOL        F0
  X:E609H         SYMBOL        FIFOPINPOLAR
  X:E604H         SYMBOL        FIFORESET
  B:00D0H.1       SYMBOL        FL
  X:E6CCH         SYMBOL        FLOWEDGE
  X:E6C8H         SYMBOL        FLOWEQ0CTL
  X:E6C9H         SYMBOL        FLOWEQ1CTL
  X:E6C7H         SYMBOL        FLOWLOGIC
  X:E6C6H         SYMBOL        FLOWSTATE
  X:E6CBH         SYMBOL        FLOWSTB
  X:E6CDH         SYMBOL        FLOWSTBHPERIOD
  X:E687H         SYMBOL        FNADDR
  X:E509H         SYMBOL        GPCR2
  X:E6F5H         SYMBOL        GPIFABORT
  X:E6C4H         SYMBOL        GPIFADRH
  X:E6C5H         SYMBOL        GPIFADRL
  X:E6C3H         SYMBOL        GPIFCTLCFG
  X:E60CH         SYMBOL        GPIFHOLDAMOUNT
  X:E6C1H         SYMBOL        GPIFIDLECS
  X:E6C2H         SYMBOL        GPIFIDLECTL
  X:E660H         SYMBOL        GPIFIE
BL51 BANKED LINKER/LOCATER V6.22                                                      08/10/2015  23:47:13  PAGE 40


  X:E661H         SYMBOL        GPIFIRQ
  X:E6F3H         SYMBOL        GPIFREADYCFG
  X:E6F4H         SYMBOL        GPIFREADYSTAT
  D:00BDH         SYMBOL        GPIFSGLDATH
  D:00BFH         SYMBOL        GPIFSGLDATLNOX
  D:00BEH         SYMBOL        GPIFSGLDATLX
  X:E6D1H         SYMBOL        GPIFTCB0
  X:E6D0H         SYMBOL        GPIFTCB1
  X:E6CFH         SYMBOL        GPIFTCB2
  X:E6CEH         SYMBOL        GPIFTCB3
  D:00BBH         SYMBOL        GPIFTRIG
  X:E6C0H         SYMBOL        GPIFWFSELECT
  X:E400H         SYMBOL        GPIF_WAVE_DATA
  X:E678H         SYMBOL        I2CS
  X:E67AH         SYMBOL        I2CTL
  X:E679H         SYMBOL        I2DAT
  X:E658H         SYMBOL        IBNIE
  X:E659H         SYMBOL        IBNIRQ
  D:00A8H         SYMBOL        IE
  B:0088H.1       SYMBOL        IE0
  B:0088H.3       SYMBOL        IE1
  X:E601H         SYMBOL        IFCONFIG
  X:E648H         SYMBOL        INPKTEND
  D:00A1H         SYMBOL        INT2CLR
  X:E666H         SYMBOL        INT2IVEC
  D:00A2H         SYMBOL        INT4CLR
  X:E667H         SYMBOL        INT4IVEC
  B:00D8H.3       SYMBOL        INT6
  X:E668H         SYMBOL        INTSETUP
  D:0080H         SYMBOL        IOA
  D:0090H         SYMBOL        IOB
  D:00A0H         SYMBOL        IOC
  D:00B0H         SYMBOL        IOD
  D:00B1H         SYMBOL        IOE
  D:00B8H         SYMBOL        IP
  B:0088H.0       SYMBOL        IT0
  B:0088H.2       SYMBOL        IT1
  C:0AF2H         SYMBOL        LOOP
  X:E686H         SYMBOL        MICROFRAME
  D:0092H         SYMBOL        MPAGE
  X:E65AH         SYMBOL        NAKIE
  X:E65BH         SYMBOL        NAKIRQ
  D:00B2H         SYMBOL        OEA
  D:00B3H         SYMBOL        OEB
  D:00B4H         SYMBOL        OEC
  D:00B5H         SYMBOL        OED
  D:00B6H         SYMBOL        OEE
  X:E649H         SYMBOL        OUTPKTEND
  B:00D0H.2       SYMBOL        OV
  B:00D0H.0       SYMBOL        P
  B:0080H.0       SYMBOL        PA0
  B:0080H.1       SYMBOL        PA1
  B:0080H.2       SYMBOL        PA2
  B:0080H.3       SYMBOL        PA3
  B:0080H.4       SYMBOL        PA4
  B:0080H.5       SYMBOL        PA5
  B:0080H.6       SYMBOL        PA6
BL51 BANKED LINKER/LOCATER V6.22                                                      08/10/2015  23:47:13  PAGE 41


  B:0080H.7       SYMBOL        PA7
  B:0090H.0       SYMBOL        PB0
  B:0090H.1       SYMBOL        PB1
  B:0090H.2       SYMBOL        PB2
  B:0090H.3       SYMBOL        PB3
  B:0090H.4       SYMBOL        PB4
  B:0090H.5       SYMBOL        PB5
  B:0090H.6       SYMBOL        PB6
  B:0090H.7       SYMBOL        PB7
  B:00A0H.0       SYMBOL        PC0
  B:00A0H.1       SYMBOL        PC1
  B:00A0H.2       SYMBOL        PC2
  B:00A0H.3       SYMBOL        PC3
  B:00A0H.4       SYMBOL        PC4
  B:00A0H.5       SYMBOL        PC5
  B:00A0H.6       SYMBOL        PC6
  B:00A0H.7       SYMBOL        PC7
  D:0087H         SYMBOL        PCON
  B:00B0H.0       SYMBOL        PD0
  B:00B0H.1       SYMBOL        PD1
  B:00B0H.2       SYMBOL        PD2
  B:00B0H.3       SYMBOL        PD3
  B:00B0H.4       SYMBOL        PD4
  B:00B0H.5       SYMBOL        PD5
  B:00B0H.6       SYMBOL        PD6
  B:00B0H.7       SYMBOL        PD7
  B:00F8H.1       SYMBOL        PI2C
  X:E602H         SYMBOL        PINFLAGSAB
  X:E603H         SYMBOL        PINFLAGSCD
  X:E670H         SYMBOL        PORTACFG
  X:E671H         SYMBOL        PORTCCFG
  X:E672H         SYMBOL        PORTECFG
  B:00B8H.4       SYMBOL        PS0
  B:00B8H.6       SYMBOL        PS1
  D:00D0H         SYMBOL        PSW
  B:00B8H.1       SYMBOL        PT0
  B:00B8H.3       SYMBOL        PT1
  B:00B8H.5       SYMBOL        PT2
  B:00F8H.0       SYMBOL        PUSB
  B:00B8H.0       SYMBOL        PX0
  B:00B8H.2       SYMBOL        PX1
  B:0098H.2       SYMBOL        RB8
  B:00C0H.2       SYMBOL        RB81
  D:00CBH         SYMBOL        RCAP2H
  D:00CAH         SYMBOL        RCAP2L
  B:00C8H.5       SYMBOL        RCLK
  B:0098H.4       SYMBOL        REN
  B:00C0H.4       SYMBOL        REN1
  B:00D8H.4       SYMBOL        RESI
  X:E480H         SYMBOL        RES_WAVEDATA_END
  X:E60BH         SYMBOL        REVCTL
  X:E60AH         SYMBOL        REVID
  B:0098H.0       SYMBOL        RI
  B:00C0H.0       SYMBOL        RI1
  B:00D0H.3       SYMBOL        RS0
  B:00D0H.4       SYMBOL        RS1
  D:0099H         SYMBOL        SBUF0
BL51 BANKED LINKER/LOCATER V6.22                                                      08/10/2015  23:47:13  PAGE 42


  D:00C1H         SYMBOL        SBUF1
  D:0098H         SYMBOL        SCON0
  D:00C0H         SYMBOL        SCON1
  X:E6B8H         SYMBOL        SETUPDAT
  B:0098H.7       SYMBOL        SM0
  B:00C0H.7       SYMBOL        SM01
  B:0098H.6       SYMBOL        SM1
  B:00C0H.6       SYMBOL        SM11
  B:0098H.5       SYMBOL        SM2
  B:00C0H.5       SYMBOL        SM21
  B:00D8H.7       SYMBOL        SMOD1
  D:0081H         SYMBOL        SP
  X:E6B5H         SYMBOL        SUDPTRCTL
  X:E6B3H         SYMBOL        SUDPTRH
  X:E6B4H         SYMBOL        SUDPTRL
  X:E681H         SYMBOL        SUSPEND
  D:00C8H         SYMBOL        T2CON
  B:0098H.3       SYMBOL        TB8
  B:00C0H.3       SYMBOL        TB81
  B:00C8H.4       SYMBOL        TCLK
  D:0088H         SYMBOL        TCON
  X:E6F9H         SYMBOL        TESTCFG
  B:0088H.5       SYMBOL        TF0
  B:0088H.7       SYMBOL        TF1
  B:00C8H.7       SYMBOL        TF2
  D:008CH         SYMBOL        TH0
  D:008DH         SYMBOL        TH1
  D:00CDH         SYMBOL        TH2
  B:0098H.1       SYMBOL        TI
  B:00C0H.1       SYMBOL        TI1
  D:008AH         SYMBOL        TL0
  D:008BH         SYMBOL        TL1
  D:00CCH         SYMBOL        TL2
  D:0089H         SYMBOL        TMOD
  X:E683H         SYMBOL        TOGCTL
  B:0088H.4       SYMBOL        TR0
  B:0088H.6       SYMBOL        TR1
  B:00C8H.2       SYMBOL        TR2
  X:E608H         SYMBOL        UART230
  X:E67DH         SYMBOL        UDMACRCH
  X:E67EH         SYMBOL        UDMACRCL
  X:E67FH         SYMBOL        UDMACRCQUAL
  X:E680H         SYMBOL        USBCS
  X:E662H         SYMBOL        USBERRIE
  X:E663H         SYMBOL        USBERRIRQ
  X:E684H         SYMBOL        USBFRAMEH
  X:E685H         SYMBOL        USBFRAMEL
  X:E65CH         SYMBOL        USBIE
  X:E65DH         SYMBOL        USBIRQ
  X:E6FAH         SYMBOL        USBTEST
  X:E682H         SYMBOL        WAKEUPCS
  X:E6F0H         SYMBOL        XGPIFSGLDATH
  X:E6F2H         SYMBOL        XGPIFSGLDATLNOX
  X:E6F1H         SYMBOL        XGPIFSGLDATLX
  C:0AE9H         LINE#         48
  C:0AEBH         LINE#         49
  C:0AEDH         LINE#         50
BL51 BANKED LINKER/LOCATER V6.22                                                      08/10/2015  23:47:13  PAGE 43


  C:0AF0H         LINE#         51
  C:0AF2H         LINE#         53
  C:0AF3H         LINE#         54
  C:0AF5H         LINE#         55
  C:0AF7H         LINE#         56
  C:0AF9H         LINE#         58
  -------         ENDMOD        DELAY1MS

  -------         MODULE        USBJMPTBL
  C:0600H         SEGMENT       ?PR?USB_JUMP_TABLE?USBJT
  N:0045H         PUBLIC        USB_INT2AUTOVECTOR
  N:0055H         PUBLIC        USB_INT4AUTOVECTOR
  C:0600H         PUBLIC        USB_JUMP_TABLE
  N:0000H         SYMBOL        USBJMPTBL
  C:0043H         LINE#         49
  C:0053H         LINE#         53
  C:0600H         LINE#         61
  C:0604H         LINE#         63
  C:0608H         LINE#         65
  C:060CH         LINE#         67
  C:0610H         LINE#         69
  C:0614H         LINE#         71
  C:0618H         LINE#         73
  C:061CH         LINE#         75
  C:0620H         LINE#         77
  C:0624H         LINE#         79
  C:0628H         LINE#         81
  C:062CH         LINE#         83
  C:0630H         LINE#         85
  C:0634H         LINE#         87
  C:0638H         LINE#         89
  C:063CH         LINE#         91
  C:0640H         LINE#         93
  C:0644H         LINE#         95
  C:0648H         LINE#         97
  C:064CH         LINE#         99
  C:0650H         LINE#         101
  C:0654H         LINE#         103
  C:0658H         LINE#         105
  C:065CH         LINE#         107
  C:0660H         LINE#         109
  C:0664H         LINE#         111
  C:0668H         LINE#         113
  C:066CH         LINE#         115
  C:0670H         LINE#         117
  C:0674H         LINE#         119
  C:0678H         LINE#         121
  C:067CH         LINE#         123
  C:0680H         LINE#         126
  C:0684H         LINE#         128
  C:0688H         LINE#         130
  C:068CH         LINE#         132
  C:0690H         LINE#         134
  C:0694H         LINE#         136
  C:0698H         LINE#         138
  C:069CH         LINE#         140
  C:06A0H         LINE#         142
BL51 BANKED LINKER/LOCATER V6.22                                                      08/10/2015  23:47:13  PAGE 44


  C:06A4H         LINE#         144
  C:06A8H         LINE#         146
  C:06ACH         LINE#         148
  C:06B0H         LINE#         150
  C:06B4H         LINE#         152
  -------         ENDMOD        USBJMPTBL

  -------         MODULE        ?C?CLDPTR
  C:073DH         PUBLIC        ?C?CLDPTR
  -------         ENDMOD        ?C?CLDPTR

  -------         MODULE        ?C?CLDOPTR
  C:0756H         PUBLIC        ?C?CLDOPTR
  -------         ENDMOD        ?C?CLDOPTR

  -------         MODULE        ?C?CSTOPTR
  C:0783H         PUBLIC        ?C?CSTOPTR
  -------         ENDMOD        ?C?CSTOPTR

  -------         MODULE        ?C?ULCMP
  C:07A5H         PUBLIC        ?C?ULCMP
  -------         ENDMOD        ?C?ULCMP

  -------         MODULE        ?C_IBP
  D:001DH         PUBLIC        ?C_IBP
  -------         ENDMOD        ?C_IBP

*** WARNING L16: UNCALLED SEGMENT, IGNORED FOR OVERLAY PROCESS
    SEGMENT: ?PR?FX2LPSERIAL_INIT?FX2LPSERIAL

*** WARNING L16: UNCALLED SEGMENT, IGNORED FOR OVERLAY PROCESS
    SEGMENT: ?PR?_FX2LPSERIAL_XMITHEX4?FX2LPSERIAL

*** WARNING L16: UNCALLED SEGMENT, IGNORED FOR OVERLAY PROCESS
    SEGMENT: ?PR?_EZUSB_READI2C?I2C_RW

Program Size: data=59.5 xdata=4497 code=3168
LINK/LOCATE RUN COMPLETE.  3 WARNING(S),  0 ERROR(S)
